 ALCrypto3NET

 Timestamp is 49b6ec32 (Tue Mar 10 18:39:46 2009)

 Preferred load address is 10000000

 Start         Length     Name                   Class
 0001:00000000 00053d6cH .text                   CODE
 0001:00053d70 000002d3H .text$x                 CODE
 0002:00000000 000001f0H .idata$5                DATA
 0002:000001f0 00000004H .CRT$XCA                DATA
 0002:000001f4 00000004H .CRT$XCZ                DATA
 0002:000001f8 00000004H .CRT$XIA                DATA
 0002:000001fc 00000010H .CRT$XIC                DATA
 0002:0000020c 00000004H .CRT$XIZ                DATA
 0002:00000210 00000004H .CRT$XPA                DATA
 0002:00000214 00000008H .CRT$XPX                DATA
 0002:0000021c 00000004H .CRT$XPXA               DATA
 0002:00000220 00000004H .CRT$XPZ                DATA
 0002:00000224 00000004H .CRT$XTA                DATA
 0002:00000228 00000004H .CRT$XTZ                DATA
 0002:00000230 00011620H .rdata                  DATA
 0002:00011850 0000005bH .rdata$debug            DATA
 0002:000118ac 000001c4H .rdata$r                DATA
 0002:00011a70 0000006cH .rdata$sxdata           DATA
 0002:00011adc 00000004H .rtc$IAA                DATA
 0002:00011ae0 0000003cH .rtc$IMZ                DATA
 0002:00011b1c 00000004H .rtc$IZZ                DATA
 0002:00011b20 00000004H .rtc$TAA                DATA
 0002:00011b24 0000003cH .rtc$TMZ                DATA
 0002:00011b60 00000004H .rtc$TZZ                DATA
 0002:00011b68 0000139cH .xdata$x                DATA
 0002:00012f04 0000003cH .idata$2                DATA
 0002:00012f40 00000014H .idata$3                DATA
 0002:00012f54 000001f0H .idata$4                DATA
 0002:00013144 000008c4H .idata$6                DATA
 0002:00013a10 000001adH .edata                  DATA
 0003:00000000 000011e0H .data                   DATA
 0003:000011e0 00002ea4H .bss                    DATA
 0004:00000000 00000058H .rsrc$01                DATA
 0004:00000060 00000338H .rsrc$02                DATA

  Address         Publics by Value              Rva+Base       Lib:Object

 0000:00000000       __except_list              00000000     <absolute>
 0000:0000001b       ___safe_se_handler_count   0000001b     <absolute>
 0000:00000000       ___ImageBase               10000000     <linker-defined>
 0001:00000000       _InitALCrypto@12           10001000 f   alcrypto3.obj
 0001:000000b0       _rsa_get_public_blob@12    100010b0 f   alcrypto3.obj
 0001:00000160       _rsa_generate@16           10001160 f   alcrypto3.obj
 0001:00000210       _rsa_generate2@8           10001210 f   alcrypto3.obj
 0001:000002b0       _rsa_encrypt@16            100012b0 f   alcrypto3.obj
 0001:00000360       _rsa_decrypt@16            10001360 f   alcrypto3.obj
 0001:00000410       _rsa_public_key_blob@12    10001410 f   alcrypto3.obj
 0001:000004c0       _rsa_private_key_blob@12   100014c0 f   alcrypto3.obj
 0001:00000570       _rsa_createkey@20          10001570 f   alcrypto3.obj
 0001:00000620       _rsa_sign@20               10001620 f   alcrypto3.obj
 0001:000006d0       _rsa_verifysig@20          100016d0 f   alcrypto3.obj
 0001:00000780       _rsa_freekey@4             10001780 f   alcrypto3.obj
 0001:00000820       _md5_hash@12               10001820 f   alcrypto3.obj
 0001:000008d0       _getHardDriveFirmware@4    100018d0 f   alcrypto3.obj
 0001:00000970       _GetWindowsVersion@0       10001970 f   alcrypto3.obj
 0001:00000a10       _DllMain@12                10001a10 f   alcrypto3.obj
 0001:00000a30       _bn_restore_invariant      10001a30 f   bignum.obj
 0001:00000a70       _copybn                    10001a70 f   bignum.obj
 0001:00000ad0       _freebn                    10001ad0 f   bignum.obj
 0001:00000b10       _bn_power_2                10001b10 f   bignum.obj
 0001:00000bc0       _modpow                    10001bc0 f   bignum.obj
 0001:00001530       _modmul                    10002530 f   bignum.obj
 0001:00001a30       _decbn                     10002a30 f   bignum.obj
 0001:00001aa0       _bignum_from_bytes         10002aa0 f   bignum.obj
 0001:00001bb0       _bignum_to_bytes           10002bb0 f   bignum.obj
 0001:00001c30       _ssh1_read_bignum          10002c30 f   bignum.obj
 0001:00001ce0       _bignum_bitcount           10002ce0 f   bignum.obj
 0001:00001d70       _ssh1_bignum_length        10002d70 f   bignum.obj
 0001:00001da0       _bignum_byte               10002da0 f   bignum.obj
 0001:00001df0       _bignum_bit                10002df0 f   bignum.obj
 0001:00001e40       _bignum_set_bit            10002e40 f   bignum.obj
 0001:00001ee0       _ssh1_write_bignum         10002ee0 f   bignum.obj
 0001:00001fa0       _bignum_cmp                10002fa0 f   bignum.obj
 0001:00002080       _bignum_rshift             10003080 f   bignum.obj
 0001:000021b0       _bigmuladd                 100031b0 f   bignum.obj
 0001:00002460       _bigmul                    10003460 f   bignum.obj
 0001:00002480       _bignum_from_long          10003480 f   bignum.obj
 0001:00002500       _bignum_add_long           10003500 f   bignum.obj
 0001:00002600       _bignum_mod_short          10003600 f   bignum.obj
 0001:00002680       _diagbn                    10003680 f   bignum.obj
 0001:000027a0       _modinv                    100037a0 f   bignum.obj
 0001:00002dd0       _ALGetHardDriveFirmware@4  10003dd0 f   diskid32.obj
 0001:00003900       _AL_md5_hash@12            10004900 f   md5.obj
 0001:00003a20       _MD5Init                   10004a20 f   md5.obj
 0001:00003a90       _MD5Update                 10004a90 f   md5.obj
 0001:00004ed0       _MD5Final                  10005ed0 f   md5.obj
 0001:000050b0       _ALInitALCrypto@12         100060b0 f   memory.obj
 0001:000050e0       _cleanup_exit              100060e0 f   memory.obj
 0001:00005130       _safemalloc                10006130 f   memory.obj
 0001:00005210       _saferealloc               10006210 f   memory.obj
 0001:00005300       _safefree                  10006300 f   memory.obj
 0001:00005320       _base64_encode_atom        10006320 f   misc.obj
 0001:000053e0       _base64_decode_atom        100063e0 f   misc.obj
 0001:000055b0       _bufchain_init             100065b0 f   misc.obj
 0001:000055e0       _bufchain_clear            100065e0 f   misc.obj
 0001:00005640       _bufchain_size             10006640 f   misc.obj
 0001:00005650       _bufchain_add              10006650 f   misc.obj
 0001:000057e0       _bufchain_consume          100067e0 f   misc.obj
 0001:000058e0       _bufchain_prefix           100068e0 f   misc.obj
 0001:00005910       _bufchain_fetch            10006910 f   misc.obj
 0001:00005a00       _dprintf                   10006a00 f   misc.obj
 0001:00005bb0       _debug_memdump             10006bb0 f   misc.obj
 0001:00005da0       _noise_get_heavy           10006da0 f   noise.obj
 0001:00005f30       _noise_get_light           10006f30 f   noise.obj
 0001:00006050       _noise_regular             10007050 f   noise.obj
 0001:00006230       _noise_ultralight          10007230 f   noise.obj
 0001:00006300       _read_random_seed          10007300 f   noise.obj
 0001:000065d0       _write_random_seed         100075d0 f   noise.obj
 0001:00006740       _GetPortVal                10007740 f   port32.obj
 0001:00006aa0       _SetPortVal                10007aa0 f   port32.obj
 0001:00006bd0       _primegen                  10007bd0 f   prime.obj
 0001:00007370       _primegen2                 10008370 f   prime.obj
 0001:00007ac0       _random_add_noise          10008ac0 f   rand.obj
 0001:00007da0       _random_init               10008da0 f   rand.obj
 0001:00007ee0       _random_byte               10008ee0 f   rand.obj
 0001:00007f30       _random_get_savedata       10008f30 f   rand.obj
 0001:00007f90       _AL_rsa_get_public_blob@12 10008f90 f   rsa.obj
 0001:00008100       _AL_rsa_encrypt@16         10009100 f   rsa.obj
 0001:00008240       _AL_rsa_decrypt@16         10009240 f   rsa.obj
 0001:00008330       _AL_rsa_public_key_blob@12 10009330 f   rsa.obj
 0001:000087a0       _AL_rsa_private_key_blob@12 100097a0 f   rsa.obj
 0001:00008be0       _AL_rsa_createkey@20       10009be0 f   rsa.obj
 0001:00009110       _AL_rsa_freekey@4          1000a110 f   rsa.obj
 0001:000091a0       _AL_rsa_sign@20            1000a1a0 f   rsa.obj
 0001:000094b0       _AL_rsa_verifysig@20       1000a4b0 f   rsa.obj
 0001:00009750       _AL_rsa_generate@16        1000a750 f   rsag.obj
 0001:00009a40       _AL_rsa_generate2@8        1000aa40 f   rsag.obj
 0001:00009be0       _SHATransform              1000abe0 f   sha.obj
 0001:0000a0a0       _SHA_Simple                1000b0a0 f   sha.obj
 0001:0000a570       _ALGetWindowsVersion       1000b570 f   WindowsVersion.obj
 0001:0000a8b0       _InitializeWinIo           1000b8b0 f   winio.obj
 0001:0000aa70       _ShutdownWinIo             1000ba70 f   winio.obj
 0001:0000aa80       ?strrchr@@YAPADPADH@Z      1000ba80 f i winio.obj
 0001:0000aa9c       _CloseHandle@4             1000ba9c f   kernel32:KERNEL32.dll
 0001:0000aaa2       _DeviceIoControl@32        1000baa2 f   kernel32:KERNEL32.dll
 0001:0000aaa8       _CreateFileA@28            1000baa8 f   kernel32:KERNEL32.dll
 0001:0000aaae       _WriteFile@20              1000baae f   kernel32:KERNEL32.dll
 0001:0000aab4       _GetStdHandle@4            1000bab4 f   kernel32:KERNEL32.dll
 0001:0000aaba       _AllocConsole@0            1000baba f   kernel32:KERNEL32.dll
 0001:0000aac0       _GetProcAddress@8          1000bac0 f   kernel32:KERNEL32.dll
 0001:0000aac6       _GetModuleHandleA@4        1000bac6 f   kernel32:KERNEL32.dll
 0001:0000aacc       _FindClose@4               1000bacc f   kernel32:KERNEL32.dll
 0001:0000aad2       _FindNextFileA@8           1000bad2 f   kernel32:KERNEL32.dll
 0001:0000aad8       _FindFirstFileA@8          1000bad8 f   kernel32:KERNEL32.dll
 0001:0000aade       _GetWindowsDirectoryA@8    1000bade f   kernel32:KERNEL32.dll
 0001:0000aae4       _GetSystemTimeAdjustment@12 1000bae4 f   kernel32:KERNEL32.dll
 0001:0000aaea       _GetSystemTime@4           1000baea f   kernel32:KERNEL32.dll
 0001:0000aaf0       _GetProcessTimes@20        1000baf0 f   kernel32:KERNEL32.dll
 0001:0000aaf6       _GetCurrentProcess@0       1000baf6 f   kernel32:KERNEL32.dll
 0001:0000aafc       _GetThreadTimes@20         1000bafc f   kernel32:KERNEL32.dll
 0001:0000ab02       _GetCurrentThread@0        1000bb02 f   kernel32:KERNEL32.dll
 0001:0000ab08       _GlobalMemoryStatus@4      1000bb08 f   kernel32:KERNEL32.dll
 0001:0000ab0e       _QueryPerformanceCounter@4 1000bb0e f   kernel32:KERNEL32.dll
 0001:0000ab14       _GetTickCount@0            1000bb14 f   kernel32:KERNEL32.dll
 0001:0000ab1a       _ReadFile@20               1000bb1a f   kernel32:KERNEL32.dll
 0001:0000ab20       _GetEnvironmentVariableA@12 1000bb20 f   kernel32:KERNEL32.dll
 0001:0000ab26       _lstrcmpiA@8               1000bb26 f   kernel32:KERNEL32.dll
 0001:0000ab2c       _GetVersionExA@4           1000bb2c f   kernel32:KERNEL32.dll
 0001:0000ab32       _GetModuleFileNameA@12     1000bb32 f   kernel32:KERNEL32.dll
 0001:0000ab38       _MessageBoxA@16            1000bb38 f   user32:USER32.dll
 0001:0000ab3e       _GetCursorPos@4            1000bb3e f   user32:USER32.dll
 0001:0000ab44       _GetQueueStatus@4          1000bb44 f   user32:USER32.dll
 0001:0000ab4a       _GetClipboardOwner@0       1000bb4a f   user32:USER32.dll
 0001:0000ab50       _GetCapture@0              1000bb50 f   user32:USER32.dll
 0001:0000ab56       _GetForegroundWindow@0     1000bb56 f   user32:USER32.dll
 0001:0000ab5c       _RegCloseKey@4             1000bb5c f   advapi32:ADVAPI32.dll
 0001:0000ab62       _RegQueryValueExA@24       1000bb62 f   advapi32:ADVAPI32.dll
 0001:0000ab68       _RegOpenKeyA@12            1000bb68 f   advapi32:ADVAPI32.dll
 0001:0000ab6e       _RegOpenKeyExA@20          1000bb6e f   advapi32:ADVAPI32.dll
 0001:0000ab80       ?_JumpToContinuation@@YGXPAXPAUEHRegistrationNode@@@Z 1000bb80 f   LIBCMTD:_trnsctrl_.obj
 0001:0000abc0       ?_CallMemberFunction0@@YGXPAX0@Z 1000bbc0 f   LIBCMTD:_trnsctrl_.obj
 0001:0000abd0       ?_CallMemberFunction1@@YGXPAX00@Z 1000bbd0 f   LIBCMTD:_trnsctrl_.obj
 0001:0000abe0       ?_CallMemberFunction2@@YGXPAX00H@Z 1000bbe0 f   LIBCMTD:_trnsctrl_.obj
 0001:0000abf0       ?_UnwindNestedFrames@@YGXPAUEHRegistrationNode@@PAUEHExceptionRecord@@@Z 1000bbf0 f   LIBCMTD:_trnsctrl_.obj
 0001:0000ac50       ___CxxFrameHandler         1000bc50 f   LIBCMTD:_trnsctrl_.obj
 0001:0000ac90       ___CxxFrameHandler3        1000bc90 f   LIBCMTD:_trnsctrl_.obj
 0001:0000acd0       ___CxxFrameHandler2        1000bcd0 f   LIBCMTD:_trnsctrl_.obj
 0001:0000ad10       ___CxxLongjmpUnwind@4      1000bd10 f   LIBCMTD:_trnsctrl_.obj
 0001:0000ad40       ?_CallCatchBlock2@@YAPAXPAUEHRegistrationNode@@PBU_s_FuncInfo@@PAXHK@Z 1000bd40 f   LIBCMTD:_trnsctrl_.obj
 0001:0000ae00       ?_CallSETranslator@@YAHPAUEHExceptionRecord@@PAUEHRegistrationNode@@PAX2PBU_s_FuncInfo@@H1@Z 1000be00 f   LIBCMTD:_trnsctrl_.obj
 0001:0000afa0       ?_GetRangeOfTrysToCheck@@YAPBU_s_TryBlockMapEntry@@PBU_s_FuncInfo@@HHPAI1@Z 1000bfa0 f   LIBCMTD:_trnsctrl_.obj
 0001:0000b020       __CreateFrameInfo          1000c020 f   LIBCMTD:_trnsctrl_.obj
 0001:0000b050       __IsExceptionObjectToBeDestroyed 1000c050 f   LIBCMTD:_trnsctrl_.obj
 0001:0000b080       __FindAndUnlinkFrame       1000c080 f   LIBCMTD:_trnsctrl_.obj
 0001:0000b0e0       @__security_check_cookie@4 1000c0e0 f   LIBCMTD:secchk.obj
 0001:0000b0f0       __RTC_CheckEsp             1000c0f0 f   LIBCMTD:_stack_.obj
 0001:0000b120       @_RTC_CheckStackVars@8     1000c120 f   LIBCMTD:_stack_.obj
 0001:0000b180       @_RTC_AllocaHelper@12      1000c180 f   LIBCMTD:_stack_.obj
 0001:0000b1c0       @_RTC_CheckStackVars2@12   1000c1c0 f   LIBCMTD:_stack_.obj
 0001:0000b2a0       __RTC_InitBase             1000c2a0 f   LIBCMTD:_init_.obj
 0001:0000b2d0       __RTC_Shutdown             1000c2d0 f   LIBCMTD:_init_.obj
 0001:0000b2f0       __CxxThrowException@8      1000c2f0 f   LIBCMTD:throw.obj
 0001:0000b350       _memcpy                    1000c350 f   LIBCMTD:memcpy.obj
 0001:0000b6c0       _abort                     1000c6c0 f   LIBCMTD:abort.obj
 0001:0000b800       __set_abort_behavior       1000c800 f   LIBCMTD:abort.obj
 0001:0000b830       _memset                    1000c830 f   LIBCMTD:memset.obj
 0001:0000b8b0       ?name@type_info@@QBEPBDPAU__type_info_node@@@Z 1000c8b0 f   LIBCMTD:typinfo.obj
 0001:0000b8d0       ??1type_info@@UAE@XZ       1000c8d0 f   LIBCMTD:typinfo.obj
 0001:0000b900       ??_Gtype_info@@UAEPAXI@Z   1000c900 f i LIBCMTD:typinfo.obj
 0001:0000b900       ??_Etype_info@@UAEPAXI@Z   1000c900 f i LIBCMTD:typinfo.obj
 0001:0000b930       ?_name_internal_method@type_info@@QBEPBDPAU__type_info_node@@@Z 1000c930 f   LIBCMTD:typinfo.obj
 0001:0000b950       ?_type_info_dtor_internal_method@type_info@@QAEXXZ 1000c950 f   LIBCMTD:typinfo.obj
 0001:0000b970       ??8type_info@@QBE_NABV0@@Z 1000c970 f   LIBCMTD:typinfo.obj
 0001:0000b9a0       ??9type_info@@QBE_NABV0@@Z 1000c9a0 f   LIBCMTD:typinfo.obj
 0001:0000b9d0       ?before@type_info@@QBEHABV1@@Z 1000c9d0 f   LIBCMTD:typinfo.obj
 0001:0000ba00       ?raw_name@type_info@@QBEPBDXZ 1000ca00 f   LIBCMTD:typinfo.obj
 0001:0000ba20       ??0type_info@@AAE@ABV0@@Z  1000ca20 f   LIBCMTD:typinfo.obj
 0001:0000ba40       ??4type_info@@AAEAAV0@ABV0@@Z 1000ca40 f   LIBCMTD:typinfo.obj
 0001:0000ba60       _strncpy                   1000ca60 f   LIBCMTD:strncpy.obj
 0001:0000bb90       _strcpy                    1000cb90 f   LIBCMTD:strcat.obj
 0001:0000bba0       _strcat                    1000cba0 f   LIBCMTD:strcat.obj
 0001:0000bc90       _sprintf                   1000cc90 f   LIBCMTD:sprintf.obj
 0001:0000be10       __sprintf_l                1000ce10 f   LIBCMTD:sprintf.obj
 0001:0000be40       _sprintf_s                 1000ce40 f   LIBCMTD:sprintf.obj
 0001:0000be70       __sprintf_s_l              1000ce70 f   LIBCMTD:sprintf.obj
 0001:0000bea0       __snprintf_s               1000cea0 f   LIBCMTD:sprintf.obj
 0001:0000bed0       __snprintf_s_l             1000ced0 f   LIBCMTD:sprintf.obj
 0001:0000bf00       __sprintf_p                1000cf00 f   LIBCMTD:sprintf.obj
 0001:0000bf30       __sprintf_p_l              1000cf30 f   LIBCMTD:sprintf.obj
 0001:0000bf60       __scprintf                 1000cf60 f   LIBCMTD:sprintf.obj
 0001:0000bf80       __scprintf_p               1000cf80 f   LIBCMTD:sprintf.obj
 0001:0000bfa0       __scprintf_l               1000cfa0 f   LIBCMTD:sprintf.obj
 0001:0000bfd0       __scprintf_p_l             1000cfd0 f   LIBCMTD:sprintf.obj
 0001:0000c000       _strlen                    1000d000 f   LIBCMTD:strlen.obj
 0001:0000c090       __crt_waiting_on_module_handle 1000d090 f   LIBCMTD:crt0dat.obj
 0001:0000c0f0       __cinit                    1000d0f0 f   LIBCMTD:crt0dat.obj
 0001:0000c190       _exit                      1000d190 f   LIBCMTD:crt0dat.obj
 0001:0000c1b0       __exit                     1000d1b0 f   LIBCMTD:crt0dat.obj
 0001:0000c1d0       __cexit                    1000d1d0 f   LIBCMTD:crt0dat.obj
 0001:0000c1f0       __c_exit                   1000d1f0 f   LIBCMTD:crt0dat.obj
 0001:0000c210       __amsg_exit                1000d210 f   LIBCMTD:crt0dat.obj
 0001:0000c250       ___freeCrtMemory           1000d250 f   LIBCMTD:crt0dat.obj
 0001:0000c5a0       ___crtCorExitProcess       1000d5a0 f   LIBCMTD:crt0dat.obj
 0001:0000c5e0       ___crtExitProcess          1000d5e0 f   LIBCMTD:crt0dat.obj
 0001:0000c600       __lockexit                 1000d600 f   LIBCMTD:crt0dat.obj
 0001:0000c620       __unlockexit               1000d620 f   LIBCMTD:crt0dat.obj
 0001:0000c640       __init_pointers            1000d640 f   LIBCMTD:crt0dat.obj
 0001:0000c700       __initterm_e               1000d700 f   LIBCMTD:crt0dat.obj
 0001:0000c740       __get_wpgmptr              1000d740 f   LIBCMTD:crt0dat.obj
 0001:0000c830       __get_pgmptr               1000d830 f   LIBCMTD:crt0dat.obj
 0001:0000c920       _malloc                    1000d920 f   LIBCMTD:dbgmalloc.obj
 0001:0000c950       _realloc                   1000d950 f   LIBCMTD:dbgrealloc.obj
 0001:0000c980       _free                      1000d980 f   LIBCMTD:dbgfree.obj
 0001:0000c9a0       __wassert                  1000d9a0 f   LIBCMTD:wassert.obj
 0001:0000d530       __invoke_watson_if_error   1000e530 f i LIBCMTD:wassert.obj
 0001:0000d5a0       __vsprintf_l               1000e5a0 f   LIBCMTD:vsprintf.obj
 0001:0000d720       _vsprintf                  1000e720 f   LIBCMTD:vsprintf.obj
 0001:0000d740       __vscprintf_helper         1000e740 f   LIBCMTD:vsprintf.obj
 0001:0000d800       __vscprintf                1000e800 f   LIBCMTD:vsprintf.obj
 0001:0000d820       __vscprintf_l              1000e820 f   LIBCMTD:vsprintf.obj
 0001:0000d840       __vscprintf_p              1000e840 f   LIBCMTD:vsprintf.obj
 0001:0000d860       __vscprintf_p_l            1000e860 f   LIBCMTD:vsprintf.obj
 0001:0000d880       _fflush                    1000e880 f   LIBCMTD:fflush.obj
 0001:0000d920       __fflush_nolock            1000e920 f   LIBCMTD:fflush.obj
 0001:0000d980       __flush                    1000e980 f   LIBCMTD:fflush.obj
 0001:0000da40       __flushall                 1000ea40 f   LIBCMTD:fflush.obj
 0001:0000dc10       _fputs                     1000ec10 f   LIBCMTD:fputs.obj
 0001:0000deb0       __fsopen                   1000eeb0 f   LIBCMTD:fopen.obj
 0001:0000e0c0       _fopen                     1000f0c0 f   LIBCMTD:fopen.obj
 0001:0000e0e0       _fopen_s                   1000f0e0 f   LIBCMTD:fopen.obj
 0001:0000e180       __chkstk                   1000f180 f   LIBCMTD:chkstk.obj
 0001:0000e180       __alloca_probe             1000f180     LIBCMTD:chkstk.obj
 0001:0000e1b0       _DebuggerKnownHandle       1000f1b0 f   LIBCMTD:_error_.obj
 0001:0000e270       ?_RTC_Failure@@YAXPAXH@Z   1000f270 f   LIBCMTD:_error_.obj
 0001:0000e580       ?_RTC_StackFailure@@YAXPAXPBD@Z 1000f580 f   LIBCMTD:_error_.obj
 0001:0000e680       ?_RTC_AllocaFailure@@YAXPAXPAU_RTC_ALLOCA_NODE@@H@Z 1000f680 f   LIBCMTD:_error_.obj
 0001:0000e830       __RTC_UninitUse            1000f830 f   LIBCMTD:_error_.obj
 0001:0000e920       _memcmp                    1000f920 f   LIBCMTD:memcmp.obj
 0001:0000f390       _strrchr                   10010390 f   LIBCMTD:strrchr.obj
 0001:0000f3c0       __CRT_INIT@12              100103c0 f   LIBCMTD:dllcrt0.obj
 0001:0000f590       __DllMainCRTStartup@12     10010590 f   LIBCMTD:dllcrt0.obj
 0001:0000f780       ___InternalCxxFrameHandler 10010780 f   LIBCMTD:frame.obj
 0001:0000fd80       ??0bad_exception@std@@QAE@PBD@Z 10010d80 f i LIBCMTD:frame.obj
 0001:0000fdb0       ??1bad_exception@std@@UAE@XZ 10010db0 f i LIBCMTD:frame.obj
 0001:0000fdd0       ??_Ebad_exception@std@@UAEPAXI@Z 10010dd0 f i LIBCMTD:frame.obj
 0001:0000fdd0       ??_Gbad_exception@std@@UAEPAXI@Z 10010dd0 f i LIBCMTD:frame.obj
 0001:0000fe00       ??0bad_exception@std@@QAE@ABV01@@Z 10010e00 f i LIBCMTD:frame.obj
 0001:0000ffb0       ___TypeMatch               10010fb0 f   LIBCMTD:frame.obj
 0001:00010060       ___FrameUnwindFilter       10011060 f   LIBCMTD:frame.obj
 0001:000100e0       ___FrameUnwindToState      100110e0 f   LIBCMTD:frame.obj
 0001:00010620       ___BuildCatchObjectHelper  10011620 f   LIBCMTD:frame.obj
 0001:00010890       ___BuildCatchObject        10011890 f   LIBCMTD:frame.obj
 0001:000109a0       ___DestructExceptionObject 100119a0 f   LIBCMTD:frame.obj
 0001:00010a50       ___AdjustPointer           10011a50 f   LIBCMTD:frame.obj
 0001:00010aa0       ?__uncaught_exception@@YA_NXZ 10011aa0 f   LIBCMTD:frame.obj
 0001:00010ac0       ___CxxExceptionFilter      10011ac0 f   LIBCMTD:frame.obj
 0001:00010cb0       ___CxxRegisterExceptionObject 10011cb0 f   LIBCMTD:frame.obj
 0001:00010de0       ___CxxDetectRethrow        10011de0 f   LIBCMTD:frame.obj
 0001:00010e70       ___CxxUnregisterExceptionObject 10011e70 f   LIBCMTD:frame.obj
 0001:00010ff0       ___CxxQueryExceptionSize   10011ff0 f   LIBCMTD:frame.obj
 0001:00011000       ___CxxCallUnwindDtor       10012000 f   LIBCMTD:frame.obj
 0001:00011080       ___CxxCallUnwindDelDtor    10012080 f   LIBCMTD:frame.obj
 0001:00011100       ___CxxCallUnwindStdDelDtor 10012100 f   LIBCMTD:frame.obj
 0001:00011180       ___CxxCallUnwindVecDtor    10012180 f   LIBCMTD:frame.obj
 0001:000113b0       ?_is_exception_typeof@@YAHABVtype_info@@PAU_EXCEPTION_POINTERS@@@Z 100123b0 f   LIBCMTD:frame.obj
 0001:00011490       __CallSettingFrame@12      10012490 f   LIBCMTD:lowhelpr.obj
 0001:000114b7       __NLG_Return               100124b7     LIBCMTD:lowhelpr.obj
 0001:000114e0       __encode_pointer           100124e0 f   LIBCMTD:tidtable.obj
 0001:00011580       __crt_wait_module_handle   10012580 f i LIBCMTD:tidtable.obj
 0001:000115b0       __encoded_null             100125b0 f   LIBCMTD:tidtable.obj
 0001:000115d0       __decode_pointer           100125d0 f   LIBCMTD:tidtable.obj
 0001:00011670       ___crtTlsAlloc@4           10012670 f   LIBCMTD:tidtable.obj
 0001:00011680       ___fls_getvalue@4          10012680 f   LIBCMTD:tidtable.obj
 0001:000116a0       ___get_flsindex            100126a0 f   LIBCMTD:tidtable.obj
 0001:000116b0       ___set_flsgetvalue         100126b0 f   LIBCMTD:tidtable.obj
 0001:00011700       ___fls_setvalue@8          10012700 f   LIBCMTD:tidtable.obj
 0001:00011730       __mtinit                   10012730 f   LIBCMTD:tidtable.obj
 0001:00011940       __mtterm                   10012940 f   LIBCMTD:tidtable.obj
 0001:000119a0       __initptd                  100129a0 f   LIBCMTD:tidtable.obj
 0001:00011b00       __getptd_noexit            10012b00 f   LIBCMTD:tidtable.obj
 0001:00011bc0       __getptd                   10012bc0 f   LIBCMTD:tidtable.obj
 0001:00011bf0       __freefls@4                10012bf0 f   LIBCMTD:tidtable.obj
 0001:00011e00       __freeptd                  10012e00 f   LIBCMTD:tidtable.obj
 0001:00011e80       ___threadid                10012e80 f   LIBCMTD:tidtable.obj
 0001:00011e90       ___threadhandle            10012e90 f   LIBCMTD:tidtable.obj
 0001:00011ea0       __initp_eh_hooks           10012ea0 f   LIBCMTD:hooks.obj
 0001:00011ec0       ?terminate@@YAXXZ          10012ec0 f   LIBCMTD:hooks.obj
 0001:00011f40       ?unexpected@@YAXXZ         10012f40 f   LIBCMTD:hooks.obj
 0001:00011f70       ?_inconsistency@@YAXXZ     10012f70 f   LIBCMTD:hooks.obj
 0001:00012000       ___report_gsfailure        10013000 f   LIBCMTD:gs_report.obj
 0001:00012110       __RTC_NumErrors            10013110 f   LIBCMTD:_userapi_.obj
 0001:00012120       __RTC_GetErrDesc           10013120 f   LIBCMTD:_userapi_.obj
 0001:00012140       __RTC_SetErrorType         10013140 f   LIBCMTD:_userapi_.obj
 0001:00012170       __RTC_SetErrorFunc         10013170 f   LIBCMTD:_userapi_.obj
 0001:00012190       __RTC_SetErrorFuncW        10013190 f   LIBCMTD:_userapi_.obj
 0001:000121b0       ?_RTC_GetErrorFunc@@YAP6AHHPBDH00ZZPBX@Z 100131b0 f   LIBCMTD:_userapi_.obj
 0001:000121c0       ?_RTC_GetErrorFuncW@@YAP6AHHPB_WH00ZZPBX@Z 100131c0 f   LIBCMTD:_userapi_.obj
 0001:000121d0       __chkesp                   100131d0 f   LIBCMTD:chkesp.obj
 0001:00012210       __CRT_RTC_INIT             10013210 f   LIBCMTD:chkesp.obj
 0001:00012220       __CRT_RTC_INITW            10013220 f   LIBCMTD:chkesp.obj
 0001:00012230       __VEC_memcpy               10013230 f   LIBCMTD:p4_memcpy.obj
 0001:000123b0       __get_sse2_info            100133b0 f   LIBCMTD:cpu_disp.obj
 0001:000124e0       ___sse2_available_init     100134e0 f   LIBCMTD:cpu_disp.obj
 0001:00012500       __initp_misc_winsig        10013500 f   LIBCMTD:winsig.obj
 0001:00012530       _signal                    10013530 f   LIBCMTD:winsig.obj
 0001:000129d0       _raise                     100139d0 f   LIBCMTD:winsig.obj
 0001:00012d40       ___get_sigabrt             10013d40 f   LIBCMTD:winsig.obj
 0001:00012d60       ___fpecode                 10013d60 f   LIBCMTD:winsig.obj
 0001:00012d70       ___pxcptinfoptrs           10013d70 f   LIBCMTD:winsig.obj
 0001:00012d80       __FF_MSGBANNER             10013d80 f   LIBCMTD:crt0msg.obj
 0001:00012dd0       __NMSG_WRITE               10013dd0 f   LIBCMTD:crt0msg.obj
 0001:00013070       __GET_RTERRMSG             10014070 f   LIBCMTD:crt0msg.obj
 0001:000130c0       __VEC_memzero              100140c0 f   LIBCMTD:p4_memset.obj
 0001:000131b0       ?_Type_info_dtor@type_info@@CAXPAV1@@Z 100141b0 f   LIBCMTD:typname.obj
 0001:000132c0       ?_Name_base@type_info@@CAPBDPBV1@PAU__type_info_node@@@Z 100142c0 f   LIBCMTD:typname.obj
 0001:00013460       ?_Type_info_dtor_internal@type_info@@CAXPAV1@@Z 10014460 f   LIBCMTD:typname.obj
 0001:00013570       ___unDNameHelper           10014570 f   LIBCMTD:typname.obj
 0001:000135b0       ?_Name_base_internal@type_info@@CAPBDPBV1@PAU__type_info_node@@@Z 100145b0 f   LIBCMTD:typname.obj
 0001:00013770       ___clean_type_info_names_internal 10014770 f   LIBCMTD:typname.obj
 0001:00013830       ??3@YAXPAX@Z               10014830 f   LIBCMTD:dbgdel.obj
 0001:00013920       _strcmp                    10014920 f   LIBCMTD:strcmp.obj
 0001:000139b0       __flsbuf                   100149b0 f   LIBCMTD:_flsbuf.obj
 0001:00013c70       __output_l                 10014c70 f   LIBCMTD:output.obj
 0001:00014f30       ??0_LocaleUpdate@@QAE@PAUlocaleinfo_struct@@@Z 10015f30 f i LIBCMTD:output.obj
 0001:00015010       ??1_LocaleUpdate@@QAE@XZ   10016010 f i LIBCMTD:output.obj
 0001:00015040       ?GetLocaleT@_LocaleUpdate@@QAEPAUlocaleinfo_struct@@XZ 10016040 f i LIBCMTD:output.obj
 0001:000151c0       _get_int_arg               100161c0 f i LIBCMTD:output.obj
 0001:000151e0       _get_int64_arg             100161e0 f i LIBCMTD:output.obj
 0001:00015200       _get_short_arg             10016200 f i LIBCMTD:output.obj
 0001:00015220       __initp_misc_invarg        10016220 f   LIBCMTD:invarg.obj
 0001:00015230       __invalid_parameter        10016230 f   LIBCMTD:invarg.obj
 0001:000152a0       __invoke_watson            100162a0 f   LIBCMTD:invarg.obj
 0001:000153f0       __set_invalid_parameter_handler 100163f0 f   LIBCMTD:invarg.obj
 0001:00015440       __get_invalid_parameter_handler 10016440 f   LIBCMTD:invarg.obj
 0001:00015470       ?_invalid_parameter@@YAXPBG00II@Z 10016470 f   LIBCMTD:invarg.obj
 0001:000154a0       ?_invoke_watson@@YAXPBG00II@Z 100164a0 f   LIBCMTD:invarg.obj
 0001:000154d0       __dosmaperr                100164d0 f   LIBCMTD:dosmap.obj
 0001:00015500       __get_errno_from_oserr     10016500 f   LIBCMTD:dosmap.obj
 0001:00015580       __set_errno                10016580 f   LIBCMTD:dosmap.obj
 0001:000155b0       __get_errno                100165b0 f   LIBCMTD:dosmap.obj
 0001:00015630       __set_doserrno             10016630 f   LIBCMTD:dosmap.obj
 0001:00015660       __get_doserrno             10016660 f   LIBCMTD:dosmap.obj
 0001:000156e0       __errno                    100166e0 f   LIBCMTD:dosmap.obj
 0001:00015710       ___doserrno                10016710 f   LIBCMTD:dosmap.obj
 0001:00015740       __CrtSetReportHookW2       10016740 f   LIBCMTD:dbgrptw.obj
 0001:00015a60       __CrtDbgReportW            10016a60 f   LIBCMTD:dbgrptw.obj
 0001:00015aa0       __CrtDbgReportWV           10016aa0 f i LIBCMTD:dbgrptw.obj
 0001:00015ad0       ___crtMessageWindowW       10016ad0 f   LIBCMTD:dbgrptw.obj
 0001:00015ed0       __invoke_watson_if_oneof   10016ed0 f i LIBCMTD:dbgrptw.obj
 0001:00015f20       ?_CrtDbgReportW@@YAHHPBGH00ZZ 10016f20 f   LIBCMTD:dbgrptw.obj
 0001:00015f60       __vsnprintf_helper         10016f60 f   LIBCMTD:vsnprnc.obj
 0001:00016130       __vsnprintf_c              10017130 f   LIBCMTD:vsnprnc.obj
 0001:00016180       __vsnprintf_c_l            10017180 f   LIBCMTD:vsnprnc.obj
 0001:000161d0       __vsprintf_s_l             100171d0 f   LIBCMTD:vsnprnc.obj
 0001:00016440       _vsprintf_s                10017440 f   LIBCMTD:vsnprnc.obj
 0001:00016470       __vsnprintf_s_l            10017470 f   LIBCMTD:vsnprnc.obj
 0001:00016810       __vsnprintf_s              10017810 f   LIBCMTD:vsnprnc.obj
 0001:00016840       __vsprintf_p               10017840 f   LIBCMTD:vsnprnc.obj
 0001:00016890       __vsprintf_p_l             10017890 f   LIBCMTD:vsnprnc.obj
 0001:000168e0       __onexit                   100178e0 f   LIBCMTD:onexit.obj
 0001:00016ab0       _atexit                    10017ab0 f   LIBCMTD:onexit.obj
 0001:00016ad0       ___onexitinit              10017ad0 f   LIBCMTD:onexit.obj
 0001:00016b30       __RTC_Initialize           10017b30 f   LIBCMTD:_initsect_.obj
 0001:00016b60       __RTC_Terminate            10017b60 f   LIBCMTD:_initsect_.obj
 0001:00016b90       __initp_misc_cfltcvt_tab   10017b90 f   LIBCMTD:cmiscdat.obj
 0001:00016be0       __ValidateImageBase        10017be0 f   LIBCMTD:pesect.obj
 0001:00016c40       __FindPESection            10017c40 f   LIBCMTD:pesect.obj
 0001:00016cc0       __IsNonwritableInCurrentImage 10017cc0 f   LIBCMTD:pesect.obj
 0001:00016de0       ___updatetmbcinfo          10017de0 f   LIBCMTD:mbctype.obj
 0001:00016ef0       __setmbcp                  10017ef0 f   LIBCMTD:mbctype.obj
 0001:000172a0       __setmbcp_nolock           100182a0 f   LIBCMTD:mbctype.obj
 0001:00017a90       __getmbcp                  10018a90 f   LIBCMTD:mbctype.obj
 0001:00017b00       ___initmbctable            10018b00 f   LIBCMTD:mbctype.obj
 0001:00017b30       __malloc_dbg               10018b30 f   LIBCMTD:dbgheap.obj
 0001:00017b60       __nh_malloc                10018b60 f   LIBCMTD:dbgheap.obj
 0001:00017b80       __nh_malloc_dbg            10018b80 f   LIBCMTD:dbgheap.obj
 0001:00017c50       __heap_alloc               10018c50 f   LIBCMTD:dbgheap.obj
 0001:00018020       __heap_alloc_dbg           10019020 f   LIBCMTD:dbgheap.obj
 0001:00018080       __calloc_dbg_impl          10019080 f   LIBCMTD:dbgheap.obj
 0001:00018150       __calloc_dbg               10019150 f   LIBCMTD:dbgheap.obj
 0001:000181b0       __recalloc                 100191b0 f   LIBCMTD:dbgheap.obj
 0001:000181e0       __realloc_dbg              100191e0 f   LIBCMTD:dbgheap.obj
 0001:00018880       __recalloc_dbg             10019880 f   LIBCMTD:dbgheap.obj
 0001:00018980       __expand                   10019980 f   LIBCMTD:dbgheap.obj
 0001:000189b0       __expand_dbg               100199b0 f   LIBCMTD:dbgheap.obj
 0001:00018ac0       __free_nolock              10019ac0 f   LIBCMTD:dbgheap.obj
 0001:00018ae0       __free_dbg                 10019ae0 f   LIBCMTD:dbgheap.obj
 0001:00018b60       __free_dbg_nolock          10019b60 f   LIBCMTD:dbgheap.obj
 0001:00019040       __msize                    1001a040 f   LIBCMTD:dbgheap.obj
 0001:00019060       __msize_dbg                1001a060 f   LIBCMTD:dbgheap.obj
 0001:00019250       __CrtSetBreakAlloc         1001a250 f   LIBCMTD:dbgheap.obj
 0001:00019270       __CrtSetDbgBlockType       1001a270 f   LIBCMTD:dbgheap.obj
 0001:00019360       __CrtSetAllocHook          1001a360 f   LIBCMTD:dbgheap.obj
 0001:00019380       __CrtGetAllocHook          1001a380 f   LIBCMTD:dbgheap.obj
 0001:000193e0       __CrtCheckMemory           1001a3e0 f   LIBCMTD:dbgheap.obj
 0001:00019840       __CrtSetDbgFlag            1001a840 f   LIBCMTD:dbgheap.obj
 0001:00019990       __CrtDoForAllClientObjects 1001a990 f   LIBCMTD:dbgheap.obj
 0001:00019ab0       __CrtIsValidPointer        1001aab0 f   LIBCMTD:dbgheap.obj
 0001:00019ac0       __CrtIsValidHeapPointer    1001aac0 f   LIBCMTD:dbgheap.obj
 0001:00019b60       __CrtIsMemoryBlock         1001ab60 f   LIBCMTD:dbgheap.obj
 0001:00019cd0       __CrtReportBlockType       1001acd0 f   LIBCMTD:dbgheap.obj
 0001:00019d00       __CrtSetDumpClient         1001ad00 f   LIBCMTD:dbgheap.obj
 0001:00019d20       __CrtGetDumpClient         1001ad20 f   LIBCMTD:dbgheap.obj
 0001:00019d30       __CrtMemCheckpoint         1001ad30 f   LIBCMTD:dbgheap.obj
 0001:00019f50       __CrtMemDifference         1001af50 f   LIBCMTD:dbgheap.obj
 0001:0001a170       __CrtMemDumpAllObjectsSince 1001b170 f   LIBCMTD:dbgheap.obj
 0001:0001a660       __CrtDumpMemoryLeaks       1001b660 f   LIBCMTD:dbgheap.obj
 0001:0001a6d0       __CrtMemDumpStatistics     1001b6d0 f   LIBCMTD:dbgheap.obj
 0001:0001a7e0       __aligned_malloc           1001b7e0 f   LIBCMTD:dbgheap.obj
 0001:0001a800       __aligned_malloc_dbg       1001b800 f   LIBCMTD:dbgheap.obj
 0001:0001a830       __aligned_realloc          1001b830 f   LIBCMTD:dbgheap.obj
 0001:0001a860       __aligned_recalloc         1001b860 f   LIBCMTD:dbgheap.obj
 0001:0001a890       __aligned_realloc_dbg      1001b890 f   LIBCMTD:dbgheap.obj
 0001:0001a8c0       __aligned_recalloc_dbg     1001b8c0 f   LIBCMTD:dbgheap.obj
 0001:0001a8f0       __aligned_offset_malloc    1001b8f0 f   LIBCMTD:dbgheap.obj
 0001:0001a910       __aligned_offset_malloc_dbg 1001b910 f   LIBCMTD:dbgheap.obj
 0001:0001aab0       __aligned_offset_realloc   1001bab0 f   LIBCMTD:dbgheap.obj
 0001:0001aae0       __aligned_offset_recalloc  1001bae0 f   LIBCMTD:dbgheap.obj
 0001:0001ab10       __aligned_offset_realloc_dbg 1001bb10 f   LIBCMTD:dbgheap.obj
 0001:0001ade0       __aligned_offset_recalloc_dbg 1001bde0 f   LIBCMTD:dbgheap.obj
 0001:0001aef0       __aligned_free             1001bef0 f   LIBCMTD:dbgheap.obj
 0001:0001af10       __aligned_free_dbg         1001bf10 f   LIBCMTD:dbgheap.obj
 0001:0001afc0       __CrtSetDebugFillThreshold 1001bfc0 f   LIBCMTD:dbgheap.obj
 0001:0001afe0       __CrtSetCheckCount         1001bfe0 f   LIBCMTD:dbgheap.obj
 0001:0001b000       __CrtGetCheckCount         1001c000 f   LIBCMTD:dbgheap.obj
 0001:0001b010       __aligned_msize            1001c010 f   LIBCMTD:dbgheap.obj
 0001:0001b030       __aligned_msize_dbg        1001c030 f   LIBCMTD:dbgheap.obj
 0001:0001b140       __except_handler4          1001c140 f   LIBCMTD:chandler4.obj
 0001:0001b360       __mtinitlocks              1001c360 f   LIBCMTD:mlock.obj
 0001:0001b3f0       __mtdeletelocks            1001c3f0 f   LIBCMTD:mlock.obj
 0001:0001b4b0       __mtinitlocknum            1001c4b0 f   LIBCMTD:mlock.obj
 0001:0001b600       __lock                     1001c600 f   LIBCMTD:mlock.obj
 0001:0001b640       __unlock                   1001c640 f   LIBCMTD:mlock.obj
 0001:0001b660       __lockerr_exit             1001c660 f   LIBCMTD:mlock.obj
 0001:0001b680       __initp_misc_winxfltr      1001c680 f   LIBCMTD:winxfltr.obj
 0001:0001b690       ___CppXcptFilter           1001c690 f   LIBCMTD:winxfltr.obj
 0001:0001b6c0       __XcptFilter               1001c6c0 f   LIBCMTD:winxfltr.obj
 0001:0001b8f0       __initp_misc_rand_s        1001c8f0 f   LIBCMTD:rand_s.obj
 0001:0001b900       _rand_s                    1001c900 f   LIBCMTD:rand_s.obj
 0001:0001bb20       ___getlocaleinfo           1001cb20 f   LIBCMTD:inithelp.obj
 0001:0001bdc0       __initp_misc_purevirt      1001cdc0 f   LIBCMTD:inithelp.obj
 0001:0001bdd0       __initp_misc_initcrit      1001cdd0 f   LIBCMTD:initcrit.obj
 0001:0001bde0       ___crtInitCritSecAndSpinCount 1001cde0 f   LIBCMTD:initcrit.obj
 0001:0001be90       __initp_heap_handler       1001ce90 f   LIBCMTD:handler.obj
 0001:0001bea0       ?_set_new_handler@@YAP6AHI@ZP6AHI@Z@Z 1001cea0 f   LIBCMTD:handler.obj
 0001:0001bef0       ?_set_new_handler@@YAP6AHI@ZH@Z 1001cef0 f   LIBCMTD:handler.obj
 0001:0001bf30       ?_query_new_handler@@YAP6AHI@ZXZ 1001cf30 f   LIBCMTD:handler.obj
 0001:0001bf50       __callnewh                 1001cf50 f   LIBCMTD:handler.obj
 0001:0001bf90       ___crtMessageBoxW          1001cf90 f   LIBCMTD:crtmboxw.obj
 0001:0001c1b0       __itow_s                   1001d1b0 f   LIBCMTD:xtows.obj
 0001:0001c590       __ltow_s                   1001d590 f   LIBCMTD:xtows.obj
 0001:0001c5d0       __ultow_s                  1001d5d0 f   LIBCMTD:xtows.obj
 0001:0001c5f0       __i64tow_s                 1001d5f0 f   LIBCMTD:xtows.obj
 0001:0001ca10       __ui64tow_s                1001da10 f   LIBCMTD:xtows.obj
 0001:0001ca30       _wcsncat_s                 1001da30 f   LIBCMTD:wcsncat_s.obj
 0001:0001cee0       _wcsncpy_s                 1001dee0 f   LIBCMTD:wcsncpy_s.obj
 0001:0001d2f0       _wcscat_s                  1001e2f0 f   LIBCMTD:wcscat_s.obj
 0001:0001d6e0       _wcscpy_s                  1001e6e0 f   LIBCMTD:wcscpy_s.obj
 0001:0001d9c0       _fwprintf                  1001e9c0 f   LIBCMTD:fwprintf.obj
 0001:0001db40       __fwprintf_l               1001eb40 f   LIBCMTD:fwprintf.obj
 0001:0001db70       __fwprintf_s_l             1001eb70 f   LIBCMTD:fwprintf.obj
 0001:0001dba0       _fwprintf_s                1001eba0 f   LIBCMTD:fwprintf.obj
 0001:0001dbd0       __fwprintf_p_l             1001ebd0 f   LIBCMTD:fwprintf.obj
 0001:0001dc00       __fwprintf_p               1001ec00 f   LIBCMTD:fwprintf.obj
 0001:0001dc30       _setvbuf                   1001ec30 f   LIBCMTD:setvbuf.obj
 0001:0001df00       ___iob_func                1001ef00 f   LIBCMTD:_file.obj
 0001:0001df10       ___initstdio               1001ef10 f   LIBCMTD:_file.obj
 0001:0001e060       ___endstdio                1001f060 f   LIBCMTD:_file.obj
 0001:0001e090       __lock_file                1001f090 f   LIBCMTD:_file.obj
 0001:0001e0f0       __lock_file2               1001f0f0 f   LIBCMTD:_file.obj
 0001:0001e130       __unlock_file              1001f130 f   LIBCMTD:_file.obj
 0001:0001e190       __unlock_file2             1001f190 f   LIBCMTD:_file.obj
 0001:0001e1d0       _wcslen                    1001f1d0 f   LIBCMTD:wcslen.obj
 0001:0001e200       __set_error_mode           1001f200 f   LIBCMTD:errmode.obj
 0001:0001e2c0       ___set_app_type            1001f2c0 f   LIBCMTD:errmode.obj
 0001:0001e2d0       ___get_app_type            1001f2d0 f   LIBCMTD:errmode.obj
 0001:0001e2e0       __vswprintf_helper         1001f2e0 f   LIBCMTD:vswprnc.obj
 0001:0001e510       __vswprintf_c              1001f510 f   LIBCMTD:vswprnc.obj
 0001:0001e560       __vswprintf_c_l            1001f560 f   LIBCMTD:vswprnc.obj
 0001:0001e5b0       __vswprintf_s_l            1001f5b0 f   LIBCMTD:vswprnc.obj
 0001:0001e820       _vswprintf_s               1001f820 f   LIBCMTD:vswprnc.obj
 0001:0001e850       __vsnwprintf_s_l           1001f850 f   LIBCMTD:vswprnc.obj
 0001:0001ec00       __vsnwprintf_s             1001fc00 f   LIBCMTD:vswprnc.obj
 0001:0001ec30       __vswprintf_p              1001fc30 f   LIBCMTD:vswprnc.obj
 0001:0001ec80       __vswprintf_p_l            1001fc80 f   LIBCMTD:vswprnc.obj
 0001:0001ecd0       __validate_param_reuseA    1001fcd0 f   LIBCMTD:outputp.obj
 0001:0001ef40       __output_p_l               1001ff40 f   LIBCMTD:outputp.obj
 0001:00022b00       _get_crtdouble_arg         10023b00 f i LIBCMTD:outputp.obj
 0001:00022b20       __commit                   10023b20 f   LIBCMTD:commit.obj
 0001:00022d40       __fileno                   10023d40 f   LIBCMTD:fileno.obj
 0001:00022dc0       __write                    10023dc0 f   LIBCMTD:write.obj
 0001:00022ff0       __write_nolock             10023ff0 f   LIBCMTD:write.obj
 0001:00023b30       __stbuf                    10024b30 f   LIBCMTD:_sftbuf.obj
 0001:00023c90       __ftbuf                    10024c90 f   LIBCMTD:_sftbuf.obj
 0001:00023d20       _fwrite                    10024d20 f   LIBCMTD:fwrite.obj
 0001:00023e30       __fwrite_nolock            10024e30 f   LIBCMTD:fwrite.obj
 0001:00024200       __ioinit                   10025200 f   LIBCMTD:ioinit.obj
 0001:000246a0       __ioterm                   100256a0 f   LIBCMTD:ioinit.obj
 0001:00024740       __openfile                 10025740 f   LIBCMTD:_open.obj
 0001:00024f00       __getstream                10025f00 f   LIBCMTD:stream.obj
 0001:00025160       __local_unwind4            10026160 f   LIBCMTD:exsup4.obj
 0001:00025236       __seh_longjmp_unwind4@4    10026236 f   LIBCMTD:exsup4.obj
 0001:00025252       @_EH4_CallFilterFunc@8     10026252 f   LIBCMTD:exsup4.obj
 0001:00025269       @_EH4_TransferToHandler@8  10026269 f   LIBCMTD:exsup4.obj
 0001:00025282       @_EH4_GlobalUnwind@4       10026282 f   LIBCMTD:exsup4.obj
 0001:0002529c       @_EH4_LocalUnwind@16       1002629c f   LIBCMTD:exsup4.obj
 0001:000252c0       ?_RTC_GetSrcLine@@YAHPAEPA_WKPAH1K@Z 100262c0 f   LIBCMTD:_pdblkup_.obj
 0001:00025760       __setenvp                  10026760 f   LIBCMTD:stdenvp.obj
 0001:00025900       __setargv                  10026900 f   LIBCMTD:stdargv.obj
 0001:00025a20       __set_pgmptr               10026a20 f i LIBCMTD:stdargv.obj
 0001:00025d90       ___crtGetEnvironmentStringsA 10026d90 f   LIBCMTD:a_env.obj
 0001:00025fb0       ___heap_select             10026fb0 f   LIBCMTD:heapinit.obj
 0001:00025fd0       __heap_init                10026fd0 f   LIBCMTD:heapinit.obj
 0001:00026050       __heap_term                10027050 f   LIBCMTD:heapinit.obj
 0001:000260f0       __get_heap_handle          100270f0 f   LIBCMTD:heapinit.obj
 0001:00026130       ___security_init_cookie    10027130 f   LIBCMTD:gs_support.obj
 0001:00026210       ?_ValidateRead@@YAHPBXI@Z  10027210 f   LIBCMTD:validate.obj
 0001:00026240       ?_ValidateWrite@@YAHPAXI@Z 10027240 f   LIBCMTD:validate.obj
 0001:00026270       ?_ValidateExecute@@YAHP6GHXZ@Z 10027270 f   LIBCMTD:validate.obj
 0001:000262a0       ??0exception@std@@QAE@XZ   100272a0 f   LIBCMTD:stdexcpt.obj
 0001:000262d0       ??_Gexception@std@@UAEPAXI@Z 100272d0 f i LIBCMTD:stdexcpt.obj
 0001:000262d0       ??_Eexception@std@@UAEPAXI@Z 100272d0 f i LIBCMTD:stdexcpt.obj
 0001:00026300       ??0exception@std@@QAE@ABQBD@Z 10027300 f   LIBCMTD:stdexcpt.obj
 0001:00026390       ??0exception@std@@QAE@ABQBDH@Z 10027390 f   LIBCMTD:stdexcpt.obj
 0001:000263c0       ??0exception@std@@QAE@ABV01@@Z 100273c0 f   LIBCMTD:stdexcpt.obj
 0001:00026460       ??4exception@std@@QAEAAV01@ABV01@@Z 10027460 f   LIBCMTD:stdexcpt.obj
 0001:00026510       ??1exception@std@@UAE@XZ   10027510 f   LIBCMTD:stdexcpt.obj
 0001:00026540       ?what@exception@std@@UBEPBDXZ 10027540 f   LIBCMTD:stdexcpt.obj
 0001:00026570       ??0bad_cast@std@@QAE@PBD@Z 10027570 f   LIBCMTD:stdexcpt.obj
 0001:000265a0       ??_Gbad_cast@std@@UAEPAXI@Z 100275a0 f i LIBCMTD:stdexcpt.obj
 0001:000265a0       ??_Ebad_cast@std@@UAEPAXI@Z 100275a0 f i LIBCMTD:stdexcpt.obj
 0001:000265d0       ??0bad_cast@std@@QAE@ABV01@@Z 100275d0 f   LIBCMTD:stdexcpt.obj
 0001:00026600       ??1bad_cast@std@@UAE@XZ    10027600 f   LIBCMTD:stdexcpt.obj
 0001:00026620       ??0bad_typeid@std@@QAE@PBD@Z 10027620 f   LIBCMTD:stdexcpt.obj
 0001:00026650       ??_Gbad_typeid@std@@UAEPAXI@Z 10027650 f i LIBCMTD:stdexcpt.obj
 0001:00026650       ??_Ebad_typeid@std@@UAEPAXI@Z 10027650 f i LIBCMTD:stdexcpt.obj
 0001:00026680       ??0bad_typeid@std@@QAE@ABV01@@Z 10027680 f   LIBCMTD:stdexcpt.obj
 0001:000266b0       ??1bad_typeid@std@@UAE@XZ  100276b0 f   LIBCMTD:stdexcpt.obj
 0001:000266d0       ??0__non_rtti_object@std@@QAE@PBD@Z 100276d0 f   LIBCMTD:stdexcpt.obj
 0001:00026700       ??_G__non_rtti_object@std@@UAEPAXI@Z 10027700 f i LIBCMTD:stdexcpt.obj
 0001:00026700       ??_E__non_rtti_object@std@@UAEPAXI@Z 10027700 f i LIBCMTD:stdexcpt.obj
 0001:00026730       ??0__non_rtti_object@std@@QAE@ABV01@@Z 10027730 f   LIBCMTD:stdexcpt.obj
 0001:00026760       ??1__non_rtti_object@std@@UAE@XZ 10027760 f   LIBCMTD:stdexcpt.obj
 0001:00026780       _memmove                   10027780 f   LIBCMTD:memmove.obj
 0001:00026ae8       __global_unwind2           10027ae8 f   LIBCMTD:exsup.obj
 0001:00026b4d       __local_unwind2            10027b4d f   LIBCMTD:exsup.obj
 0001:00026bd1       __abnormal_termination     10027bd1 f   LIBCMTD:exsup.obj
 0001:00026bf4       __NLG_Notify1              10027bf4 f   LIBCMTD:exsup.obj
 0001:00026bfd       __NLG_Notify               10027bfd f   LIBCMTD:exsup.obj
 0001:00026c14       __NLG_Dispatch2            10027c14     LIBCMTD:exsup.obj
 0001:00026c14       __NLG_Dispatch             10027c14     LIBCMTD:exsup.obj
 0001:00026c1c       __NLG_Call                 10027c1c f   LIBCMTD:exsup.obj
 0001:00026c1e       __NLG_Return2              10027c1e     LIBCMTD:exsup.obj
 0001:00026c20       ____setlc_active_func      10027c20 f   LIBCMTD:setlocal.obj
 0001:00026c30       ____unguarded_readlc_active_add_func 10027c30 f   LIBCMTD:setlocal.obj
 0001:00026c40       ___freetlocinfo            10027c40 f   LIBCMTD:setlocal.obj
 0001:00026f20       ___addlocaleref            10027f20 f   LIBCMTD:setlocal.obj
 0001:00027040       ___removelocaleref         10028040 f   LIBCMTD:setlocal.obj
 0001:00027170       ___updatetlocinfo          10028170 f   LIBCMTD:setlocal.obj
 0001:000272c0       __configthreadlocale       100282c0 f   LIBCMTD:setlocal.obj
 0001:000273d0       __locterm                  100283d0 f   LIBCMTD:setlocal.obj
 0001:00027470       __free_locale              10028470 f   LIBCMTD:setlocal.obj
 0001:000275b0       ___free_locale             100285b0 f   LIBCMTD:setlocal.obj
 0001:000275d0       __create_locale            100285d0 f   LIBCMTD:setlocal.obj
 0001:00027800       ___create_locale           10028800 f   LIBCMTD:setlocal.obj
 0001:00027820       __get_current_locale       10028820 f   LIBCMTD:setlocal.obj
 0001:00027940       ___get_current_locale      10028940 f   LIBCMTD:setlocal.obj
 0001:00027950       _setlocale                 10028950 f   LIBCMTD:setlocal.obj
 0001:00028860       __expandlocale             10029860 f   LIBCMTD:setlocal.obj
 0001:00028b10       ___init_dummy              10029b10 f   LIBCMTD:setlocal.obj
 0001:00028b20       __strcats                  10029b20 f   LIBCMTD:setlocal.obj
 0001:00028ba0       ___lc_strtolc              10029ba0 f   LIBCMTD:setlocal.obj
 0001:00028da0       ___lc_lctostr              10029da0 f   LIBCMTD:setlocal.obj
 0001:00028e40       __CrtDefaultAllocHook      10029e40 f   LIBCMTD:dbghook.obj
 0001:00028e50       __crt_debugger_hook        10029e50 f   LIBCMTD:dbghook.obj
 0001:00028e70       __CrtSetReportHook2        10029e70 f   LIBCMTD:dbgrpt.obj
 0001:00029190       __CrtDbgReport             1002a190 f   LIBCMTD:dbgrpt.obj
 0001:000291d0       __CrtDbgReportV            1002a1d0 f i LIBCMTD:dbgrpt.obj
 0001:00029200       ___crtMessageWindowA       1002a200 f   LIBCMTD:dbgrpt.obj
 0001:00029600       ___crtMessageBoxA          1002a600 f   LIBCMTD:crtmbox.obj
 0001:00029820       _strcat_s                  1002a820 f   LIBCMTD:strcat_s.obj
 0001:00029c00       _strncpy_s                 1002ac00 f   LIBCMTD:strncpy_s.obj
 0001:00029ff0       _strcpy_s                  1002aff0 f   LIBCMTD:strcpy_s.obj
 0001:0002a2d0       ___unDName                 1002b2d0 f   LIBCMTD:undname.obj
 0001:0002a3b0       ?Constructor@HeapManager@@QAEXP6APAXI@ZP6AXPAX@Z@Z 1002b3b0 f i LIBCMTD:undname.obj
 0001:0002a3f0       ?Destructor@HeapManager@@QAEXXZ 1002b3f0 f i LIBCMTD:undname.obj
 0001:0002a440       ___unDNameEx               1002b440 f   LIBCMTD:undname.obj
 0001:0002a520       ??0UnDecorator@@QAE@PADPBDHP6APADJ@ZK@Z 1002b520 f i LIBCMTD:undname.obj
 0001:0002a5c0       ??BUnDecorator@@QAEPADXZ   1002b5c0 f i LIBCMTD:undname.obj
 0001:0002a7f0       ?dbGetString@DName@@QBEPADXZ 1002b7f0 f   LIBCMTD:undname.obj
 0001:0002a820       ?getDecoratedName@UnDecorator@@CA?AVDName@@XZ 1002b820 f   LIBCMTD:undname.obj
 0001:0002ab30       ?getSymbolName@UnDecorator@@CA?AVDName@@XZ 1002bb30 f i LIBCMTD:undname.obj
 0001:0002abb0       ?getZName@UnDecorator@@CA?AVDName@@_N0@Z 1002bbb0 f   LIBCMTD:undname.obj
 0001:0002ae50       ?getOperatorName@UnDecorator@@CA?AVDName@@_NPA_N@Z 1002be50 f i LIBCMTD:undname.obj
 0001:0002b7c0       ?getStringEncoding@UnDecorator@@CA?AVDName@@PADH@Z 1002c7c0 f   LIBCMTD:undname.obj
 0001:0002b8c0       ?getScope@UnDecorator@@CA?AVDName@@XZ 1002c8c0 f   LIBCMTD:undname.obj
 0001:0002bca0       ?getSignedDimension@UnDecorator@@CA?AVDName@@XZ 1002cca0 f   LIBCMTD:undname.obj
 0001:0002bd20       ?getDimension@UnDecorator@@CA?AVDName@@_N@Z 1002cd20 f   LIBCMTD:undname.obj
 0001:0002bfd0       ?getNumberOfDimensions@UnDecorator@@CAHXZ 1002cfd0 f   LIBCMTD:undname.obj
 0001:0002c0d0       ?getTemplateName@UnDecorator@@CA?AVDName@@_N@Z 1002d0d0 f   LIBCMTD:undname.obj
 0001:0002c290       ?getTemplateArgumentList@UnDecorator@@CA?AVDName@@XZ 1002d290 f   LIBCMTD:undname.obj
 0001:0002c510       ?getTemplateConstant@UnDecorator@@CA?AVDName@@XZ 1002d510 f   LIBCMTD:undname.obj
 0001:0002c9a0       ?composeDeclaration@UnDecorator@@CA?AVDName@@ABV2@@Z 1002d9a0 f i LIBCMTD:undname.obj
 0001:0002dfa0       ?getTypeEncoding@UnDecorator@@CAHXZ 1002efa0 f i LIBCMTD:undname.obj
 0001:0002e9e0       ?getBasedType@UnDecorator@@CA?AVDName@@XZ 1002f9e0 f   LIBCMTD:undname.obj
 0001:0002eaa0       ?getScopedName@UnDecorator@@CA?AVDName@@XZ 1002faa0 f   LIBCMTD:undname.obj
 0001:0002ebc0       ?getCallingConvention@UnDecorator@@CA?AVDName@@XZ 1002fbc0 f   LIBCMTD:undname.obj
 0001:0002ed20       ?getReturnType@UnDecorator@@CA?AVDName@@PAV2@@Z 1002fd20 f   LIBCMTD:undname.obj
 0001:0002ed70       ?getDataType@UnDecorator@@CA?AVDName@@PAV2@@Z 1002fd70 f   LIBCMTD:undname.obj
 0001:0002ee80       ?getPrimaryDataType@UnDecorator@@CA?AVDName@@ABV2@@Z 1002fe80 f   LIBCMTD:undname.obj
 0001:0002f130       ?getArgumentTypes@UnDecorator@@CA?AVDName@@XZ 10030130 f   LIBCMTD:undname.obj
 0001:0002f290       ?getArgumentList@UnDecorator@@CA?AVDName@@XZ 10030290 f   LIBCMTD:undname.obj
 0001:0002f3e0       ?getThrowTypes@UnDecorator@@CA?AVDName@@XZ 100303e0 f   LIBCMTD:undname.obj
 0001:0002f490       ?getBasicDataType@UnDecorator@@CA?AVDName@@ABV2@@Z 10030490 f   LIBCMTD:undname.obj
 0001:0002fa40       ?getECSUDataType@UnDecorator@@CA?AVDName@@XZ 10030a40 f   LIBCMTD:undname.obj
 0001:0002fc10       ?getECSUName@UnDecorator@@CA?AVDName@@XZ 10030c10 f i LIBCMTD:undname.obj
 0001:0002fc30       ?getEnumType@UnDecorator@@CA?AVDName@@XZ 10030c30 f i LIBCMTD:undname.obj
 0001:0002fd80       ?getFunctionIndirectType@UnDecorator@@CA?AVDName@@ABV2@@Z 10030d80 f   LIBCMTD:undname.obj
 0001:000301c0       ?getPtrRefType@UnDecorator@@CA?AVDName@@ABV2@0D@Z 100311c0 f   LIBCMTD:undname.obj
 0001:00030320       ?getExtendedDataIndirectType@UnDecorator@@CA?AVDName@@AADAA_NH@Z 10031320 f   LIBCMTD:undname.obj
 0001:00030530       ?getDataIndirectType@UnDecorator@@CA?AVDName@@ABV2@D0H@Z 10031530 f   LIBCMTD:undname.obj
 0001:00030c30       ?getPtrRefDataType@UnDecorator@@CA?AVDName@@ABV2@H@Z 10031c30 f i LIBCMTD:undname.obj
 0001:00030d70       ?getArrayType@UnDecorator@@CA?AVDName@@ABV2@@Z 10031d70 f i LIBCMTD:undname.obj
 0001:00030fa0       ?getLexicalFrame@UnDecorator@@CA?AVDName@@XZ 10031fa0 f i LIBCMTD:undname.obj
 0001:00030fe0       ?getThisType@UnDecorator@@CA?AVDName@@XZ 10031fe0 f i LIBCMTD:undname.obj
 0001:00031020       ?getPointerType@UnDecorator@@CA?AVDName@@ABV2@0@Z 10032020 f i LIBCMTD:undname.obj
 0001:00031040       ?getPointerTypeArray@UnDecorator@@CA?AVDName@@ABV2@0@Z 10032040 f i LIBCMTD:undname.obj
 0001:00031060       ?getReferenceType@UnDecorator@@CA?AVDName@@ABV2@0@Z 10032060 f i LIBCMTD:undname.obj
 0001:00031080       ?getDisplacement@UnDecorator@@CA?AVDName@@XZ 10032080 f i LIBCMTD:undname.obj
 0001:000310a0       ?getCallIndex@UnDecorator@@CA?AVDName@@XZ 100320a0 f i LIBCMTD:undname.obj
 0001:000310c0       ?getGuardNumber@UnDecorator@@CA?AVDName@@XZ 100320c0 f i LIBCMTD:undname.obj
 0001:000310e0       ?getVbTableType@UnDecorator@@CA?AVDName@@ABV2@@Z 100320e0 f i LIBCMTD:undname.obj
 0001:00031100       ?getVCallThunkType@UnDecorator@@CA?AVDName@@XZ 10032100 f i LIBCMTD:undname.obj
 0001:00031160       ?getVfTableType@UnDecorator@@CA?AVDName@@ABV2@@Z 10032160 f i LIBCMTD:undname.obj
 0001:00031320       ?getStorageConvention@UnDecorator@@CA?AVDName@@XZ 10032320 f i LIBCMTD:undname.obj
 0001:00031340       ?getDataIndirectType@UnDecorator@@CA?AVDName@@XZ 10032340 f i LIBCMTD:undname.obj
 0001:00031380       ?getVdispMapType@UnDecorator@@CA?AVDName@@ABV2@@Z 10032380 f i LIBCMTD:undname.obj
 0001:000313f0       ?getExternalDataType@UnDecorator@@CA?AVDName@@ABV2@@Z 100323f0 f i LIBCMTD:undname.obj
 0001:00031480       ?doMSKeywords@UnDecorator@@SAHXZ 10032480 f i LIBCMTD:undname.obj
 0001:000314a0       ?doPtr64@UnDecorator@@SAHXZ 100324a0 f i LIBCMTD:undname.obj
 0001:000314c0       ?doFunctionReturns@UnDecorator@@SAHXZ 100324c0 f i LIBCMTD:undname.obj
 0001:000314e0       ?doAllocationModel@UnDecorator@@SAHXZ 100324e0 f i LIBCMTD:undname.obj
 0001:00031500       ?doAllocationLanguage@UnDecorator@@SAHXZ 10032500 f i LIBCMTD:undname.obj
 0001:00031520       ?doThisTypes@UnDecorator@@SAHXZ 10032520 f i LIBCMTD:undname.obj
 0001:00031540       ?doAccessSpecifiers@UnDecorator@@SAHXZ 10032540 f i LIBCMTD:undname.obj
 0001:00031560       ?doThrowTypes@UnDecorator@@SAHXZ 10032560 f i LIBCMTD:undname.obj
 0001:00031580       ?doMemberTypes@UnDecorator@@SAHXZ 10032580 f i LIBCMTD:undname.obj
 0001:000315a0       ?doNameOnly@UnDecorator@@SAHXZ 100325a0 f i LIBCMTD:undname.obj
 0001:000315c0       ?doTypeOnly@UnDecorator@@SAHXZ 100325c0 f i LIBCMTD:undname.obj
 0001:000315e0       ?haveTemplateParameters@UnDecorator@@SAHXZ 100325e0 f i LIBCMTD:undname.obj
 0001:00031600       ?doEcsu@UnDecorator@@SAHXZ 10032600 f i LIBCMTD:undname.obj
 0001:00031620       ?doEllipsis@UnDecorator@@SAHXZ 10032620 f i LIBCMTD:undname.obj
 0001:00031640       ?UScore@UnDecorator@@SAPBDW4Tokens@@@Z 10032640 f   LIBCMTD:undname.obj
 0001:00031670       ?doUnderScore@UnDecorator@@SAHXZ 10032670 f i LIBCMTD:undname.obj
 0001:00031690       ??2@YAPAXIAAVHeapManager@@H@Z 10032690 f i LIBCMTD:undname.obj
 0001:000316b0       ?getMemory@HeapManager@@QAEPAXIH@Z 100326b0 f   LIBCMTD:undname.obj
 0001:000317c0       ??0Block@HeapManager@@QAE@XZ 100327c0 f i LIBCMTD:undname.obj
 0001:000317e0       ??H@YA?AVDName@@DABV0@@Z   100327e0 f i LIBCMTD:undname.obj
 0001:00031810       ??H@YA?AVDName@@W4DNameStatus@@ABV0@@Z 10032810 f i LIBCMTD:undname.obj
 0001:00031840       ??H@YA?AVDName@@PBDABV0@@Z 10032840 f i LIBCMTD:undname.obj
 0001:00031870       ??0DName@@QAE@XZ           10032870 f i LIBCMTD:undname.obj
 0001:00031930       ??0DName@@QAE@D@Z          10032930 f   LIBCMTD:undname.obj
 0001:00031a10       ??0DName@@QAE@ABV0@@Z      10032a10 f i LIBCMTD:undname.obj
 0001:00031a40       ??0DName@@QAE@PAV0@@Z      10032a40 f   LIBCMTD:undname.obj
 0001:00031b70       ??0DName@@QAE@PBD@Z        10032b70 f   LIBCMTD:undname.obj
 0001:00031c50       ??0DName@@QAE@AAPBDD@Z     10032c50 f   LIBCMTD:undname.obj
 0001:00031f10       ?doNoIdentCharCheck@UnDecorator@@SAHXZ 10032f10 f i LIBCMTD:undname.obj
 0001:00031f30       ??0DName@@QAE@_K@Z         10032f30 f   LIBCMTD:undname.obj
 0001:00032070       ??0DName@@QAE@_J@Z         10033070 f   LIBCMTD:undname.obj
 0001:000321f0       ??0DName@@QAE@W4DNameStatus@@@Z 100331f0 f   LIBCMTD:undname.obj
 0001:00032310       ?isValid@DName@@QBEHXZ     10033310 f i LIBCMTD:undname.obj
 0001:00032340       ?isEmpty@DName@@QBEHXZ     10033340 f i LIBCMTD:undname.obj
 0001:00032360       ?status@DName@@QBE?AW4DNameStatus@@XZ 10033360 f i LIBCMTD:undname.obj
 0001:00032380       ?setPtrRef@DName@@QAEAAV1@XZ 10033380 f i LIBCMTD:undname.obj
 0001:000323b0       ?isPtrRef@DName@@QBEHXZ    100333b0 f i LIBCMTD:undname.obj
 0001:000323d0       ?isUDC@DName@@QBEHXZ       100333d0 f i LIBCMTD:undname.obj
 0001:00032410       ?setIsUDC@DName@@QAEXXZ    10033410 f i LIBCMTD:undname.obj
 0001:00032440       ?isUDTThunk@DName@@QBEHXZ  10033440 f i LIBCMTD:undname.obj
 0001:00032480       ?setIsArray@DName@@QAEXXZ  10033480 f i LIBCMTD:undname.obj
 0001:000324a0       ?isArray@DName@@QBEHXZ     100334a0 f i LIBCMTD:undname.obj
 0001:000324c0       ?isNoTE@DName@@QBEHXZ      100334c0 f i LIBCMTD:undname.obj
 0001:000324e0       ?setIsNoTE@DName@@QAEXXZ   100334e0 f i LIBCMTD:undname.obj
 0001:00032500       ?isPinPtr@DName@@QBEHXZ    10033500 f i LIBCMTD:undname.obj
 0001:00032520       ?setIsPinPtr@DName@@QAEXXZ 10033520 f i LIBCMTD:undname.obj
 0001:00032540       ?isComArray@DName@@QBEHXZ  10033540 f i LIBCMTD:undname.obj
 0001:00032560       ?setIsComArray@DName@@QAEXXZ 10033560 f i LIBCMTD:undname.obj
 0001:00032580       ?isVCallThunk@DName@@QBEHXZ 10033580 f i LIBCMTD:undname.obj
 0001:000325a0       ?setIsVCallThunk@DName@@QAEXXZ 100335a0 f i LIBCMTD:undname.obj
 0001:000325c0       ?length@DName@@QBEHXZ      100335c0 f i LIBCMTD:undname.obj
 0001:000325f0       ?getLastChar@DName@@QBEDXZ 100335f0 f i LIBCMTD:undname.obj
 0001:00032620       ?getString@DName@@QBEPADPADH@Z 10033620 f i LIBCMTD:undname.obj
 0001:000326b0       ?getString@DName@@QBEPADPAD0@Z 100336b0 f i LIBCMTD:undname.obj
 0001:000326f0       ??HDName@@QBE?AV0@D@Z      100336f0 f   LIBCMTD:undname.obj
 0001:00032730       ??HDName@@QBE?AV0@PBD@Z    10033730 f   LIBCMTD:undname.obj
 0001:00032770       ??HDName@@QBE?AV0@ABV0@@Z  10033770 f   LIBCMTD:undname.obj
 0001:000327b0       ??HDName@@QBE?AV0@PAV0@@Z  100337b0 f   LIBCMTD:undname.obj
 0001:000327f0       ??HDName@@QBE?AV0@W4DNameStatus@@@Z 100337f0 f   LIBCMTD:undname.obj
 0001:00032830       ?append@DName@@AAEXPAVDNameNode@@@Z 10033830 f   LIBCMTD:undname.obj
 0001:000328c0       ??YDName@@QAEAAV0@D@Z      100338c0 f   LIBCMTD:undname.obj
 0001:00032950       ??YDName@@QAEAAV0@PBD@Z    10033950 f   LIBCMTD:undname.obj
 0001:000329f0       ??YDName@@QAEAAV0@ABV0@@Z  100339f0 f   LIBCMTD:undname.obj
 0001:00032a60       ??YDName@@QAEAAV0@PAV0@@Z  10033a60 f   LIBCMTD:undname.obj
 0001:00032b20       ??YDName@@QAEAAV0@W4DNameStatus@@@Z 10033b20 f   LIBCMTD:undname.obj
 0001:00032b90       ??_5DName@@QAEAAV0@ABV0@@Z 10033b90 f   LIBCMTD:undname.obj
 0001:00032bf0       ??4DName@@QAEAAV0@D@Z      10033bf0 f i LIBCMTD:undname.obj
 0001:00032cd0       ??4DName@@QAEAAV0@PBD@Z    10033cd0 f   LIBCMTD:undname.obj
 0001:00032db0       ??4DName@@QAEAAV0@ABV0@@Z  10033db0 f   LIBCMTD:undname.obj
 0001:00032de0       ??4DName@@QAEAAV0@PAV0@@Z  10033de0 f   LIBCMTD:undname.obj
 0001:00032f20       ??4DName@@QAEAAV0@W4DNameStatus@@@Z 10033f20 f   LIBCMTD:undname.obj
 0001:00033020       ?doPchar@DName@@AAEXPBDH@Z 10034020 f   LIBCMTD:undname.obj
 0001:00033160       ?isFull@Replicator@@QBEHXZ 10034160 f i LIBCMTD:undname.obj
 0001:00033180       ??0Replicator@@QAE@XZ      10034180 f i LIBCMTD:undname.obj
 0001:000331a0       ??YReplicator@@QAEAAV0@ABVDName@@@Z 100341a0 f   LIBCMTD:undname.obj
 0001:00033230       ??AReplicator@@QBE?AVDName@@H@Z 10034230 f   LIBCMTD:undname.obj
 0001:000332a0       ??0DNameNode@@IAE@XZ       100342a0 f   LIBCMTD:undname.obj
 0001:000332c0       ??0charNode@@QAE@D@Z       100342c0 f   LIBCMTD:undname.obj
 0001:000332f0       ?length@charNode@@UBEHXZ   100342f0 f i LIBCMTD:undname.obj
 0001:00033310       ?getLastChar@charNode@@UBEDXZ 10034310 f i LIBCMTD:undname.obj
 0001:00033330       ?getString@charNode@@UBEPADPAD0@Z 10034330 f i LIBCMTD:undname.obj
 0001:00033360       ??0pcharNode@@QAE@PBDH@Z   10034360 f   LIBCMTD:undname.obj
 0001:000333f0       ?length@pcharNode@@UBEHXZ  100343f0 f i LIBCMTD:undname.obj
 0001:00033410       ?getLastChar@pcharNode@@UBEDXZ 10034410 f i LIBCMTD:undname.obj
 0001:00033450       ?getString@pcharNode@@UBEPADPAD0@Z 10034450 f i LIBCMTD:undname.obj
 0001:00033480       ?getStringHelper@@YAPADPAD00H@Z 10034480 f i LIBCMTD:undname.obj
 0001:000334c0       ??0pDNameNode@@QAE@PAVDName@@@Z 100344c0 f   LIBCMTD:undname.obj
 0001:00033520       ?length@pDNameNode@@UBEHXZ 10034520 f i LIBCMTD:undname.obj
 0001:00033560       ?getLastChar@pDNameNode@@UBEDXZ 10034560 f i LIBCMTD:undname.obj
 0001:00033590       ?getString@pDNameNode@@UBEPADPAD0@Z 10034590 f i LIBCMTD:undname.obj
 0001:000335d0       ??0DNameStatusNode@@AAE@W4DNameStatus@@@Z 100345d0 f   LIBCMTD:undname.obj
 0001:00033620       ?length@DNameStatusNode@@UBEHXZ 10034620 f i LIBCMTD:undname.obj
 0001:00033640       ?getLastChar@DNameStatusNode@@UBEDXZ 10034640 f i LIBCMTD:undname.obj
 0001:00033660       ?getString@DNameStatusNode@@UBEPADPAD0@Z 10034660 f i LIBCMTD:undname.obj
 0001:000336a0       ?make@DNameStatusNode@@SAPAV1@W4DNameStatus@@@Z 100346a0 f i LIBCMTD:undname.obj
 0001:00033750       ??0pairNode@@QAE@PAVDNameNode@@0@Z 10034750 f   LIBCMTD:undname.obj
 0001:00033790       ?length@pairNode@@UBEHXZ   10034790 f i LIBCMTD:undname.obj
 0001:000337e0       ?getLastChar@pairNode@@UBEDXZ 100347e0 f i LIBCMTD:undname.obj
 0001:00033830       ?getString@pairNode@@UBEPADPAD0@Z 10034830 f i LIBCMTD:undname.obj
 0001:00033970       _V6_HeapAlloc              10034970 f   LIBCMTD:malloc.obj
 0001:00033a10       __malloc_base              10034a10 f   LIBCMTD:malloc.obj
 0001:00033aa0       __heap_alloc_base          10034aa0 f i LIBCMTD:malloc.obj
 0001:00033b60       __free_base                10034b60 f   LIBCMTD:free.obj
 0001:00033c90       __lseeki64                 10034c90 f   LIBCMTD:lseeki64.obj
 0001:00033ee0       __lseeki64_nolock          10034ee0 f   LIBCMTD:lseeki64.obj
 0001:00033fd0       __getbuf                   10034fd0 f   LIBCMTD:_getbuf.obj
 0001:00034090       __isatty                   10035090 f   LIBCMTD:isatty.obj
 0001:00034170       _printf                    10035170 f   LIBCMTD:printf.obj
 0001:000342b0       __printf_l                 100352b0 f   LIBCMTD:printf.obj
 0001:000342e0       __printf_s_l               100352e0 f   LIBCMTD:printf.obj
 0001:00034310       _printf_s                  10035310 f   LIBCMTD:printf.obj
 0001:00034340       __printf_p_l               10035340 f   LIBCMTD:printf.obj
 0001:00034370       __printf_p                 10035370 f   LIBCMTD:printf.obj
 0001:000343a0       __set_printf_count_output  100353a0 f   LIBCMTD:printf.obj
 0001:000343f0       __get_printf_count_output  100353f0 f   LIBCMTD:printf.obj
 0001:00034410       __wctomb_s_l               10035410 f   LIBCMTD:wctomb.obj
 0001:00034710       _wctomb_s                  10035710 f   LIBCMTD:wctomb.obj
 0001:00034740       __wctomb_l                 10035740 f   LIBCMTD:wctomb.obj
 0001:000347c0       _wctomb                    100357c0 f   LIBCMTD:wctomb.obj
 0001:00034810       __isleadbyte_l             10035810 f i LIBCMTD:_wctype.obj
 0001:00034860       _isleadbyte                10035860 f i LIBCMTD:_wctype.obj
 0001:00034880       __iswalpha_l               10035880 f i LIBCMTD:_wctype.obj
 0001:000348a0       _iswalpha                  100358a0 f i LIBCMTD:_wctype.obj
 0001:000348c0       __iswupper_l               100358c0 f i LIBCMTD:_wctype.obj
 0001:000348e0       _iswupper                  100358e0 f i LIBCMTD:_wctype.obj
 0001:00034900       __iswlower_l               10035900 f i LIBCMTD:_wctype.obj
 0001:00034920       _iswlower                  10035920 f i LIBCMTD:_wctype.obj
 0001:00034940       __iswdigit_l               10035940 f i LIBCMTD:_wctype.obj
 0001:00034960       _iswdigit                  10035960 f i LIBCMTD:_wctype.obj
 0001:00034980       __iswxdigit_l              10035980 f i LIBCMTD:_wctype.obj
 0001:000349a0       _iswxdigit                 100359a0 f i LIBCMTD:_wctype.obj
 0001:000349c0       __iswspace_l               100359c0 f i LIBCMTD:_wctype.obj
 0001:000349e0       _iswspace                  100359e0 f i LIBCMTD:_wctype.obj
 0001:00034a00       __iswpunct_l               10035a00 f i LIBCMTD:_wctype.obj
 0001:00034a20       _iswpunct                  10035a20 f i LIBCMTD:_wctype.obj
 0001:00034a40       __iswalnum_l               10035a40 f i LIBCMTD:_wctype.obj
 0001:00034a60       _iswalnum                  10035a60 f i LIBCMTD:_wctype.obj
 0001:00034a80       __iswprint_l               10035a80 f i LIBCMTD:_wctype.obj
 0001:00034aa0       _iswprint                  10035aa0 f i LIBCMTD:_wctype.obj
 0001:00034ac0       __iswgraph_l               10035ac0 f i LIBCMTD:_wctype.obj
 0001:00034ae0       _iswgraph                  10035ae0 f i LIBCMTD:_wctype.obj
 0001:00034b00       __iswcntrl_l               10035b00 f i LIBCMTD:_wctype.obj
 0001:00034b20       _iswcntrl                  10035b20 f i LIBCMTD:_wctype.obj
 0001:00034b40       _iswascii                  10035b40 f i LIBCMTD:_wctype.obj
 0001:00034b60       __iswcsym_l                10035b60 f i LIBCMTD:_wctype.obj
 0001:00034ba0       ___iswcsym                 10035ba0 f i LIBCMTD:_wctype.obj
 0001:00034be0       __iswcsymf_l               10035be0 f i LIBCMTD:_wctype.obj
 0001:00034c20       ___iswcsymf                10035c20 f i LIBCMTD:_wctype.obj
 0001:00034c60       __aulldiv                  10035c60 f   LIBCMTD:ulldiv.obj
 0001:00034cd0       __aullrem                  10035cd0 f   LIBCMTD:ullrem.obj
 0001:00034d50       __CrtDbgBreak              10035d50 f   LIBCMTD:dbgrptt.obj
 0001:00034d60       __CrtSetReportMode         10035d60 f   LIBCMTD:dbgrptt.obj
 0001:00034ea0       __CrtSetReportFile         10035ea0 f   LIBCMTD:dbgrptt.obj
 0001:00034fa0       __CrtSetReportHook         10035fa0 f   LIBCMTD:dbgrptt.obj
 0001:00034fc0       __CrtGetReportHook         10035fc0 f   LIBCMTD:dbgrptt.obj
 0001:00034fd0       __VCrtDbgReportA           10035fd0 f   LIBCMTD:dbgrptt.obj
 0001:00035800       __VCrtDbgReportW           10036800 f   LIBCMTD:dbgrptt.obj
 0001:00036130       __swprintf                 10037130 f   LIBCMTD:swprintf.obj
 0001:00036300       ___swprintf_l              10037300 f   LIBCMTD:swprintf.obj
 0001:00036330       _swprintf_s                10037330 f   LIBCMTD:swprintf.obj
 0001:00036360       __snwprintf_s              10037360 f   LIBCMTD:swprintf.obj
 0001:00036390       __swprintf_p               10037390 f   LIBCMTD:swprintf.obj
 0001:000363c0       __swprintf_s_l             100373c0 f   LIBCMTD:swprintf.obj
 0001:000363f0       __snwprintf_s_l            100373f0 f   LIBCMTD:swprintf.obj
 0001:00036420       __swprintf_p_l             10037420 f   LIBCMTD:swprintf.obj
 0001:00036450       __scwprintf                10037450 f   LIBCMTD:swprintf.obj
 0001:00036470       __scwprintf_p              10037470 f   LIBCMTD:swprintf.obj
 0001:00036490       __scwprintf_l              10037490 f   LIBCMTD:swprintf.obj
 0001:000364c0       __scwprintf_p_l            100374c0 f   LIBCMTD:swprintf.obj
 0001:000364f0       _memcpy_s                  100374f0 f   LIBCMTD:memcpy_s.obj
 0001:00036680       __output_s_l               10037680 f   LIBCMTD:outputs.obj
 0001:00037c10       __fptrap                   10038c10 f   LIBCMTD:crt0fp.obj
 0001:00037c30       ___crtLCMapStringA         10038c30 f   LIBCMTD:a_map.obj
 0001:00038190       __MarkAllocaS              10039190 f i LIBCMTD:a_map.obj
 0001:000381c0       __freea                    100391c0 f i LIBCMTD:a_map.obj
 0001:00038280       ___crtGetStringTypeA       10039280 f   LIBCMTD:a_str.obj
 0001:00038510       __expand_base              10039510 f   LIBCMTD:expand.obj
 0001:000387e0       __realloc_base             100397e0 f   LIBCMTD:realloc.obj
 0001:00038b80       __heapchk                  10039b80 f   LIBCMTD:heapchk.obj
 0001:00038c50       __heapset                  10039c50 f   LIBCMTD:heapchk.obj
 0001:00038c60       __get_sbh_threshold        10039c60 f   LIBCMTD:sbheap.obj
 0001:00038cb0       __set_sbh_threshold        10039cb0 f   LIBCMTD:sbheap.obj
 0001:00038e40       __set_amblksiz             10039e40 f   LIBCMTD:sbheap.obj
 0001:00038f50       __get_amblksiz             10039f50 f   LIBCMTD:sbheap.obj
 0001:00039040       ___sbh_heap_init           1003a040 f   LIBCMTD:sbheap.obj
 0001:000390b0       ___sbh_find_block          1003a0b0 f   LIBCMTD:sbheap.obj
 0001:00039110       ___sbh_verify_block        1003a110 f   LIBCMTD:sbheap.obj
 0001:00039170       ___sbh_free_block          1003a170 f   LIBCMTD:sbheap.obj
 0001:00039730       ___sbh_alloc_block         1003a730 f   LIBCMTD:sbheap.obj
 0001:00039c50       ___sbh_alloc_new_region    1003ac50 f   LIBCMTD:sbheap.obj
 0001:00039d60       ___sbh_alloc_new_group     1003ad60 f   LIBCMTD:sbheap.obj
 0001:00039f50       ___sbh_resize_block        1003af50 f   LIBCMTD:sbheap.obj
 0001:0003a520       ___sbh_heapmin             1003b520 f   LIBCMTD:sbheap.obj
 0001:0003a650       ___sbh_heap_check          1003b650 f   LIBCMTD:sbheap.obj
 0001:0003ab40       __chvalidator              1003bb40 f   LIBCMTD:isctype.obj
 0001:0003ab90       __chvalidator_l            1003bb90 f   LIBCMTD:isctype.obj
 0001:0003ac40       __isctype_l                1003bc40 f   LIBCMTD:isctype.obj
 0001:0003ad60       __isctype                  1003bd60 f   LIBCMTD:isctype.obj
 0001:0003ada0       __isalpha_l                1003bda0 f i LIBCMTD:_ctype.obj
 0001:0003ae30       _isalpha                   1003be30 f i LIBCMTD:_ctype.obj
 0001:0003ae70       __isupper_l                1003be70 f i LIBCMTD:_ctype.obj
 0001:0003aef0       _isupper                   1003bef0 f i LIBCMTD:_ctype.obj
 0001:0003af20       __islower_l                1003bf20 f i LIBCMTD:_ctype.obj
 0001:0003afa0       _islower                   1003bfa0 f i LIBCMTD:_ctype.obj
 0001:0003afd0       __isdigit_l                1003bfd0 f i LIBCMTD:_ctype.obj
 0001:0003b050       _isdigit                   1003c050 f i LIBCMTD:_ctype.obj
 0001:0003b080       __isxdigit_l               1003c080 f i LIBCMTD:_ctype.obj
 0001:0003b110       _isxdigit                  1003c110 f i LIBCMTD:_ctype.obj
 0001:0003b150       __isspace_l                1003c150 f i LIBCMTD:_ctype.obj
 0001:0003b1d0       _isspace                   1003c1d0 f i LIBCMTD:_ctype.obj
 0001:0003b200       __ispunct_l                1003c200 f i LIBCMTD:_ctype.obj
 0001:0003b280       _ispunct                   1003c280 f i LIBCMTD:_ctype.obj
 0001:0003b2b0       __isalnum_l                1003c2b0 f i LIBCMTD:_ctype.obj
 0001:0003b340       _isalnum                   1003c340 f i LIBCMTD:_ctype.obj
 0001:0003b380       __isprint_l                1003c380 f i LIBCMTD:_ctype.obj
 0001:0003b410       _isprint                   1003c410 f i LIBCMTD:_ctype.obj
 0001:0003b450       __isgraph_l                1003c450 f i LIBCMTD:_ctype.obj
 0001:0003b4e0       _isgraph                   1003c4e0 f i LIBCMTD:_ctype.obj
 0001:0003b520       __iscntrl_l                1003c520 f i LIBCMTD:_ctype.obj
 0001:0003b5a0       _iscntrl                   1003c5a0 f i LIBCMTD:_ctype.obj
 0001:0003b5d0       ___isascii                 1003c5d0 f i LIBCMTD:_ctype.obj
 0001:0003b5f0       ___toascii                 1003c5f0 f i LIBCMTD:_ctype.obj
 0001:0003b600       __iscsymf_l                1003c600 f i LIBCMTD:_ctype.obj
 0001:0003b640       ___iscsymf                 1003c640 f i LIBCMTD:_ctype.obj
 0001:0003b680       __iscsym_l                 1003c680 f i LIBCMTD:_ctype.obj
 0001:0003b6c0       ___iscsym                  1003c6c0 f i LIBCMTD:_ctype.obj
 0001:0003b700       ___crtGetLocaleInfoW       1003c700 f   LIBCMTD:w_loc.obj
 0001:0003b770       ___crtGetLocaleInfoA       1003c770 f   LIBCMTD:a_loc.obj
 0001:0003b950       __woutput_l                1003c950 f   LIBCMTD:woutput.obj
 0001:0003cb20       _vfwprintf_helper          1003db20 f   LIBCMTD:vfwprint.obj
 0001:0003cca0       __vfwprintf_l              1003dca0 f   LIBCMTD:vfwprint.obj
 0001:0003ccd0       __vfwprintf_s_l            1003dcd0 f   LIBCMTD:vfwprint.obj
 0001:0003cd00       __vfwprintf_p_l            1003dd00 f   LIBCMTD:vfwprint.obj
 0001:0003cd30       _vfwprintf                 1003dd30 f   LIBCMTD:vfwprint.obj
 0001:0003cd60       _vfwprintf_s               1003dd60 f   LIBCMTD:vfwprint.obj
 0001:0003cd90       __vfwprintf_p              1003dd90 f   LIBCMTD:vfwprint.obj
 0001:0003cdc0       __freebuf                  1003ddc0 f   LIBCMTD:_freebuf.obj
 0001:0003ce50       __fcloseall                1003de50 f   LIBCMTD:closeall.obj
 0001:0003cf80       __woutput_s_l              1003df80 f   LIBCMTD:woutputs.obj
 0001:0003e2b0       __validate_param_reuseW    1003f2b0 f   LIBCMTD:woutputp.obj
 0001:0003e520       __woutput_p_l              1003f520 f   LIBCMTD:woutputp.obj
 0001:00041c80       _strtol                    10042c80 f   LIBCMTD:strtol.obj
 0001:000421b0       __strtol_l                 100431b0 f   LIBCMTD:strtol.obj
 0001:000421e0       _strtoul                   100431e0 f   LIBCMTD:strtol.obj
 0001:00042230       __strtoul_l                10043230 f   LIBCMTD:strtol.obj
 0001:00042260       __alloc_osfhnd             10043260 f   LIBCMTD:osfinfo.obj
 0001:00042510       __set_osfhnd               10043510 f   LIBCMTD:osfinfo.obj
 0001:000425e0       __free_osfhnd              100435e0 f   LIBCMTD:osfinfo.obj
 0001:000426d0       __get_osfhandle            100436d0 f   LIBCMTD:osfinfo.obj
 0001:00042840       __open_osfhandle           10043840 f   LIBCMTD:osfinfo.obj
 0001:00042a70       ___lock_fhandle            10043a70 f   LIBCMTD:osfinfo.obj
 0001:00042b70       __unlock_fhandle           10043b70 f   LIBCMTD:osfinfo.obj
 0001:00042ba0       __putwch                   10043ba0 f   LIBCMTD:putwch.obj
 0001:00042c30       __putwch_nolock            10043c30 f   LIBCMTD:putwch.obj
 0001:00042d30       __cputws                   10043d30 f   LIBCMTD:putwch.obj
 0001:00042e80       __mbtowc_l                 10043e80 f   LIBCMTD:mbtowc.obj
 0001:000430a0       _mbtowc                    100440a0 f   LIBCMTD:mbtowc.obj
 0001:000430c0       __open                     100440c0 f   LIBCMTD:open.obj
 0001:00043240       __sopen_helper             10044240 f   LIBCMTD:open.obj
 0001:000444a0       __sopen                    100454a0 f   LIBCMTD:open.obj
 0001:00044520       __sopen_s                  10045520 f   LIBCMTD:open.obj
 0001:00044550       __mbsnbicmp_l              10045550 f   LIBCMTD:mbsnbicm.obj
 0001:000449f0       __mbsnbicmp                100459f0 f   LIBCMTD:mbsnbicm.obj
 0001:00044a10       __mbsnbcmp_l               10045a10 f   LIBCMTD:mbsnbcmp.obj
 0001:00044cf0       __mbsnbcmp                 10045cf0 f   LIBCMTD:mbsnbcmp.obj
 0001:00044d10       __ismbbkalnum_l            10045d10 f   LIBCMTD:ismbbyte.obj
 0001:00044d30       __ismbbkalnum              10045d30 f   LIBCMTD:ismbbyte.obj
 0001:00044d50       __ismbbkprint_l            10045d50 f   LIBCMTD:ismbbyte.obj
 0001:00044d70       __ismbbkprint              10045d70 f   LIBCMTD:ismbbyte.obj
 0001:00044d90       __ismbbkpunct_l            10045d90 f   LIBCMTD:ismbbyte.obj
 0001:00044db0       __ismbbkpunct              10045db0 f   LIBCMTD:ismbbyte.obj
 0001:00044dd0       __ismbbalnum_l             10045dd0 f   LIBCMTD:ismbbyte.obj
 0001:00044df0       __ismbbalnum               10045df0 f   LIBCMTD:ismbbyte.obj
 0001:00044e10       __ismbbalpha_l             10045e10 f   LIBCMTD:ismbbyte.obj
 0001:00044e30       __ismbbalpha               10045e30 f   LIBCMTD:ismbbyte.obj
 0001:00044e50       __ismbbgraph_l             10045e50 f   LIBCMTD:ismbbyte.obj
 0001:00044e70       __ismbbgraph               10045e70 f   LIBCMTD:ismbbyte.obj
 0001:00044e90       __ismbbprint_l             10045e90 f   LIBCMTD:ismbbyte.obj
 0001:00044eb0       __ismbbprint               10045eb0 f   LIBCMTD:ismbbyte.obj
 0001:00044ed0       __ismbbpunct_l             10045ed0 f   LIBCMTD:ismbbyte.obj
 0001:00044ef0       __ismbbpunct               10045ef0 f   LIBCMTD:ismbbyte.obj
 0001:00044f10       __ismbblead_l              10045f10 f   LIBCMTD:ismbbyte.obj
 0001:00044f30       __ismbblead                10045f30 f   LIBCMTD:ismbbyte.obj
 0001:00044f50       __ismbbtrail_l             10045f50 f   LIBCMTD:ismbbyte.obj
 0001:00044f70       __ismbbtrail               10045f70 f   LIBCMTD:ismbbyte.obj
 0001:00044f90       __ismbbkana_l              10045f90 f   LIBCMTD:ismbbyte.obj
 0001:00045000       __ismbbkana                10046000 f   LIBCMTD:ismbbyte.obj
 0001:000450f0       ___pwctype_func            100460f0 f   LIBCMTD:ctype.obj
 0001:00045100       ___pctype_func             10046100 f   LIBCMTD:ctype.obj
 0001:00045150       ___init_time               10046150 f   LIBCMTD:inittime.obj
 0001:00045870       ___free_lc_time            10046870 f   LIBCMTD:inittime.obj
 0001:00045b80       ___init_numeric            10046b80 f   LIBCMTD:initnum.obj
 0001:00045ee0       ___free_lconv_num          10046ee0 f   LIBCMTD:initnum.obj
 0001:00045f50       ___init_monetary           10046f50 f   LIBCMTD:initmon.obj
 0001:00046450       ___free_lconv_mon          10047450 f   LIBCMTD:initmon.obj
 0001:00046540       ___init_ctype              10047540 f   LIBCMTD:initctyp.obj
 0001:00046af0       ____mb_cur_max_func        10047af0 f   LIBCMTD:initctyp.obj
 0001:00046b40       ____mb_cur_max_l_func      10047b40 f   LIBCMTD:initctyp.obj
 0001:00046b70       ____lc_codepage_func       10047b70 f   LIBCMTD:initctyp.obj
 0001:00046bc0       ____lc_collate_cp_func     10047bc0 f   LIBCMTD:initctyp.obj
 0001:00046c10       ____lc_handle_func         10047c10 f   LIBCMTD:initctyp.obj
 0001:00046c60       ___init_collate            10047c60 f   LIBCMTD:initcoll.obj
[...]
 0003:00002f04       __pfnReportHook            1006cf04     <common>
 0003:00002f08       __pReportHookListW         1006cf08     <common>
 0003:00002f0c       __pReportHookList          1006cf0c     <common>
 0003:00002f10       __debugger_hook_dummy      1006cf10     <common>
 0003:00002f14       ___setlc_active            1006cf14     <common>
 0003:00002f18       ___unguarded_readlc_active 1006cf18     <common>
 0003:00002f1c       ___active_heap             1006cf1c     <common>
 0003:00002f20       __nhandle                  1006cf20     <common>
 0003:00002f40       ___pioinfo                 1006cf40     <common>
 0003:00003040       ___piob                    1006d040     <common>
 0003:00003060       __bufin                    1006d060     <common>
 0003:00004060       __nstream                  1006e060     <common>
 0003:00004064       ___sse2_available          1006e064     <common>
 0003:00004068       __acmdln                   1006e068     <common>
 0003:0000406c       ___env_initialized         1006e06c     <common>
 0003:00004070       ___onexitend               1006e070     <common>
 0003:00004074       ___onexitbegin             1006e074     <common>
 0003:00004078       ___mbctype_initialized     1006e078     <common>
 0003:0000407c       __FPinit                   1006e07c     <common>
 0003:00004080       ___dyn_tls_init_callback   1006e080     <common>

 entry point at        0001:0000f590

 Static symbols

 0001:0000004e       __catch$_InitALCrypto@12$0 1000104e f   alcrypto3.obj
 0001:000000fb       __catch$_rsa_get_public_blob@12$0 100010fb f   alcrypto3.obj
 0001:000001af       __catch$_rsa_generate@16$0 100011af f   alcrypto3.obj
 0001:00000257       __catch$_rsa_generate2@8$0 10001257 f   alcrypto3.obj
 0001:000002ff       __catch$_rsa_encrypt@16$0  100012ff f   alcrypto3.obj
 0001:000003af       __catch$_rsa_decrypt@16$0  100013af f   alcrypto3.obj
 0001:0000045b       __catch$_rsa_public_key_blob@12$0 1000145b f   alcrypto3.obj
 0001:0000050b       __catch$_rsa_private_key_blob@12$0 1000150b f   alcrypto3.obj
 0001:000005c3       __catch$_rsa_createkey@20$0 100015c3 f   alcrypto3.obj
 0001:00000673       __catch$_rsa_sign@20$0     10001673 f   alcrypto3.obj
 0001:00000723       __catch$_rsa_verifysig@20$0 10001723 f   alcrypto3.obj
 0001:000007c3       __catch$_rsa_freekey@4$0   100017c3 f   alcrypto3.obj
 0001:0000086b       __catch$_md5_hash@12$0     1000186b f   alcrypto3.obj
 0001:00000913       __catch$_getHardDriveFirmware@4$0 10001913 f   alcrypto3.obj
 0001:000009b0       __catch$_GetWindowsVersion@0$0 100019b0 f   alcrypto3.obj
 0001:00000b60       ?newbn@@YAPAGH@Z           10001b60 f   bignum.obj
 0001:00001140       ?internal_mul@@YAXPAG00H@Z 10002140 f   bignum.obj
 0001:00001230       ?internal_mod@@YAXPAGH0H0H@Z 10002230 f   bignum.obj
 0001:000014a0       ?internal_add_shifted@@YAXPAGIH@Z 100024a0 f   bignum.obj
 0001:00002a50       ?bigdivmod@@YAXPAG000@Z    10003a50 f   bignum.obj
 0001:00002e60       ?ReadPhysicalDriveInNT@@YAHXZ 10003e60 f   diskid32.obj
 0001:00003140       ?DoIDENTIFY@@YAHPAXPAU_SENDCMDINPARAMS@@PAU_SENDCMDOUTPARAMS@@EEPAK@Z 10004140 f   diskid32.obj
 0001:000031e0       ?ReadDrivePortsInWin9X@@YAHXZ 100041e0 f   diskid32.obj
 0001:00003500       ?ReadIdeDriveAsScsiDriveInNT@@YAHXZ 10004500 f   diskid32.obj
 0001:00003820       ?PrintIdeInfo@@YAXHQAK@Z   10004820 f   diskid32.obj
 0001:00003830       ?ConvertToString@@YAPADQAKHH@Z 10004830 f   diskid32.obj
 0001:00003a60       ?MD5_Core_Init@@YAXPAUMD5_Core_State@@@Z 10004a60 f   md5.obj
 0001:00003c60       ?MD5_Block@@YAXPAUMD5_Core_State@@PAI@Z 10004c60 f   md5.obj
 0001:00005ab0       ?dputs@@YAXPAD@Z           10006ab0 f   misc.obj
 0001:00006430       ?get_seedpath@@YAXXZ       10007430 f   noise.obj
 0001:000066a0       _random_save_seed          100076a0 f   noise.obj
 0001:00006860       ?Ring0GetPortVal@@YAXXZ    10007860 f   port32.obj
 0001:00006880       ?CallRing0@@YA_NPAXGPAKE@Z 10007880 f   port32.obj
 0001:00006bb0       ?Ring0SetPortVal@@YAXXZ    10007bb0 f   port32.obj
 0001:00007c10       ?random_stir@@YAXXZ        10008c10 f   rand.obj
 0001:00007de0       ?random_add_heavynoise_bitbybit@@YAXPAXH@Z 10008de0 f   rand.obj
 0001:00007ff0       ?rsa_public_blob@@YAPAEPAURSAKey@@PAH@Z 10008ff0 f   rsa.obj
 0001:00008130       ?rsaencrypt@@YAXHPAEPAHPAURSAKey@@@Z 10009130 f   rsa.obj
 0001:000082d0       ?rsadecrypt@@YAPAGHPAGPAURSAKey@@@Z 100092d0 f   rsa.obj
 0001:00008390       ?rsa2_public_blob@@YAXPAXPAE@Z 10009390 f   rsa.obj
 0001:00008440       ?rsa2_public_blob_internal@@YAXPAXPAE@Z 10009440 f   rsa.obj
 0001:00008610       ?base64_encode_blob@@YAXPAE0H@Z 10009610 f   rsa.obj
 0001:000086a0       ?base64_decode_blob@@YAXPAE0H@Z 100096a0 f   rsa.obj
 0001:00008720       ?rsa2_public_blob_len@@YAHPAX@Z 10009720 f   rsa.obj
 0001:00008800       ?rsa2_private_blob@@YAXPAXPAE@Z 10009800 f   rsa.obj
 0001:00008870       ?rsa2_private_blob_internal@@YAXPAXPAE@Z 10009870 f   rsa.obj
 0001:00008b20       ?rsa2_private_blob_len@@YAHPAX@Z 10009b20 f   rsa.obj
 0001:00008c60       ?rsa2_createkey@@YAXPAEH0HPAURSAKey@@@Z 10009c60 f   rsa.obj
 0001:00008db0       ?rsa2_createkey_internal@@YAPAXPAEH0H@Z 10009db0 f   rsa.obj
 0001:00008e40       ?getmp@@YAPAGPAPADPAH@Z    10009e40 f   rsa.obj
 0001:00008ef0       ?getstring@@YAXPAPADPAH01@Z 10009ef0 f   rsa.obj
 0001:00008fd0       ?rsa2_newkey@@YAPAXPAEH@Z  10009fd0 f   rsa.obj
 0001:00009130       ?freersakey@@YAXPAURSAKey@@@Z 1000a130 f   rsa.obj
 0001:00009220       ?rsa2_sign@@YAPAEPAXPADHPAH@Z 1000a220 f   rsa.obj
 0001:000094e0       ?rsa2_verifysig@@YAHPAXPADH1H@Z 1000a4e0 f   rsa.obj
 0001:0000a140       ?SHA_Init@@YAXPAUSHA_State@@@Z 1000b140 f   sha.obj
 0001:0000a180       ?SHA_Core_Init@@YAXQAI@Z   1000b180 f   sha.obj
 0001:0000a1c0       ?SHA_Bytes@@YAXPAUSHA_State@@PAXH@Z 1000b1c0 f   sha.obj
 0001:0000a390       ?SHA_Final@@YAXPAUSHA_State@@PAE@Z 1000b390 f   sha.obj
 0001:0000a5a0       ?Init@@YAHXZ               1000b5a0 f   WindowsVersion.obj
 0001:0000a9c0       ?IsWinNT@@YA_NXZ           1000b9c0 f   winio.obj
 0001:0000adb0       ?CatchGuardHandler@@YA?AW4_EXCEPTION_DISPOSITION@@PAUEHExceptionRecord@@PAUCatchGuardRN@@PAX2@Z 1000bdb0 f   LIBCMTD:_trnsctrl_.obj
 0001:0000aef0       ?TranslatorGuardHandler@@YA?AW4_EXCEPTION_DISPOSITION@@PAUEHExceptionRecord@@PAUTranslatorGuardRN@@PAX2@Z 1000bef0 f   LIBCMTD:_trnsctrl_.obj
 0001:0000c3a0       _doexit                    1000d3a0 f   LIBCMTD:crt0dat.obj
 0001:0000c6d0       __initterm                 1000d6d0 f   LIBCMTD:crt0dat.obj
 0001:0000d560       _swprintf                  1000e560 f   LIBCMTD:wassert.obj
 0001:0000da60       _flsall                    1000ea60 f   LIBCMTD:fflush.obj
 0001:0000e1e0       ?DebuggerProbe@@YAHK@Z     1000f1e0 f   LIBCMTD:_error_.obj
 0001:0000e2d0       ?failwithmessage@@YAXPAXHHPBD@Z 1000f2d0 f   LIBCMTD:_error_.obj
 0001:0000e4e0       ?DebuggerRuntime@@YAHKHPAXPB_W@Z 1000f4e0 f   LIBCMTD:_error_.obj
 0001:0000e7c0       ?_getMemBlockDataString@@YAXPAD00I@Z 1000f7c0 f   LIBCMTD:_error_.obj
 0001:0000eae0       _cmpBYTE                   1000fae0 f   LIBCMTD:memcmp.obj
 0001:0000eb10       _cmpResult                 1000fb10 f   LIBCMTD:memcmp.obj
 0001:0000eb30       _unaligned_memcmp          1000fb30 f   LIBCMTD:memcmp.obj
 0001:0000f240       _cmpWORD                   10010240 f   LIBCMTD:memcmp.obj
 0001:0000f2c0       _cmpDWORD                  100102c0 f   LIBCMTD:memcmp.obj
 0001:0000f5c0       ___DllMainCRTStartup       100105c0 f   LIBCMTD:dllcrt0.obj
 0001:0000f8e0       ?FindHandler@@YAXPAUEHExceptionRecord@@PAUEHRegistrationNode@@PAU_CONTEXT@@PAXPBU_s_FuncInfo@@EH1@Z 100108e0 f   LIBCMTD:frame.obj
 0001:0000fe30       ?FindHandlerForForeignException@@YAXPAUEHExceptionRecord@@PAUEHRegistrationNode@@PAU_CONTEXT@@PAXPBU_s_FuncInfo@@HH1@Z 10010e30 f   LIBCMTD:frame.obj
 0001:00010260       ?CatchIt@@YAXPAUEHExceptionRecord@@PAUEHRegistrationNode@@PAU_CONTEXT@@PAXPBU_s_FuncInfo@@PBU_s_HandlerType@@PBU_s_CatchableType@@PBU_s_TryBlockMapEntry@@H1E@Z 10011260 f   LIBCMTD:frame.obj
 0001:00010320       ?CallCatchBlock@@YAPAXPAUEHExceptionRecord@@PAUEHRegistrationNode@@PAU_CONTEXT@@PBU_s_FuncInfo@@PAXHK@Z 10011320 f   LIBCMTD:frame.obj
 0001:000105b0       ?ExFilterRethrow@@YAHPAU_EXCEPTION_POINTERS@@@Z 100115b0 f   LIBCMTD:frame.obj
 0001:00011210       ?IsInExceptionSpec@@YAEPAUEHExceptionRecord@@PBU_s_ESTypeList@@@Z 10012210 f   LIBCMTD:frame.obj
 0001:000112d0       ?CallUnexpected@@YAXPBU_s_ESTypeList@@@Z 100122d0 f   LIBCMTD:frame.obj
 0001:0001131e       __catch$?CallUnexpected@@YAXPBU_s_ESTypeList@@@Z$0 1001231e f   LIBCMTD:frame.obj
 0001:00011360       ?Is_bad_exception_allowed@@YAEPBU_s_ESTypeList@@@Z 10012360 f   LIBCMTD:frame.obj
 0001:00012320       _fastcopy_I                10013320 f   LIBCMTD:p4_memcpy.obj
 0001:00012430       _has_osfxsr_set            10013430 f   LIBCMTD:cpu_disp.obj
 0001:000128e0       _ctrlevent_capture@4       100138e0 f   LIBCMTD:winsig.obj
 0001:00012ce0       _siglookup                 10013ce0 f   LIBCMTD:winsig.obj
 0001:00013150       _fastzero_I                10014150 f   LIBCMTD:p4_memset.obj
 0001:00015050       _write_char                10016050 f   LIBCMTD:output.obj
 0001:000150f0       _write_multi_char          100160f0 f   LIBCMTD:output.obj
 0001:00015130       _write_string              10016130 f   LIBCMTD:output.obj
 0001:00016960       __onexit_nolock            10017960 f   LIBCMTD:onexit.obj
 0001:00017190       ?getSystemCP@@YAHH@Z       10018190 f   LIBCMTD:mbctype.obj
 0001:000175f0       ?CPtoLCID@@YAHH@Z          100185f0 f   LIBCMTD:mbctype.obj
 0001:00017670       ?setSBCS@@YAXPAUthreadmbcinfostruct@@@Z 10018670 f   LIBCMTD:mbctype.obj
 0001:00017750       ?setSBUpLow@@YAXPAUthreadmbcinfostruct@@@Z 10018750 f   LIBCMTD:mbctype.obj
 0001:00017be0       __nh_malloc_dbg_impl       10018be0 f   LIBCMTD:dbgheap.obj
 0001:00017c70       __heap_alloc_dbg_impl      10018c70 f   LIBCMTD:dbgheap.obj
 0001:00018280       _realloc_help              10019280 f   LIBCMTD:dbgheap.obj
 0001:00019390       _CheckBytes                1001a390 f   LIBCMTD:dbgheap.obj
 0001:0001a1b0       ?_CrtMemDumpAllObjectsSince_stat@@YAXPBU_CrtMemState@@PAUlocaleinfo_struct@@@Z 1001b1b0 f   LIBCMTD:dbgheap.obj
 0001:0001a4c0       __printMemBlockData        1001b4c0 f   LIBCMTD:dbgheap.obj
 0001:0001b300       _ValidateLocalCookies      1001c300 f   LIBCMTD:chandler4.obj
 0001:0001b890       _xcptlookup                1001c890 f   LIBCMTD:winxfltr.obj
 0001:0001c210       _xtow_s@20                 1001d210 f   LIBCMTD:xtows.obj
 0001:0001c640       @x64tow_s@24               1001d640 f   LIBCMTD:xtows.obj
 0001:00022990       _write_char                10023990 f   LIBCMTD:outputp.obj
 0001:00022a30       _write_multi_char          10023a30 f   LIBCMTD:outputp.obj
 0001:00022a70       _write_string              10023a70 f   LIBCMTD:outputp.obj
 0001:000251f0       __unwind_handler4          100261f0 f   LIBCMTD:exsup4.obj
 0001:00025580       ?GetPdbDll@@YAPAUHINSTANCE__@@XZ 10026580 f   LIBCMTD:_pdblkup_.obj
 0001:00025a30       _parse_cmdline             10026a30 f   LIBCMTD:stdargv.obj
 0001:00026b08       __unwind_handler           10027b08 f   LIBCMTD:exsup.obj
 0001:00027240       __updatetlocinfoEx_nolock  10028240 f   LIBCMTD:setlocal.obj
 0001:000277b0       __copytlocinfo_nolock      100287b0 f   LIBCMTD:setlocal.obj
 0001:00027bd0       _sync_legacy_variables_lk  10028bd0 f   LIBCMTD:setlocal.obj
 0001:00027c50       __setlocale_nolock         10028c50 f   LIBCMTD:setlocal.obj
 0001:00028040       __setlocale_set_cat        10029040 f   LIBCMTD:setlocal.obj
 0001:00028570       __setlocale_get_all        10029570 f   LIBCMTD:setlocal.obj
 0001:00033890       ?und_strlen@@YAIPBD@Z      10034890 f   LIBCMTD:undname.obj
 0001:000338d0       ?und_memcpy@@YAXPADPBDI@Z  100348d0 f   LIBCMTD:undname.obj
 0001:00033910       ?und_strncmp@@YAIPBD0I@Z   10034910 f   LIBCMTD:undname.obj
 0001:00037aa0       _write_char                10038aa0 f   LIBCMTD:outputs.obj
 0001:00037b40       _write_multi_char          10038b40 f   LIBCMTD:outputs.obj
 0001:00037b80       _write_string              10038b80 f   LIBCMTD:outputs.obj
 0001:00037c90       ?__crtLCMapStringA_stat@@YAHPAUlocaleinfo_struct@@KKPBDHPADHHH@Z 10038c90 f   LIBCMTD:a_map.obj
 0001:00038230       ?strncnt@@YAHPBDH@Z        10039230 f   LIBCMTD:a_map.obj
 0001:000382e0       ?__crtGetStringTypeA_stat@@YAHPAUlocaleinfo_struct@@KPBDHPAGHHH@Z 100392e0 f   LIBCMTD:a_str.obj
 0001:00038730       __is_LFH_enabled           10039730 f   LIBCMTD:expand.obj
 0001:0003b750       ?__crtGetLocaleInfoW_stat@@YAHPAUlocaleinfo_struct@@KKPA_WHH@Z 1003c750 f   LIBCMTD:w_loc.obj
 0001:0003b7c0       ?__crtGetLocaleInfoA_stat@@YAHPAUlocaleinfo_struct@@KKPADHH@Z 1003c7c0 f   LIBCMTD:a_loc.obj
 0001:0003c9f0       _write_char                1003d9f0 f   LIBCMTD:woutput.obj
 0001:0003ca50       _write_multi_char          1003da50 f   LIBCMTD:woutput.obj
 0001:0003ca90       _write_string              1003da90 f   LIBCMTD:woutput.obj
 0001:0003e180       _write_char                1003f180 f   LIBCMTD:woutputs.obj
 0001:0003e1e0       _write_multi_char          1003f1e0 f   LIBCMTD:woutputs.obj
 0001:0003e220       _write_string              1003f220 f   LIBCMTD:woutputs.obj
 0001:00041b50       _write_char                10042b50 f   LIBCMTD:woutputp.obj
 0001:00041bb0       _write_multi_char          10042bb0 f   LIBCMTD:woutputp.obj
 0001:00041bf0       _write_string              10042bf0 f   LIBCMTD:woutputp.obj
 0001:00041cd0       ?strtoxl@@YAKPAUlocaleinfo_struct@@PBDPAPBDHH@Z 10042cd0 f   LIBCMTD:strtol.obj
 0001:00043490       __tsopen_nolock            10044490 f   LIBCMTD:open.obj
 0001:00045020       ?x_ismbbtype_l@@YAHPAUlocaleinfo_struct@@IHH@Z 10046020 f   LIBCMTD:ismbbyte.obj
 0001:00045240       __get_lc_time              10046240 f   LIBCMTD:inittime.obj
 0001:00045e60       _fix_grouping              10046e60 f   LIBCMTD:initnum.obj
 0001:000463d0       _fix_grouping              100473d0 f   LIBCMTD:initmon.obj
 0001:00047ac0       ?_expandtime@@YAHPAUlocaleinfo_struct@@DPBUtm@@PAPADPAIPAU__lc_time_data@@I@Z 10048ac0 f   LIBCMTD:strftime.obj
 0001:00048a90       ?_store_str@@YAXPADPAPADPAI@Z 10049a90 f   LIBCMTD:strftime.obj
 0001:00048ae0       ?_store_num@@YAXHHPAPADPAII@Z 10049ae0 f   LIBCMTD:strftime.obj
 0001:00048b90       ?_store_number@@YAXHPAPADPAI@Z 10049b90 f   LIBCMTD:strftime.obj
 0001:00048c40       ?_store_winword@@YAHPAUlocaleinfo_struct@@HPBUtm@@PAPADPAIPAU__lc_time_data@@@Z 10049c40 f   LIBCMTD:strftime.obj
 0001:00049970       _TranslateName             1004a970 f   LIBCMTD:getqloc.obj
 0001:00049a00       _GetLcidFromLangCountry    1004aa00 f   LIBCMTD:getqloc.obj
 0001:00049ac0       _LangCountryEnumProc@4     1004aac0 f   LIBCMTD:getqloc.obj
 0001:00049f00       _GetLcidFromLanguage       1004af00 f   LIBCMTD:getqloc.obj
 0001:00049f80       _LanguageEnumProc@4        1004af80 f   LIBCMTD:getqloc.obj
 0001:0004a120       _GetLcidFromCountry        1004b120 f   LIBCMTD:getqloc.obj
 0001:0004a170       _CountryEnumProc@4         1004b170 f   LIBCMTD:getqloc.obj
 0001:0004a270       _GetLcidFromDefault        1004b270 f   LIBCMTD:getqloc.obj
 0001:0004a2b0       _ProcessCodePage           1004b2b0 f   LIBCMTD:getqloc.obj
 0001:0004a380       _TestDefaultCountry        1004b380 f   LIBCMTD:getqloc.obj
 0001:0004a3d0       _TestDefaultLanguage       1004b3d0 f   LIBCMTD:getqloc.obj
 0001:0004a470       _LcidFromHexString         1004b470 f   LIBCMTD:getqloc.obj
 0001:0004a4f0       _GetPrimaryLen             1004b4f0 f   LIBCMTD:getqloc.obj
 0001:0004b1f0       _xtoa_s@20                 1004c1f0 f   LIBCMTD:xtoas.obj
 0001:0004b610       @x64toa_s@24               1004c610 f   LIBCMTD:xtoas.obj
 0001:0004be70       ?wcsncnt@@YAIPB_WI@Z       1004ce70 f   LIBCMTD:wcstombs.obj
 0001:0004cee0       ?wcstoxl@@YAKPAUlocaleinfo_struct@@PB_WPAPB_WHH@Z 1004dee0 f   LIBCMTD:wcstol.obj
 0001:00050050       __tzset_nolock             10051050 f   LIBCMTD:tzset.obj
 0001:00050660       __isindst_nolock           10051660 f   LIBCMTD:tzset.obj
 0001:000509c0       _cvtdate                   100519c0 f   LIBCMTD:tzset.obj
 0001:00051020       ?strtoxq@@YA_KPAUlocaleinfo_struct@@PBDPAPBDHH@Z 10052020 f   LIBCMTD:strtoq.obj
 0001:00051640       ?__crtGetStringTypeW_stat@@YAHPAUlocaleinfo_struct@@KPB_WHPAGHH@Z 10052640 f   LIBCMTD:w_str.obj
 0001:00052230       __getenv_s_helper          10053230 f   LIBCMTD:getenv.obj
 0001:000524a0       __dupenv_s_helper          100534a0 f   LIBCMTD:getenv.obj
 0001:00052a80       ?__crtCompareStringA_stat@@YAHPAUlocaleinfo_struct@@KKPBDH1HH@Z 10053a80 f   LIBCMTD:a_cmp.obj
 0001:00052f90       ?strncnt@@YAHPBDH@Z        10053f90 f   LIBCMTD:a_cmp.obj
 0001:00053750       _findenv                   10054750 f   LIBCMTD:setenv.obj
 0001:000537d0       _copy_environ              100547d0 f   LIBCMTD:setenv.obj
 0001:00053d70       __ehhandler$_InitALCrypto@12 10054d70 f   alcrypto3.obj
 0001:00053d8b       __ehhandler$_rsa_get_public_blob@12 10054d8b f   alcrypto3.obj
 0001:00053da6       __ehhandler$_rsa_generate@16 10054da6 f   alcrypto3.obj
 0001:00053dc1       __ehhandler$_rsa_generate2@8 10054dc1 f   alcrypto3.obj
 0001:00053ddc       __ehhandler$_rsa_encrypt@16 10054ddc f   alcrypto3.obj
 0001:00053df7       __ehhandler$_rsa_decrypt@16 10054df7 f   alcrypto3.obj
 0001:00053e12       __ehhandler$_rsa_public_key_blob@12 10054e12 f   alcrypto3.obj
 0001:00053e2d       __ehhandler$_rsa_private_key_blob@12 10054e2d f   alcrypto3.obj
 0001:00053e48       __ehhandler$_rsa_createkey@20 10054e48 f   alcrypto3.obj
 0001:00053e63       __ehhandler$_rsa_sign@20   10054e63 f   alcrypto3.obj
 0001:00053e7e       __ehhandler$_rsa_verifysig@20 10054e7e f   alcrypto3.obj
 0001:00053e99       __ehhandler$_rsa_freekey@4 10054e99 f   alcrypto3.obj
 0001:00053eb4       __ehhandler$_md5_hash@12   10054eb4 f   alcrypto3.obj
 0001:00053ecf       __ehhandler$_getHardDriveFirmware@4 10054ecf f   alcrypto3.obj
 0001:00053eea       __ehhandler$_GetWindowsVersion@0 10054eea f   alcrypto3.obj
 0001:00053f10       __ehhandler$?CallUnexpected@@YAXPBU_s_ESTypeList@@@Z 10054f10 f   LIBCMTD:frame.obj
 0001:00053f30       __unwindfunclet$?getSystemCP@@YAHH@Z$0 10054f30 f   LIBCMTD:mbctype.obj
 0001:00053f38       __ehhandler$?getSystemCP@@YAHH@Z 10054f38 f   LIBCMTD:mbctype.obj
 0001:00053f60       __unwindfunclet$?make@DNameStatusNode@@SAPAV1@W4DNameStatus@@@Z$0 10054f60 f   LIBCMTD:undname.obj
 0001:00053f6e       __ehhandler$?make@DNameStatusNode@@SAPAV1@W4DNameStatus@@@Z 10054f6e f   LIBCMTD:undname.obj
 0001:00053f90       __unwindfunclet$?strtoxl@@YAKPAUlocaleinfo_struct@@PBDPAPBDHH@Z$0 10054f90 f   LIBCMTD:strtol.obj
 0001:00053f98       __ehhandler$?strtoxl@@YAKPAUlocaleinfo_struct@@PBDPAPBDHH@Z 10054f98 f   LIBCMTD:strtol.obj
 0001:00053fc0       __unwindfunclet$?x_ismbbtype_l@@YAHPAUlocaleinfo_struct@@IHH@Z$0 10054fc0 f   LIBCMTD:ismbbyte.obj
 0001:00053fc8       __ehhandler$?x_ismbbtype_l@@YAHPAUlocaleinfo_struct@@IHH@Z 10054fc8 f   LIBCMTD:ismbbyte.obj
 0001:00053ff0       __unwindfunclet$?wcstoxl@@YAKPAUlocaleinfo_struct@@PB_WPAPB_WHH@Z$0 10054ff0 f   LIBCMTD:wcstol.obj
 0001:00053ff8       __ehhandler$?wcstoxl@@YAKPAUlocaleinfo_struct@@PB_WPAPB_WHH@Z 10054ff8 f   LIBCMTD:wcstol.obj
 0001:00054020       __unwindfunclet$?strtoxq@@YA_KPAUlocaleinfo_struct@@PBDPAPBDHH@Z$0 10055020 f   LIBCMTD:strtoq.obj
 0001:00054028       __ehhandler$?strtoxq@@YA_KPAUlocaleinfo_struct@@PBDPAPBDHH@Z 10055028 f   LIBCMTD:strtoq.obj
