 ALCrypto3NET

 Timestamp is 49b5b434 (Mon Mar 09 20:28:36 2009)

 Preferred load address is 10000000

 Start         Length     Name                   Class
 0001:00000000 00053dbcH .text                   CODE
 0001:00053dc0 000002d3H .text$x                 CODE
 0002:00000000 000001f0H .idata$5                DATA
 0002:000001f0 00000004H .CRT$XCA                DATA
 0002:000001f4 00000004H .CRT$XCZ                DATA
 0002:000001f8 00000004H .CRT$XIA                DATA
 0002:000001fc 00000010H .CRT$XIC                DATA
 0002:0000020c 00000004H .CRT$XIZ                DATA
 0002:00000210 00000004H .CRT$XPA                DATA
 0002:00000214 00000008H .CRT$XPX                DATA
 0002:0000021c 00000004H .CRT$XPXA               DATA
 0002:00000220 00000004H .CRT$XPZ                DATA
 0002:00000224 00000004H .CRT$XTA                DATA
 0002:00000228 00000004H .CRT$XTZ                DATA
 0002:00000230 00011620H .rdata                  DATA
 0002:00011850 0000005bH .rdata$debug            DATA
 0002:000118ac 000001c4H .rdata$r                DATA
 0002:00011a70 0000006cH .rdata$sxdata           DATA
 0002:00011adc 00000004H .rtc$IAA                DATA
 0002:00011ae0 0000003cH .rtc$IMZ                DATA
 0002:00011b1c 00000004H .rtc$IZZ                DATA
 0002:00011b20 00000004H .rtc$TAA                DATA
 0002:00011b24 0000003cH .rtc$TMZ                DATA
 0002:00011b60 00000004H .rtc$TZZ                DATA
 0002:00011b68 0000139cH .xdata$x                DATA
 0002:00012f04 0000003cH .idata$2                DATA
 0002:00012f40 00000014H .idata$3                DATA
 0002:00012f54 000001f0H .idata$4                DATA
 0002:00013144 000008c4H .idata$6                DATA
 0002:00013a10 000001adH .edata                  DATA
 0003:00000000 000011e0H .data                   DATA
 0003:000011e0 00002ea4H .bss                    DATA
 0004:00000000 00000058H .rsrc$01                DATA
 0004:00000060 000003b8H .rsrc$02                DATA

  Address         Publics by Value              Rva+Base       Lib:Object

 0000:00000000       __except_list              00000000     <absolute>
 0000:0000001b       ___safe_se_handler_count   0000001b     <absolute>
 0000:00000000       ___ImageBase               10000000     <linker-defined>
 0001:00000000       _InitALCrypto@12           10001000 f   alcrypto3.obj
 0001:000000b0       _rsa_get_public_blob@12    100010b0 f   alcrypto3.obj
 0001:00000160       _rsa_generate@16           10001160 f   alcrypto3.obj
 0001:00000210       _rsa_generate2@8           10001210 f   alcrypto3.obj
 0001:000002b0       _rsa_encrypt@16            100012b0 f   alcrypto3.obj
 0001:00000360       _rsa_decrypt@16            10001360 f   alcrypto3.obj
 0001:00000410       _rsa_public_key_blob@12    10001410 f   alcrypto3.obj
 0001:000004c0       _rsa_private_key_blob@12   100014c0 f   alcrypto3.obj
 0001:00000570       _rsa_createkey@20          10001570 f   alcrypto3.obj
 0001:00000620       _rsa_sign@20               10001620 f   alcrypto3.obj
 0001:000006d0       _rsa_verifysig@20          100016d0 f   alcrypto3.obj
 0001:00000780       _rsa_freekey@4             10001780 f   alcrypto3.obj
 0001:00000820       _md5_hash@12               10001820 f   alcrypto3.obj
 0001:000008d0       _getHardDriveFirmware@4    100018d0 f   alcrypto3.obj
 0001:00000970       _GetWindowsVersion@0       10001970 f   alcrypto3.obj
 0001:00000a10       _DllMain@12                10001a10 f   alcrypto3.obj
 0001:00000a30       _bn_restore_invariant      10001a30 f   bignum.obj
 0001:00000a70       _copybn                    10001a70 f   bignum.obj
 0001:00000ad0       _freebn                    10001ad0 f   bignum.obj
 0001:00000b10       _bn_power_2                10001b10 f   bignum.obj
 0001:00000bc0       _modpow                    10001bc0 f   bignum.obj
 0001:00001530       _modmul                    10002530 f   bignum.obj
 0001:00001a30       _decbn                     10002a30 f   bignum.obj
 0001:00001aa0       _bignum_from_bytes         10002aa0 f   bignum.obj
 0001:00001bb0       _bignum_to_bytes           10002bb0 f   bignum.obj
 0001:00001c30       _ssh1_read_bignum          10002c30 f   bignum.obj
 0001:00001ce0       _bignum_bitcount           10002ce0 f   bignum.obj
 0001:00001d70       _ssh1_bignum_length        10002d70 f   bignum.obj
 0001:00001da0       _bignum_byte               10002da0 f   bignum.obj
 0001:00001df0       _bignum_bit                10002df0 f   bignum.obj
 0001:00001e40       _bignum_set_bit            10002e40 f   bignum.obj
 0001:00001ee0       _ssh1_write_bignum         10002ee0 f   bignum.obj
 0001:00001fa0       _bignum_cmp                10002fa0 f   bignum.obj
 0001:00002080       _bignum_rshift             10003080 f   bignum.obj
 0001:000021b0       _bigmuladd                 100031b0 f   bignum.obj
 0001:00002460       _bigmul                    10003460 f   bignum.obj
 0001:00002480       _bignum_from_long          10003480 f   bignum.obj
 0001:00002500       _bignum_add_long           10003500 f   bignum.obj
 0001:00002600       _bignum_mod_short          10003600 f   bignum.obj
 0001:00002680       _diagbn                    10003680 f   bignum.obj
 0001:000027a0       _modinv                    100037a0 f   bignum.obj
 0001:00002dd0       _ALGetHardDriveFirmware@4  10003dd0 f   diskid32.obj
 0001:00003900       _AL_md5_hash@12            10004900 f   md5.obj
 0001:00003a20       _MD5Init                   10004a20 f   md5.obj
 0001:00003a90       _MD5Update                 10004a90 f   md5.obj
 0001:00004ed0       _MD5Final                  10005ed0 f   md5.obj
 0001:000050b0       _ALInitALCrypto@12         100060b0 f   memory.obj
 0001:000050e0       _cleanup_exit              100060e0 f   memory.obj
 0001:00005130       _safemalloc                10006130 f   memory.obj
 0001:00005210       _saferealloc               10006210 f   memory.obj
 0001:00005300       _safefree                  10006300 f   memory.obj
 0001:00005320       _base64_encode_atom        10006320 f   misc.obj
 0001:000053e0       _base64_decode_atom        100063e0 f   misc.obj
 0001:000055b0       _bufchain_init             100065b0 f   misc.obj
 0001:000055e0       _bufchain_clear            100065e0 f   misc.obj
 0001:00005640       _bufchain_size             10006640 f   misc.obj
 0001:00005650       _bufchain_add              10006650 f   misc.obj
 0001:000057e0       _bufchain_consume          100067e0 f   misc.obj
 0001:000058e0       _bufchain_prefix           100068e0 f   misc.obj
 0001:00005910       _bufchain_fetch            10006910 f   misc.obj
 0001:00005a00       _dprintf                   10006a00 f   misc.obj
 0001:00005bb0       _debug_memdump             10006bb0 f   misc.obj
 0001:00005da0       _noise_get_heavy           10006da0 f   noise.obj
 0001:00005f30       _noise_get_light           10006f30 f   noise.obj
 0001:00006050       _noise_regular             10007050 f   noise.obj
 0001:00006230       _noise_ultralight          10007230 f   noise.obj
 0001:00006300       _read_random_seed          10007300 f   noise.obj
 0001:000065d0       _write_random_seed         100075d0 f   noise.obj
 0001:00006740       _GetPortVal                10007740 f   port32.obj
 0001:00006aa0       _SetPortVal                10007aa0 f   port32.obj
 0001:00006bd0       _primegen                  10007bd0 f   prime.obj
 0001:00007370       _primegen2                 10008370 f   prime.obj
 0001:00007ac0       _random_add_noise          10008ac0 f   rand.obj
 0001:00007da0       _random_init               10008da0 f   rand.obj
 0001:00007ee0       _random_byte               10008ee0 f   rand.obj
 0001:00007f30       _random_get_savedata       10008f30 f   rand.obj
 0001:00007f90       _AL_rsa_get_public_blob@12 10008f90 f   rsa.obj
 0001:00008100       _AL_rsa_encrypt@16         10009100 f   rsa.obj
 0001:00008240       _AL_rsa_decrypt@16         10009240 f   rsa.obj
 0001:00008330       _AL_rsa_public_key_blob@12 10009330 f   rsa.obj
 0001:000087a0       _AL_rsa_private_key_blob@12 100097a0 f   rsa.obj
 0001:00008be0       _AL_rsa_createkey@20       10009be0 f   rsa.obj
 0001:00009160       _AL_rsa_freekey@4          1000a160 f   rsa.obj
 0001:000091f0       _AL_rsa_sign@20            1000a1f0 f   rsa.obj
 0001:00009500       _AL_rsa_verifysig@20       1000a500 f   rsa.obj
 0001:000097a0       _AL_rsa_generate@16        1000a7a0 f   rsag.obj
 0001:00009a90       _AL_rsa_generate2@8        1000aa90 f   rsag.obj
 0001:00009c30       _SHATransform              1000ac30 f   sha.obj
 0001:0000a0f0       _SHA_Simple                1000b0f0 f   sha.obj
 0001:0000a5c0       _ALGetWindowsVersion       1000b5c0 f   WindowsVersion.obj
 0001:0000a900       _InitializeWinIo           1000b900 f   winio.obj
 0001:0000aac0       _ShutdownWinIo             1000bac0 f   winio.obj
 0001:0000aad0       ?strrchr@@YAPADPADH@Z      1000bad0 f i winio.obj
 0001:0000aaec       _CloseHandle@4             1000baec f   kernel32:KERNEL32.dll
 0001:0000aaf2       _DeviceIoControl@32        1000baf2 f   kernel32:KERNEL32.dll
 0001:0000aaf8       _CreateFileA@28            1000baf8 f   kernel32:KERNEL32.dll
 0001:0000aafe       _WriteFile@20              1000bafe f   kernel32:KERNEL32.dll
 0001:0000ab04       _GetStdHandle@4            1000bb04 f   kernel32:KERNEL32.dll
 0001:0000ab0a       _AllocConsole@0            1000bb0a f   kernel32:KERNEL32.dll
 0001:0000ab10       _GetProcAddress@8          1000bb10 f   kernel32:KERNEL32.dll
 0001:0000ab16       _GetModuleHandleA@4        1000bb16 f   kernel32:KERNEL32.dll
 0001:0000ab1c       _FindClose@4               1000bb1c f   kernel32:KERNEL32.dll
 0001:0000ab22       _FindNextFileA@8           1000bb22 f   kernel32:KERNEL32.dll
 0001:0000ab28       _FindFirstFileA@8          1000bb28 f   kernel32:KERNEL32.dll
 0001:0000ab2e       _GetWindowsDirectoryA@8    1000bb2e f   kernel32:KERNEL32.dll
 0001:0000ab34       _GetSystemTimeAdjustment@12 1000bb34 f   kernel32:KERNEL32.dll
 0001:0000ab3a       _GetSystemTime@4           1000bb3a f   kernel32:KERNEL32.dll
 0001:0000ab40       _GetProcessTimes@20        1000bb40 f   kernel32:KERNEL32.dll
 0001:0000ab46       _GetCurrentProcess@0       1000bb46 f   kernel32:KERNEL32.dll
 0001:0000ab4c       _GetThreadTimes@20         1000bb4c f   kernel32:KERNEL32.dll
 0001:0000ab52       _GetCurrentThread@0        1000bb52 f   kernel32:KERNEL32.dll
 0001:0000ab58       _GlobalMemoryStatus@4      1000bb58 f   kernel32:KERNEL32.dll
 0001:0000ab5e       _QueryPerformanceCounter@4 1000bb5e f   kernel32:KERNEL32.dll
 0001:0000ab64       _GetTickCount@0            1000bb64 f   kernel32:KERNEL32.dll
 0001:0000ab6a       _ReadFile@20               1000bb6a f   kernel32:KERNEL32.dll
 0001:0000ab70       _GetEnvironmentVariableA@12 1000bb70 f   kernel32:KERNEL32.dll
 0001:0000ab76       _lstrcmpiA@8               1000bb76 f   kernel32:KERNEL32.dll
 0001:0000ab7c       _GetVersionExA@4           1000bb7c f   kernel32:KERNEL32.dll
 0001:0000ab82       _GetModuleFileNameA@12     1000bb82 f   kernel32:KERNEL32.dll
 0001:0000ab88       _MessageBoxA@16            1000bb88 f   user32:USER32.dll
 0001:0000ab8e       _GetCursorPos@4            1000bb8e f   user32:USER32.dll
 0001:0000ab94       _GetQueueStatus@4          1000bb94 f   user32:USER32.dll
 0001:0000ab9a       _GetClipboardOwner@0       1000bb9a f   user32:USER32.dll
 0001:0000aba0       _GetCapture@0              1000bba0 f   user32:USER32.dll
 0001:0000aba6       _GetForegroundWindow@0     1000bba6 f   user32:USER32.dll
 0001:0000abac       _RegCloseKey@4             1000bbac f   advapi32:ADVAPI32.dll
 0001:0000abb2       _RegQueryValueExA@24       1000bbb2 f   advapi32:ADVAPI32.dll
 0001:0000abb8       _RegOpenKeyA@12            1000bbb8 f   advapi32:ADVAPI32.dll
 0001:0000abbe       _RegOpenKeyExA@20          1000bbbe f   advapi32:ADVAPI32.dll
 0001:0000abd0       ?_JumpToContinuation@@YGXPAXPAUEHRegistrationNode@@@Z 1000bbd0 f   LIBCMTD:_trnsctrl_.obj
 0001:0000ac10       ?_CallMemberFunction0@@YGXPAX0@Z 1000bc10 f   LIBCMTD:_trnsctrl_.obj
 0001:0000ac20       ?_CallMemberFunction1@@YGXPAX00@Z 1000bc20 f   LIBCMTD:_trnsctrl_.obj
 0001:0000ac30       ?_CallMemberFunction2@@YGXPAX00H@Z 1000bc30 f   LIBCMTD:_trnsctrl_.obj
 0001:0000ac40       ?_UnwindNestedFrames@@YGXPAUEHRegistrationNode@@PAUEHExceptionRecord@@@Z 1000bc40 f   LIBCMTD:_trnsctrl_.obj
 0001:0000aca0       ___CxxFrameHandler         1000bca0 f   LIBCMTD:_trnsctrl_.obj
 0001:0000ace0       ___CxxFrameHandler3        1000bce0 f   LIBCMTD:_trnsctrl_.obj
 0001:0000ad20       ___CxxFrameHandler2        1000bd20 f   LIBCMTD:_trnsctrl_.obj
 0001:0000ad60       ___CxxLongjmpUnwind@4      1000bd60 f   LIBCMTD:_trnsctrl_.obj
 0001:0000ad90       ?_CallCatchBlock2@@YAPAXPAUEHRegistrationNode@@PBU_s_FuncInfo@@PAXHK@Z 1000bd90 f   LIBCMTD:_trnsctrl_.obj
 0001:0000ae50       ?_CallSETranslator@@YAHPAUEHExceptionRecord@@PAUEHRegistrationNode@@PAX2PBU_s_FuncInfo@@H1@Z 1000be50 f   LIBCMTD:_trnsctrl_.obj
 0001:0000aff0       ?_GetRangeOfTrysToCheck@@YAPBU_s_TryBlockMapEntry@@PBU_s_FuncInfo@@HHPAI1@Z 1000bff0 f   LIBCMTD:_trnsctrl_.obj
 0001:0000b070       __CreateFrameInfo          1000c070 f   LIBCMTD:_trnsctrl_.obj
 0001:0000b0a0       __IsExceptionObjectToBeDestroyed 1000c0a0 f   LIBCMTD:_trnsctrl_.obj
 0001:0000b0d0       __FindAndUnlinkFrame       1000c0d0 f   LIBCMTD:_trnsctrl_.obj
 0001:0000b130       @__security_check_cookie@4 1000c130 f   LIBCMTD:secchk.obj
 0001:0000b140       __RTC_CheckEsp             1000c140 f   LIBCMTD:_stack_.obj
 0001:0000b170       @_RTC_CheckStackVars@8     1000c170 f   LIBCMTD:_stack_.obj
 0001:0000b1d0       @_RTC_AllocaHelper@12      1000c1d0 f   LIBCMTD:_stack_.obj
 0001:0000b210       @_RTC_CheckStackVars2@12   1000c210 f   LIBCMTD:_stack_.obj
 0001:0000b2f0       __RTC_InitBase             1000c2f0 f   LIBCMTD:_init_.obj
 0001:0000b320       __RTC_Shutdown             1000c320 f   LIBCMTD:_init_.obj
 0001:0000b340       __CxxThrowException@8      1000c340 f   LIBCMTD:throw.obj
 0001:0000b3a0       _memcpy                    1000c3a0 f   LIBCMTD:memcpy.obj
 0001:0000b710       _abort                     1000c710 f   LIBCMTD:abort.obj
 0001:0000b850       __set_abort_behavior       1000c850 f   LIBCMTD:abort.obj
 0001:0000b880       _memset                    1000c880 f   LIBCMTD:memset.obj
 0001:0000b900       ?name@type_info@@QBEPBDPAU__type_info_node@@@Z 1000c900 f   LIBCMTD:typinfo.obj
 0001:0000b920       ??1type_info@@UAE@XZ       1000c920 f   LIBCMTD:typinfo.obj
 0001:0000b950       ??_Gtype_info@@UAEPAXI@Z   1000c950 f i LIBCMTD:typinfo.obj
 0001:0000b950       ??_Etype_info@@UAEPAXI@Z   1000c950 f i LIBCMTD:typinfo.obj
 0001:0000b980       ?_name_internal_method@type_info@@QBEPBDPAU__type_info_node@@@Z 1000c980 f   LIBCMTD:typinfo.obj
 0001:0000b9a0       ?_type_info_dtor_internal_method@type_info@@QAEXXZ 1000c9a0 f   LIBCMTD:typinfo.obj
 0001:0000b9c0       ??8type_info@@QBE_NABV0@@Z 1000c9c0 f   LIBCMTD:typinfo.obj
 0001:0000b9f0       ??9type_info@@QBE_NABV0@@Z 1000c9f0 f   LIBCMTD:typinfo.obj
 0001:0000ba20       ?before@type_info@@QBEHABV1@@Z 1000ca20 f   LIBCMTD:typinfo.obj
 0001:0000ba50       ?raw_name@type_info@@QBEPBDXZ 1000ca50 f   LIBCMTD:typinfo.obj
 0001:0000ba70       ??0type_info@@AAE@ABV0@@Z  1000ca70 f   LIBCMTD:typinfo.obj
 0001:0000ba90       ??4type_info@@AAEAAV0@ABV0@@Z 1000ca90 f   LIBCMTD:typinfo.obj
 0001:0000bab0       _strncpy                   1000cab0 f   LIBCMTD:strncpy.obj
 0001:0000bbe0       _strcpy                    1000cbe0 f   LIBCMTD:strcat.obj
 0001:0000bbf0       _strcat                    1000cbf0 f   LIBCMTD:strcat.obj
 0001:0000bce0       _sprintf                   1000cce0 f   LIBCMTD:sprintf.obj
 0001:0000be60       __sprintf_l                1000ce60 f   LIBCMTD:sprintf.obj
 0001:0000be90       _sprintf_s                 1000ce90 f   LIBCMTD:sprintf.obj
 0001:0000bec0       __sprintf_s_l              1000cec0 f   LIBCMTD:sprintf.obj
 0001:0000bef0       __snprintf_s               1000cef0 f   LIBCMTD:sprintf.obj
 0001:0000bf20       __snprintf_s_l             1000cf20 f   LIBCMTD:sprintf.obj
 0001:0000bf50       __sprintf_p                1000cf50 f   LIBCMTD:sprintf.obj
 0001:0000bf80       __sprintf_p_l              1000cf80 f   LIBCMTD:sprintf.obj
 0001:0000bfb0       __scprintf                 1000cfb0 f   LIBCMTD:sprintf.obj
 0001:0000bfd0       __scprintf_p               1000cfd0 f   LIBCMTD:sprintf.obj
 0001:0000bff0       __scprintf_l               1000cff0 f   LIBCMTD:sprintf.obj
 0001:0000c020       __scprintf_p_l             1000d020 f   LIBCMTD:sprintf.obj
 0001:0000c050       _strlen                    1000d050 f   LIBCMTD:strlen.obj
 0001:0000c0e0       __crt_waiting_on_module_handle 1000d0e0 f   LIBCMTD:crt0dat.obj
 0001:0000c140       __cinit                    1000d140 f   LIBCMTD:crt0dat.obj
 0001:0000c1e0       _exit                      1000d1e0 f   LIBCMTD:crt0dat.obj
 0001:0000c200       __exit                     1000d200 f   LIBCMTD:crt0dat.obj
 0001:0000c220       __cexit                    1000d220 f   LIBCMTD:crt0dat.obj
 0001:0000c240       __c_exit                   1000d240 f   LIBCMTD:crt0dat.obj
 0001:0000c260       __amsg_exit                1000d260 f   LIBCMTD:crt0dat.obj
 0001:0000c2a0       ___freeCrtMemory           1000d2a0 f   LIBCMTD:crt0dat.obj
 0001:0000c5f0       ___crtCorExitProcess       1000d5f0 f   LIBCMTD:crt0dat.obj
 0001:0000c630       ___crtExitProcess          1000d630 f   LIBCMTD:crt0dat.obj
 0001:0000c650       __lockexit                 1000d650 f   LIBCMTD:crt0dat.obj
 0001:0000c670       __unlockexit               1000d670 f   LIBCMTD:crt0dat.obj
 0001:0000c690       __init_pointers            1000d690 f   LIBCMTD:crt0dat.obj
 0001:0000c750       __initterm_e               1000d750 f   LIBCMTD:crt0dat.obj
 0001:0000c790       __get_wpgmptr              1000d790 f   LIBCMTD:crt0dat.obj
 0001:0000c880       __get_pgmptr               1000d880 f   LIBCMTD:crt0dat.obj
 0001:0000c970       _malloc                    1000d970 f   LIBCMTD:dbgmalloc.obj
 0001:0000c9a0       _realloc                   1000d9a0 f   LIBCMTD:dbgrealloc.obj
 0001:0000c9d0       _free                      1000d9d0 f   LIBCMTD:dbgfree.obj
 0001:0000c9f0       __wassert                  1000d9f0 f   LIBCMTD:wassert.obj
 0001:0000d580       __invoke_watson_if_error   1000e580 f i LIBCMTD:wassert.obj
 0001:0000d5f0       __vsprintf_l               1000e5f0 f   LIBCMTD:vsprintf.obj
 0001:0000d770       _vsprintf                  1000e770 f   LIBCMTD:vsprintf.obj
 0001:0000d790       __vscprintf_helper         1000e790 f   LIBCMTD:vsprintf.obj
 0001:0000d850       __vscprintf                1000e850 f   LIBCMTD:vsprintf.obj
 0001:0000d870       __vscprintf_l              1000e870 f   LIBCMTD:vsprintf.obj
 0001:0000d890       __vscprintf_p              1000e890 f   LIBCMTD:vsprintf.obj
 0001:0000d8b0       __vscprintf_p_l            1000e8b0 f   LIBCMTD:vsprintf.obj
 0001:0000d8d0       _fflush                    1000e8d0 f   LIBCMTD:fflush.obj
 0001:0000d970       __fflush_nolock            1000e970 f   LIBCMTD:fflush.obj
 0001:0000d9d0       __flush                    1000e9d0 f   LIBCMTD:fflush.obj
 0001:0000da90       __flushall                 1000ea90 f   LIBCMTD:fflush.obj
 0001:0000dc60       _fputs                     1000ec60 f   LIBCMTD:fputs.obj
 0001:0000df00       __fsopen                   1000ef00 f   LIBCMTD:fopen.obj
 0001:0000e110       _fopen                     1000f110 f   LIBCMTD:fopen.obj
 0001:0000e130       _fopen_s                   1000f130 f   LIBCMTD:fopen.obj
 0001:0000e1d0       __chkstk                   1000f1d0 f   LIBCMTD:chkstk.obj
 0001:0000e1d0       __alloca_probe             1000f1d0     LIBCMTD:chkstk.obj
 0001:0000e200       _DebuggerKnownHandle       1000f200 f   LIBCMTD:_error_.obj
 0001:0000e2c0       ?_RTC_Failure@@YAXPAXH@Z   1000f2c0 f   LIBCMTD:_error_.obj
 0001:0000e5d0       ?_RTC_StackFailure@@YAXPAXPBD@Z 1000f5d0 f   LIBCMTD:_error_.obj
 0001:0000e6d0       ?_RTC_AllocaFailure@@YAXPAXPAU_RTC_ALLOCA_NODE@@H@Z 1000f6d0 f   LIBCMTD:_error_.obj
 0001:0000e880       __RTC_UninitUse            1000f880 f   LIBCMTD:_error_.obj
 0001:0000e970       _memcmp                    1000f970 f   LIBCMTD:memcmp.obj
 0001:0000f3e0       _strrchr                   100103e0 f   LIBCMTD:strrchr.obj
 0001:0000f410       __CRT_INIT@12              10010410 f   LIBCMTD:dllcrt0.obj
 0001:0000f5e0       __DllMainCRTStartup@12     100105e0 f   LIBCMTD:dllcrt0.obj
 0001:0000f7d0       ___InternalCxxFrameHandler 100107d0 f   LIBCMTD:frame.obj
 0001:0000fdd0       ??0bad_exception@std@@QAE@PBD@Z 10010dd0 f i LIBCMTD:frame.obj
 0001:0000fe00       ??1bad_exception@std@@UAE@XZ 10010e00 f i LIBCMTD:frame.obj
 0001:0000fe20       ??_Ebad_exception@std@@UAEPAXI@Z 10010e20 f i LIBCMTD:frame.obj
 0001:0000fe20       ??_Gbad_exception@std@@UAEPAXI@Z 10010e20 f i LIBCMTD:frame.obj
 0001:0000fe50       ??0bad_exception@std@@QAE@ABV01@@Z 10010e50 f i LIBCMTD:frame.obj
 0001:00010000       ___TypeMatch               10011000 f   LIBCMTD:frame.obj
 0001:000100b0       ___FrameUnwindFilter       100110b0 f   LIBCMTD:frame.obj
 0001:00010130       ___FrameUnwindToState      10011130 f   LIBCMTD:frame.obj
 0001:00010670       ___BuildCatchObjectHelper  10011670 f   LIBCMTD:frame.obj
 0001:000108e0       ___BuildCatchObject        100118e0 f   LIBCMTD:frame.obj
 0001:000109f0       ___DestructExceptionObject 100119f0 f   LIBCMTD:frame.obj
 0001:00010aa0       ___AdjustPointer           10011aa0 f   LIBCMTD:frame.obj
 0001:00010af0       ?__uncaught_exception@@YA_NXZ 10011af0 f   LIBCMTD:frame.obj
 0001:00010b10       ___CxxExceptionFilter      10011b10 f   LIBCMTD:frame.obj
 0001:00010d00       ___CxxRegisterExceptionObject 10011d00 f   LIBCMTD:frame.obj
 0001:00010e30       ___CxxDetectRethrow        10011e30 f   LIBCMTD:frame.obj
 0001:00010ec0       ___CxxUnregisterExceptionObject 10011ec0 f   LIBCMTD:frame.obj
 0001:00011040       ___CxxQueryExceptionSize   10012040 f   LIBCMTD:frame.obj
 0001:00011050       ___CxxCallUnwindDtor       10012050 f   LIBCMTD:frame.obj
 0001:000110d0       ___CxxCallUnwindDelDtor    100120d0 f   LIBCMTD:frame.obj
 0001:00011150       ___CxxCallUnwindStdDelDtor 10012150 f   LIBCMTD:frame.obj
 0001:000111d0       ___CxxCallUnwindVecDtor    100121d0 f   LIBCMTD:frame.obj
 0001:00011400       ?_is_exception_typeof@@YAHABVtype_info@@PAU_EXCEPTION_POINTERS@@@Z 10012400 f   LIBCMTD:frame.obj
 0001:000114e0       __CallSettingFrame@12      100124e0 f   LIBCMTD:lowhelpr.obj
 0001:00011507       __NLG_Return               10012507     LIBCMTD:lowhelpr.obj
 0001:00011530       __encode_pointer           10012530 f   LIBCMTD:tidtable.obj
 0001:000115d0       __crt_wait_module_handle   100125d0 f i LIBCMTD:tidtable.obj
 0001:00011600       __encoded_null             10012600 f   LIBCMTD:tidtable.obj
 0001:00011620       __decode_pointer           10012620 f   LIBCMTD:tidtable.obj
 0001:000116c0       ___crtTlsAlloc@4           100126c0 f   LIBCMTD:tidtable.obj
 0001:000116d0       ___fls_getvalue@4          100126d0 f   LIBCMTD:tidtable.obj
 0001:000116f0       ___get_flsindex            100126f0 f   LIBCMTD:tidtable.obj
 0001:00011700       ___set_flsgetvalue         10012700 f   LIBCMTD:tidtable.obj
 0001:00011750       ___fls_setvalue@8          10012750 f   LIBCMTD:tidtable.obj
 0001:00011780       __mtinit                   10012780 f   LIBCMTD:tidtable.obj
 0001:00011990       __mtterm                   10012990 f   LIBCMTD:tidtable.obj
 0001:000119f0       __initptd                  100129f0 f   LIBCMTD:tidtable.obj
 0001:00011b50       __getptd_noexit            10012b50 f   LIBCMTD:tidtable.obj
 0001:00011c10       __getptd                   10012c10 f   LIBCMTD:tidtable.obj
 0001:00011c40       __freefls@4                10012c40 f   LIBCMTD:tidtable.obj
 0001:00011e50       __freeptd                  10012e50 f   LIBCMTD:tidtable.obj
 0001:00011ed0       ___threadid                10012ed0 f   LIBCMTD:tidtable.obj
 0001:00011ee0       ___threadhandle            10012ee0 f   LIBCMTD:tidtable.obj
 0001:00011ef0       __initp_eh_hooks           10012ef0 f   LIBCMTD:hooks.obj
 0001:00011f10       ?terminate@@YAXXZ          10012f10 f   LIBCMTD:hooks.obj
 0001:00011f90       ?unexpected@@YAXXZ         10012f90 f   LIBCMTD:hooks.obj
 0001:00011fc0       ?_inconsistency@@YAXXZ     10012fc0 f   LIBCMTD:hooks.obj
 0001:00012050       ___report_gsfailure        10013050 f   LIBCMTD:gs_report.obj
 0001:00012160       __RTC_NumErrors            10013160 f   LIBCMTD:_userapi_.obj
 0001:00012170       __RTC_GetErrDesc           10013170 f   LIBCMTD:_userapi_.obj
 0001:00012190       __RTC_SetErrorType         10013190 f   LIBCMTD:_userapi_.obj
 0001:000121c0       __RTC_SetErrorFunc         100131c0 f   LIBCMTD:_userapi_.obj
 0001:000121e0       __RTC_SetErrorFuncW        100131e0 f   LIBCMTD:_userapi_.obj
 0001:00012200       ?_RTC_GetErrorFunc@@YAP6AHHPBDH00ZZPBX@Z 10013200 f   LIBCMTD:_userapi_.obj
 0001:00012210       ?_RTC_GetErrorFuncW@@YAP6AHHPB_WH00ZZPBX@Z 10013210 f   LIBCMTD:_userapi_.obj
 0001:00012220       __chkesp                   10013220 f   LIBCMTD:chkesp.obj
 0001:00012260       __CRT_RTC_INIT             10013260 f   LIBCMTD:chkesp.obj
 0001:00012270       __CRT_RTC_INITW            10013270 f   LIBCMTD:chkesp.obj
 0001:00012280       __VEC_memcpy               10013280 f   LIBCMTD:p4_memcpy.obj
 0001:00012400       __get_sse2_info            10013400 f   LIBCMTD:cpu_disp.obj
 0001:00012530       ___sse2_available_init     10013530 f   LIBCMTD:cpu_disp.obj
 0001:00012550       __initp_misc_winsig        10013550 f   LIBCMTD:winsig.obj
 0001:00012580       _signal                    10013580 f   LIBCMTD:winsig.obj
 0001:00012a20       _raise                     10013a20 f   LIBCMTD:winsig.obj
 0001:00012d90       ___get_sigabrt             10013d90 f   LIBCMTD:winsig.obj
 0001:00012db0       ___fpecode                 10013db0 f   LIBCMTD:winsig.obj
 0001:00012dc0       ___pxcptinfoptrs           10013dc0 f   LIBCMTD:winsig.obj
 0001:00012dd0       __FF_MSGBANNER             10013dd0 f   LIBCMTD:crt0msg.obj
 0001:00012e20       __NMSG_WRITE               10013e20 f   LIBCMTD:crt0msg.obj
 0001:000130c0       __GET_RTERRMSG             100140c0 f   LIBCMTD:crt0msg.obj
 0001:00013110       __VEC_memzero              10014110 f   LIBCMTD:p4_memset.obj
 0001:00013200       ?_Type_info_dtor@type_info@@CAXPAV1@@Z 10014200 f   LIBCMTD:typname.obj
 0001:00013310       ?_Name_base@type_info@@CAPBDPBV1@PAU__type_info_node@@@Z 10014310 f   LIBCMTD:typname.obj
 0001:000134b0       ?_Type_info_dtor_internal@type_info@@CAXPAV1@@Z 100144b0 f   LIBCMTD:typname.obj
 0001:000135c0       ___unDNameHelper           100145c0 f   LIBCMTD:typname.obj
 0001:00013600       ?_Name_base_internal@type_info@@CAPBDPBV1@PAU__type_info_node@@@Z 10014600 f   LIBCMTD:typname.obj
 0001:000137c0       ___clean_type_info_names_internal 100147c0 f   LIBCMTD:typname.obj
 0001:00013880       ??3@YAXPAX@Z               10014880 f   LIBCMTD:dbgdel.obj
 0001:00013970       _strcmp                    10014970 f   LIBCMTD:strcmp.obj
 0001:00013a00       __flsbuf                   10014a00 f   LIBCMTD:_flsbuf.obj
 0001:00013cc0       __output_l                 10014cc0 f   LIBCMTD:output.obj
 0001:00014f80       ??0_LocaleUpdate@@QAE@PAUlocaleinfo_struct@@@Z 10015f80 f i LIBCMTD:output.obj
 0001:00015060       ??1_LocaleUpdate@@QAE@XZ   10016060 f i LIBCMTD:output.obj
 0001:00015090       ?GetLocaleT@_LocaleUpdate@@QAEPAUlocaleinfo_struct@@XZ 10016090 f i LIBCMTD:output.obj
 0001:00015210       _get_int_arg               10016210 f i LIBCMTD:output.obj
 0001:00015230       _get_int64_arg             10016230 f i LIBCMTD:output.obj
 0001:00015250       _get_short_arg             10016250 f i LIBCMTD:output.obj
 0001:00015270       __initp_misc_invarg        10016270 f   LIBCMTD:invarg.obj
 0001:00015280       __invalid_parameter        10016280 f   LIBCMTD:invarg.obj
 0001:000152f0       __invoke_watson            100162f0 f   LIBCMTD:invarg.obj
 0001:00015440       __set_invalid_parameter_handler 10016440 f   LIBCMTD:invarg.obj
 0001:00015490       __get_invalid_parameter_handler 10016490 f   LIBCMTD:invarg.obj
 0001:000154c0       ?_invalid_parameter@@YAXPBG00II@Z 100164c0 f   LIBCMTD:invarg.obj
 0001:000154f0       ?_invoke_watson@@YAXPBG00II@Z 100164f0 f   LIBCMTD:invarg.obj
 0001:00015520       __dosmaperr                10016520 f   LIBCMTD:dosmap.obj
 0001:00015550       __get_errno_from_oserr     10016550 f   LIBCMTD:dosmap.obj
 0001:000155d0       __set_errno                100165d0 f   LIBCMTD:dosmap.obj
 0001:00015600       __get_errno                10016600 f   LIBCMTD:dosmap.obj
 0001:00015680       __set_doserrno             10016680 f   LIBCMTD:dosmap.obj
 0001:000156b0       __get_doserrno             100166b0 f   LIBCMTD:dosmap.obj
 0001:00015730       __errno                    10016730 f   LIBCMTD:dosmap.obj
 0001:00015760       ___doserrno                10016760 f   LIBCMTD:dosmap.obj
 0001:00015790       __CrtSetReportHookW2       10016790 f   LIBCMTD:dbgrptw.obj
 0001:00015ab0       __CrtDbgReportW            10016ab0 f   LIBCMTD:dbgrptw.obj
 0001:00015af0       __CrtDbgReportWV           10016af0 f i LIBCMTD:dbgrptw.obj
 0001:00015b20       ___crtMessageWindowW       10016b20 f   LIBCMTD:dbgrptw.obj
 0001:00015f20       __invoke_watson_if_oneof   10016f20 f i LIBCMTD:dbgrptw.obj
 0001:00015f70       ?_CrtDbgReportW@@YAHHPBGH00ZZ 10016f70 f   LIBCMTD:dbgrptw.obj
 0001:00015fb0       __vsnprintf_helper         10016fb0 f   LIBCMTD:vsnprnc.obj
 0001:00016180       __vsnprintf_c              10017180 f   LIBCMTD:vsnprnc.obj
 0001:000161d0       __vsnprintf_c_l            100171d0 f   LIBCMTD:vsnprnc.obj
 0001:00016220       __vsprintf_s_l             10017220 f   LIBCMTD:vsnprnc.obj
 0001:00016490       _vsprintf_s                10017490 f   LIBCMTD:vsnprnc.obj
 0001:000164c0       __vsnprintf_s_l            100174c0 f   LIBCMTD:vsnprnc.obj
 0001:00016860       __vsnprintf_s              10017860 f   LIBCMTD:vsnprnc.obj
 0001:00016890       __vsprintf_p               10017890 f   LIBCMTD:vsnprnc.obj
 0001:000168e0       __vsprintf_p_l             100178e0 f   LIBCMTD:vsnprnc.obj
 0001:00016930       __onexit                   10017930 f   LIBCMTD:onexit.obj
 0001:00016b00       _atexit                    10017b00 f   LIBCMTD:onexit.obj
 0001:00016b20       ___onexitinit              10017b20 f   LIBCMTD:onexit.obj
 0001:00016b80       __RTC_Initialize           10017b80 f   LIBCMTD:_initsect_.obj
 0001:00016bb0       __RTC_Terminate            10017bb0 f   LIBCMTD:_initsect_.obj
 0001:00016be0       __initp_misc_cfltcvt_tab   10017be0 f   LIBCMTD:cmiscdat.obj
 0001:00016c30       __ValidateImageBase        10017c30 f   LIBCMTD:pesect.obj
 0001:00016c90       __FindPESection            10017c90 f   LIBCMTD:pesect.obj
 0001:00016d10       __IsNonwritableInCurrentImage 10017d10 f   LIBCMTD:pesect.obj
 0001:00016e30       ___updatetmbcinfo          10017e30 f   LIBCMTD:mbctype.obj
 0001:00016f40       __setmbcp                  10017f40 f   LIBCMTD:mbctype.obj
 0001:000172f0       __setmbcp_nolock           100182f0 f   LIBCMTD:mbctype.obj
 0001:00017ae0       __getmbcp                  10018ae0 f   LIBCMTD:mbctype.obj
 0001:00017b50       ___initmbctable            10018b50 f   LIBCMTD:mbctype.obj
 0001:00017b80       __malloc_dbg               10018b80 f   LIBCMTD:dbgheap.obj
 0001:00017bb0       __nh_malloc                10018bb0 f   LIBCMTD:dbgheap.obj
 0001:00017bd0       __nh_malloc_dbg            10018bd0 f   LIBCMTD:dbgheap.obj
 0001:00017ca0       __heap_alloc               10018ca0 f   LIBCMTD:dbgheap.obj
 0001:00018070       __heap_alloc_dbg           10019070 f   LIBCMTD:dbgheap.obj
 0001:000180d0       __calloc_dbg_impl          100190d0 f   LIBCMTD:dbgheap.obj
 0001:000181a0       __calloc_dbg               100191a0 f   LIBCMTD:dbgheap.obj
 0001:00018200       __recalloc                 10019200 f   LIBCMTD:dbgheap.obj
 0001:00018230       __realloc_dbg              10019230 f   LIBCMTD:dbgheap.obj
 0001:000188d0       __recalloc_dbg             100198d0 f   LIBCMTD:dbgheap.obj
 0001:000189d0       __expand                   100199d0 f   LIBCMTD:dbgheap.obj
 0001:00018a00       __expand_dbg               10019a00 f   LIBCMTD:dbgheap.obj
 0001:00018b10       __free_nolock              10019b10 f   LIBCMTD:dbgheap.obj
 0001:00018b30       __free_dbg                 10019b30 f   LIBCMTD:dbgheap.obj
 0001:00018bb0       __free_dbg_nolock          10019bb0 f   LIBCMTD:dbgheap.obj
 0001:00019090       __msize                    1001a090 f   LIBCMTD:dbgheap.obj
 0001:000190b0       __msize_dbg                1001a0b0 f   LIBCMTD:dbgheap.obj
 0001:000192a0       __CrtSetBreakAlloc         1001a2a0 f   LIBCMTD:dbgheap.obj
 0001:000192c0       __CrtSetDbgBlockType       1001a2c0 f   LIBCMTD:dbgheap.obj
 0001:000193b0       __CrtSetAllocHook          1001a3b0 f   LIBCMTD:dbgheap.obj
 0001:000193d0       __CrtGetAllocHook          1001a3d0 f   LIBCMTD:dbgheap.obj
 0001:00019430       __CrtCheckMemory           1001a430 f   LIBCMTD:dbgheap.obj
 0001:00019890       __CrtSetDbgFlag            1001a890 f   LIBCMTD:dbgheap.obj
 0001:000199e0       __CrtDoForAllClientObjects 1001a9e0 f   LIBCMTD:dbgheap.obj
 0001:00019b00       __CrtIsValidPointer        1001ab00 f   LIBCMTD:dbgheap.obj
 0001:00019b10       __CrtIsValidHeapPointer    1001ab10 f   LIBCMTD:dbgheap.obj
 0001:00019bb0       __CrtIsMemoryBlock         1001abb0 f   LIBCMTD:dbgheap.obj
 0001:00019d20       __CrtReportBlockType       1001ad20 f   LIBCMTD:dbgheap.obj
 0001:00019d50       __CrtSetDumpClient         1001ad50 f   LIBCMTD:dbgheap.obj
 0001:00019d70       __CrtGetDumpClient         1001ad70 f   LIBCMTD:dbgheap.obj
 0001:00019d80       __CrtMemCheckpoint         1001ad80 f   LIBCMTD:dbgheap.obj
 0001:00019fa0       __CrtMemDifference         1001afa0 f   LIBCMTD:dbgheap.obj
 0001:0001a1c0       __CrtMemDumpAllObjectsSince 1001b1c0 f   LIBCMTD:dbgheap.obj
 0001:0001a6b0       __CrtDumpMemoryLeaks       1001b6b0 f   LIBCMTD:dbgheap.obj
 0001:0001a720       __CrtMemDumpStatistics     1001b720 f   LIBCMTD:dbgheap.obj
 0001:0001a830       __aligned_malloc           1001b830 f   LIBCMTD:dbgheap.obj
 0001:0001a850       __aligned_malloc_dbg       1001b850 f   LIBCMTD:dbgheap.obj
 0001:0001a880       __aligned_realloc          1001b880 f   LIBCMTD:dbgheap.obj
 0001:0001a8b0       __aligned_recalloc         1001b8b0 f   LIBCMTD:dbgheap.obj
 0001:0001a8e0       __aligned_realloc_dbg      1001b8e0 f   LIBCMTD:dbgheap.obj
 0001:0001a910       __aligned_recalloc_dbg     1001b910 f   LIBCMTD:dbgheap.obj
 0001:0001a940       __aligned_offset_malloc    1001b940 f   LIBCMTD:dbgheap.obj
 0001:0001a960       __aligned_offset_malloc_dbg 1001b960 f   LIBCMTD:dbgheap.obj
 0001:0001ab00       __aligned_offset_realloc   1001bb00 f   LIBCMTD:dbgheap.obj
 0001:0001ab30       __aligned_offset_recalloc  1001bb30 f   LIBCMTD:dbgheap.obj
 0001:0001ab60       __aligned_offset_realloc_dbg 1001bb60 f   LIBCMTD:dbgheap.obj
 0001:0001ae30       __aligned_offset_recalloc_dbg 1001be30 f   LIBCMTD:dbgheap.obj
 0001:0001af40       __aligned_free             1001bf40 f   LIBCMTD:dbgheap.obj
 0001:0001af60       __aligned_free_dbg         1001bf60 f   LIBCMTD:dbgheap.obj
 0001:0001b010       __CrtSetDebugFillThreshold 1001c010 f   LIBCMTD:dbgheap.obj
 0001:0001b030       __CrtSetCheckCount         1001c030 f   LIBCMTD:dbgheap.obj
 0001:0001b050       __CrtGetCheckCount         1001c050 f   LIBCMTD:dbgheap.obj
 0001:0001b060       __aligned_msize            1001c060 f   LIBCMTD:dbgheap.obj
 0001:0001b080       __aligned_msize_dbg        1001c080 f   LIBCMTD:dbgheap.obj
 0001:0001b190       __except_handler4          1001c190 f   LIBCMTD:chandler4.obj
 0001:0001b3b0       __mtinitlocks              1001c3b0 f   LIBCMTD:mlock.obj
 0001:0001b440       __mtdeletelocks            1001c440 f   LIBCMTD:mlock.obj
 0001:0001b500       __mtinitlocknum            1001c500 f   LIBCMTD:mlock.obj
 0001:0001b650       __lock                     1001c650 f   LIBCMTD:mlock.obj
 0001:0001b690       __unlock                   1001c690 f   LIBCMTD:mlock.obj
 0001:0001b6b0       __lockerr_exit             1001c6b0 f   LIBCMTD:mlock.obj
 0001:0001b6d0       __initp_misc_winxfltr      1001c6d0 f   LIBCMTD:winxfltr.obj
 0001:0001b6e0       ___CppXcptFilter           1001c6e0 f   LIBCMTD:winxfltr.obj
 0001:0001b710       __XcptFilter               1001c710 f   LIBCMTD:winxfltr.obj
 0001:0001b940       __initp_misc_rand_s        1001c940 f   LIBCMTD:rand_s.obj
 0001:0001b950       _rand_s                    1001c950 f   LIBCMTD:rand_s.obj
 0001:0001bb70       ___getlocaleinfo           1001cb70 f   LIBCMTD:inithelp.obj
 0001:0001be10       __initp_misc_purevirt      1001ce10 f   LIBCMTD:inithelp.obj
 0001:0001be20       __initp_misc_initcrit      1001ce20 f   LIBCMTD:initcrit.obj
 0001:0001be30       ___crtInitCritSecAndSpinCount 1001ce30 f   LIBCMTD:initcrit.obj
 0001:0001bee0       __initp_heap_handler       1001cee0 f   LIBCMTD:handler.obj
 0001:0001bef0       ?_set_new_handler@@YAP6AHI@ZP6AHI@Z@Z 1001cef0 f   LIBCMTD:handler.obj
 0001:0001bf40       ?_set_new_handler@@YAP6AHI@ZH@Z 1001cf40 f   LIBCMTD:handler.obj
 0001:0001bf80       ?_query_new_handler@@YAP6AHI@ZXZ 1001cf80 f   LIBCMTD:handler.obj
 0001:0001bfa0       __callnewh                 1001cfa0 f   LIBCMTD:handler.obj
 0001:0001bfe0       ___crtMessageBoxW          1001cfe0 f   LIBCMTD:crtmboxw.obj
 0001:0001c200       __itow_s                   1001d200 f   LIBCMTD:xtows.obj
 0001:0001c5e0       __ltow_s                   1001d5e0 f   LIBCMTD:xtows.obj
 0001:0001c620       __ultow_s                  1001d620 f   LIBCMTD:xtows.obj
 0001:0001c640       __i64tow_s                 1001d640 f   LIBCMTD:xtows.obj
 0001:0001ca60       __ui64tow_s                1001da60 f   LIBCMTD:xtows.obj
 0001:0001ca80       _wcsncat_s                 1001da80 f   LIBCMTD:wcsncat_s.obj
 0001:0001cf30       _wcsncpy_s                 1001df30 f   LIBCMTD:wcsncpy_s.obj
 0001:0001d340       _wcscat_s                  1001e340 f   LIBCMTD:wcscat_s.obj
 0001:0001d730       _wcscpy_s                  1001e730 f   LIBCMTD:wcscpy_s.obj
 0001:0001da10       _fwprintf                  1001ea10 f   LIBCMTD:fwprintf.obj
 0001:0001db90       __fwprintf_l               1001eb90 f   LIBCMTD:fwprintf.obj
 0001:0001dbc0       __fwprintf_s_l             1001ebc0 f   LIBCMTD:fwprintf.obj
 0001:0001dbf0       _fwprintf_s                1001ebf0 f   LIBCMTD:fwprintf.obj
 0001:0001dc20       __fwprintf_p_l             1001ec20 f   LIBCMTD:fwprintf.obj
 0001:0001dc50       __fwprintf_p               1001ec50 f   LIBCMTD:fwprintf.obj
 0001:0001dc80       _setvbuf                   1001ec80 f   LIBCMTD:setvbuf.obj
 0001:0001df50       ___iob_func                1001ef50 f   LIBCMTD:_file.obj
 0001:0001df60       ___initstdio               1001ef60 f   LIBCMTD:_file.obj
 0001:0001e0b0       ___endstdio                1001f0b0 f   LIBCMTD:_file.obj
 0001:0001e0e0       __lock_file                1001f0e0 f   LIBCMTD:_file.obj
 0001:0001e140       __lock_file2               1001f140 f   LIBCMTD:_file.obj
 0001:0001e180       __unlock_file              1001f180 f   LIBCMTD:_file.obj
 0001:0001e1e0       __unlock_file2             1001f1e0 f   LIBCMTD:_file.obj
 0001:0001e220       _wcslen                    1001f220 f   LIBCMTD:wcslen.obj
 0001:0001e250       __set_error_mode           1001f250 f   LIBCMTD:errmode.obj
 0001:0001e310       ___set_app_type            1001f310 f   LIBCMTD:errmode.obj
 0001:0001e320       ___get_app_type            1001f320 f   LIBCMTD:errmode.obj
 0001:0001e330       __vswprintf_helper         1001f330 f   LIBCMTD:vswprnc.obj
 0001:0001e560       __vswprintf_c              1001f560 f   LIBCMTD:vswprnc.obj
 0001:0001e5b0       __vswprintf_c_l            1001f5b0 f   LIBCMTD:vswprnc.obj
 0001:0001e600       __vswprintf_s_l            1001f600 f   LIBCMTD:vswprnc.obj
 0001:0001e870       _vswprintf_s               1001f870 f   LIBCMTD:vswprnc.obj
 0001:0001e8a0       __vsnwprintf_s_l           1001f8a0 f   LIBCMTD:vswprnc.obj
 0001:0001ec50       __vsnwprintf_s             1001fc50 f   LIBCMTD:vswprnc.obj
 0001:0001ec80       __vswprintf_p              1001fc80 f   LIBCMTD:vswprnc.obj
 0001:0001ecd0       __vswprintf_p_l            1001fcd0 f   LIBCMTD:vswprnc.obj
 0001:0001ed20       __validate_param_reuseA    1001fd20 f   LIBCMTD:outputp.obj
 0001:0001ef90       __output_p_l               1001ff90 f   LIBCMTD:outputp.obj
 0001:00022b50       _get_crtdouble_arg         10023b50 f i LIBCMTD:outputp.obj
 0001:00022b70       __commit                   10023b70 f   LIBCMTD:commit.obj
 0001:00022d90       __fileno                   10023d90 f   LIBCMTD:fileno.obj
 0001:00022e10       __write                    10023e10 f   LIBCMTD:write.obj
 0001:00023040       __write_nolock             10024040 f   LIBCMTD:write.obj
 0001:00023b80       __stbuf                    10024b80 f   LIBCMTD:_sftbuf.obj
 0001:00023ce0       __ftbuf                    10024ce0 f   LIBCMTD:_sftbuf.obj
 0001:00023d70       _fwrite                    10024d70 f   LIBCMTD:fwrite.obj
 0001:00023e80       __fwrite_nolock            10024e80 f   LIBCMTD:fwrite.obj
 0001:00024250       __ioinit                   10025250 f   LIBCMTD:ioinit.obj
 0001:000246f0       __ioterm                   100256f0 f   LIBCMTD:ioinit.obj
 0001:00024790       __openfile                 10025790 f   LIBCMTD:_open.obj
 0001:00024f50       __getstream                10025f50 f   LIBCMTD:stream.obj
 0001:000251b0       __local_unwind4            100261b0 f   LIBCMTD:exsup4.obj
 0001:00025286       __seh_longjmp_unwind4@4    10026286 f   LIBCMTD:exsup4.obj
 0001:000252a2       @_EH4_CallFilterFunc@8     100262a2 f   LIBCMTD:exsup4.obj
 0001:000252b9       @_EH4_TransferToHandler@8  100262b9 f   LIBCMTD:exsup4.obj
 0001:000252d2       @_EH4_GlobalUnwind@4       100262d2 f   LIBCMTD:exsup4.obj
 0001:000252ec       @_EH4_LocalUnwind@16       100262ec f   LIBCMTD:exsup4.obj
 0001:00025310       ?_RTC_GetSrcLine@@YAHPAEPA_WKPAH1K@Z 10026310 f   LIBCMTD:_pdblkup_.obj
 0001:000257b0       __setenvp                  100267b0 f   LIBCMTD:stdenvp.obj
 0001:00025950       __setargv                  10026950 f   LIBCMTD:stdargv.obj
 0001:00025a70       __set_pgmptr               10026a70 f i LIBCMTD:stdargv.obj
 0001:00025de0       ___crtGetEnvironmentStringsA 10026de0 f   LIBCMTD:a_env.obj
 0001:00026000       ___heap_select             10027000 f   LIBCMTD:heapinit.obj
 0001:00026020       __heap_init                10027020 f   LIBCMTD:heapinit.obj
 0001:000260a0       __heap_term                100270a0 f   LIBCMTD:heapinit.obj
 0001:00026140       __get_heap_handle          10027140 f   LIBCMTD:heapinit.obj
 0001:00026180       ___security_init_cookie    10027180 f   LIBCMTD:gs_support.obj
 0001:00026260       ?_ValidateRead@@YAHPBXI@Z  10027260 f   LIBCMTD:validate.obj
 0001:00026290       ?_ValidateWrite@@YAHPAXI@Z 10027290 f   LIBCMTD:validate.obj
 0001:000262c0       ?_ValidateExecute@@YAHP6GHXZ@Z 100272c0 f   LIBCMTD:validate.obj
 0001:000262f0       ??0exception@std@@QAE@XZ   100272f0 f   LIBCMTD:stdexcpt.obj
 0001:00026320       ??_Gexception@std@@UAEPAXI@Z 10027320 f i LIBCMTD:stdexcpt.obj
 0001:00026320       ??_Eexception@std@@UAEPAXI@Z 10027320 f i LIBCMTD:stdexcpt.obj
 0001:00026350       ??0exception@std@@QAE@ABQBD@Z 10027350 f   LIBCMTD:stdexcpt.obj
 0001:000263e0       ??0exception@std@@QAE@ABQBDH@Z 100273e0 f   LIBCMTD:stdexcpt.obj
 0001:00026410       ??0exception@std@@QAE@ABV01@@Z 10027410 f   LIBCMTD:stdexcpt.obj
 0001:000264b0       ??4exception@std@@QAEAAV01@ABV01@@Z 100274b0 f   LIBCMTD:stdexcpt.obj
 0001:00026560       ??1exception@std@@UAE@XZ   10027560 f   LIBCMTD:stdexcpt.obj
 0001:00026590       ?what@exception@std@@UBEPBDXZ 10027590 f   LIBCMTD:stdexcpt.obj
 0001:000265c0       ??0bad_cast@std@@QAE@PBD@Z 100275c0 f   LIBCMTD:stdexcpt.obj
 0001:000265f0       ??_Gbad_cast@std@@UAEPAXI@Z 100275f0 f i LIBCMTD:stdexcpt.obj
 0001:000265f0       ??_Ebad_cast@std@@UAEPAXI@Z 100275f0 f i LIBCMTD:stdexcpt.obj
 0001:00026620       ??0bad_cast@std@@QAE@ABV01@@Z 10027620 f   LIBCMTD:stdexcpt.obj
 0001:00026650       ??1bad_cast@std@@UAE@XZ    10027650 f   LIBCMTD:stdexcpt.obj
 0001:00026670       ??0bad_typeid@std@@QAE@PBD@Z 10027670 f   LIBCMTD:stdexcpt.obj
 0001:000266a0       ??_Gbad_typeid@std@@UAEPAXI@Z 100276a0 f i LIBCMTD:stdexcpt.obj
 0001:000266a0       ??_Ebad_typeid@std@@UAEPAXI@Z 100276a0 f i LIBCMTD:stdexcpt.obj
 0001:000266d0       ??0bad_typeid@std@@QAE@ABV01@@Z 100276d0 f   LIBCMTD:stdexcpt.obj
 0001:00026700       ??1bad_typeid@std@@UAE@XZ  10027700 f   LIBCMTD:stdexcpt.obj
 0001:00026720       ??0__non_rtti_object@std@@QAE@PBD@Z 10027720 f   LIBCMTD:stdexcpt.obj
 0001:00026750       ??_G__non_rtti_object@std@@UAEPAXI@Z 10027750 f i LIBCMTD:stdexcpt.obj
 0001:00026750       ??_E__non_rtti_object@std@@UAEPAXI@Z 10027750 f i LIBCMTD:stdexcpt.obj
 0001:00026780       ??0__non_rtti_object@std@@QAE@ABV01@@Z 10027780 f   LIBCMTD:stdexcpt.obj
 0001:000267b0       ??1__non_rtti_object@std@@UAE@XZ 100277b0 f   LIBCMTD:stdexcpt.obj
 0001:000267d0       _memmove                   100277d0 f   LIBCMTD:memmove.obj
 0001:00026b38       __global_unwind2           10027b38 f   LIBCMTD:exsup.obj
 0001:00026b9d       __local_unwind2            10027b9d f   LIBCMTD:exsup.obj
 0001:00026c21       __abnormal_termination     10027c21 f   LIBCMTD:exsup.obj
 0001:00026c44       __NLG_Notify1              10027c44 f   LIBCMTD:exsup.obj
 0001:00026c4d       __NLG_Notify               10027c4d f   LIBCMTD:exsup.obj
 0001:00026c64       __NLG_Dispatch2            10027c64     LIBCMTD:exsup.obj
 0001:00026c64       __NLG_Dispatch             10027c64     LIBCMTD:exsup.obj
 0001:00026c6c       __NLG_Call                 10027c6c f   LIBCMTD:exsup.obj
 0001:00026c6e       __NLG_Return2              10027c6e     LIBCMTD:exsup.obj
 0001:00026c70       ____setlc_active_func      10027c70 f   LIBCMTD:setlocal.obj
 0001:00026c80       ____unguarded_readlc_active_add_func 10027c80 f   LIBCMTD:setlocal.obj
 0001:00026c90       ___freetlocinfo            10027c90 f   LIBCMTD:setlocal.obj
 0001:00026f70       ___addlocaleref            10027f70 f   LIBCMTD:setlocal.obj
 0001:00027090       ___removelocaleref         10028090 f   LIBCMTD:setlocal.obj
 0001:000271c0       ___updatetlocinfo          100281c0 f   LIBCMTD:setlocal.obj
 0001:00027310       __configthreadlocale       10028310 f   LIBCMTD:setlocal.obj
 0001:00027420       __locterm                  10028420 f   LIBCMTD:setlocal.obj
 0001:000274c0       __free_locale              100284c0 f   LIBCMTD:setlocal.obj
 0001:00027600       ___free_locale             10028600 f   LIBCMTD:setlocal.obj
 0001:00027620       __create_locale            10028620 f   LIBCMTD:setlocal.obj
 0001:00027850       ___create_locale           10028850 f   LIBCMTD:setlocal.obj
 0001:00027870       __get_current_locale       10028870 f   LIBCMTD:setlocal.obj
 0001:00027990       ___get_current_locale      10028990 f   LIBCMTD:setlocal.obj
 0001:000279a0       _setlocale                 100289a0 f   LIBCMTD:setlocal.obj
 0001:000288b0       __expandlocale             100298b0 f   LIBCMTD:setlocal.obj
 0001:00028b60       ___init_dummy              10029b60 f   LIBCMTD:setlocal.obj
 0001:00028b70       __strcats                  10029b70 f   LIBCMTD:setlocal.obj
 0001:00028bf0       ___lc_strtolc              10029bf0 f   LIBCMTD:setlocal.obj
 0001:00028df0       ___lc_lctostr              10029df0 f   LIBCMTD:setlocal.obj
 0001:00028e90       __CrtDefaultAllocHook      10029e90 f   LIBCMTD:dbghook.obj
 0001:00028ea0       __crt_debugger_hook        10029ea0 f   LIBCMTD:dbghook.obj
 0001:00028ec0       __CrtSetReportHook2        10029ec0 f   LIBCMTD:dbgrpt.obj
 0001:000291e0       __CrtDbgReport             1002a1e0 f   LIBCMTD:dbgrpt.obj
 0001:00029220       __CrtDbgReportV            1002a220 f i LIBCMTD:dbgrpt.obj
 0001:00029250       ___crtMessageWindowA       1002a250 f   LIBCMTD:dbgrpt.obj
 0001:00029650       ___crtMessageBoxA          1002a650 f   LIBCMTD:crtmbox.obj
 0001:00029870       _strcat_s                  1002a870 f   LIBCMTD:strcat_s.obj
 0001:00029c50       _strncpy_s                 1002ac50 f   LIBCMTD:strncpy_s.obj
 0001:0002a040       _strcpy_s                  1002b040 f   LIBCMTD:strcpy_s.obj
 0001:0002a320       ___unDName                 1002b320 f   LIBCMTD:undname.obj
 0001:0002a400       ?Constructor@HeapManager@@QAEXP6APAXI@ZP6AXPAX@Z@Z 1002b400 f i LIBCMTD:undname.obj
 0001:0002a440       ?Destructor@HeapManager@@QAEXXZ 1002b440 f i LIBCMTD:undname.obj
 0001:0002a490       ___unDNameEx               1002b490 f   LIBCMTD:undname.obj
 0001:0002a570       ??0UnDecorator@@QAE@PADPBDHP6APADJ@ZK@Z 1002b570 f i LIBCMTD:undname.obj
 0001:0002a610       ??BUnDecorator@@QAEPADXZ   1002b610 f i LIBCMTD:undname.obj
 0001:0002a840       ?dbGetString@DName@@QBEPADXZ 1002b840 f   LIBCMTD:undname.obj
 0001:0002a870       ?getDecoratedName@UnDecorator@@CA?AVDName@@XZ 1002b870 f   LIBCMTD:undname.obj
 0001:0002ab80       ?getSymbolName@UnDecorator@@CA?AVDName@@XZ 1002bb80 f i LIBCMTD:undname.obj
 0001:0002ac00       ?getZName@UnDecorator@@CA?AVDName@@_N0@Z 1002bc00 f   LIBCMTD:undname.obj
 0001:0002aea0       ?getOperatorName@UnDecorator@@CA?AVDName@@_NPA_N@Z 1002bea0 f i LIBCMTD:undname.obj
 0001:0002b810       ?getStringEncoding@UnDecorator@@CA?AVDName@@PADH@Z 1002c810 f   LIBCMTD:undname.obj
 0001:0002b910       ?getScope@UnDecorator@@CA?AVDName@@XZ 1002c910 f   LIBCMTD:undname.obj
 0001:0002bcf0       ?getSignedDimension@UnDecorator@@CA?AVDName@@XZ 1002ccf0 f   LIBCMTD:undname.obj
 0001:0002bd70       ?getDimension@UnDecorator@@CA?AVDName@@_N@Z 1002cd70 f   LIBCMTD:undname.obj
 0001:0002c020       ?getNumberOfDimensions@UnDecorator@@CAHXZ 1002d020 f   LIBCMTD:undname.obj
 0001:0002c120       ?getTemplateName@UnDecorator@@CA?AVDName@@_N@Z 1002d120 f   LIBCMTD:undname.obj
 0001:0002c2e0       ?getTemplateArgumentList@UnDecorator@@CA?AVDName@@XZ 1002d2e0 f   LIBCMTD:undname.obj
 0001:0002c560       ?getTemplateConstant@UnDecorator@@CA?AVDName@@XZ 1002d560 f   LIBCMTD:undname.obj
 0001:0002c9f0       ?composeDeclaration@UnDecorator@@CA?AVDName@@ABV2@@Z 1002d9f0 f i LIBCMTD:undname.obj
 0001:0002dff0       ?getTypeEncoding@UnDecorator@@CAHXZ 1002eff0 f i LIBCMTD:undname.obj
 0001:0002ea30       ?getBasedType@UnDecorator@@CA?AVDName@@XZ 1002fa30 f   LIBCMTD:undname.obj
 0001:0002eaf0       ?getScopedName@UnDecorator@@CA?AVDName@@XZ 1002faf0 f   LIBCMTD:undname.obj
 0001:0002ec10       ?getCallingConvention@UnDecorator@@CA?AVDName@@XZ 1002fc10 f   LIBCMTD:undname.obj
 0001:0002ed70       ?getReturnType@UnDecorator@@CA?AVDName@@PAV2@@Z 1002fd70 f   LIBCMTD:undname.obj
 0001:0002edc0       ?getDataType@UnDecorator@@CA?AVDName@@PAV2@@Z 1002fdc0 f   LIBCMTD:undname.obj
 0001:0002eed0       ?getPrimaryDataType@UnDecorator@@CA?AVDName@@ABV2@@Z 1002fed0 f   LIBCMTD:undname.obj
 0001:0002f180       ?getArgumentTypes@UnDecorator@@CA?AVDName@@XZ 10030180 f   LIBCMTD:undname.obj
 0001:0002f2e0       ?getArgumentList@UnDecorator@@CA?AVDName@@XZ 100302e0 f   LIBCMTD:undname.obj
 0001:0002f430       ?getThrowTypes@UnDecorator@@CA?AVDName@@XZ 10030430 f   LIBCMTD:undname.obj
 0001:0002f4e0       ?getBasicDataType@UnDecorator@@CA?AVDName@@ABV2@@Z 100304e0 f   LIBCMTD:undname.obj
 0001:0002fa90       ?getECSUDataType@UnDecorator@@CA?AVDName@@XZ 10030a90 f   LIBCMTD:undname.obj
 0001:0002fc60       ?getECSUName@UnDecorator@@CA?AVDName@@XZ 10030c60 f i LIBCMTD:undname.obj
 0001:0002fc80       ?getEnumType@UnDecorator@@CA?AVDName@@XZ 10030c80 f i LIBCMTD:undname.obj
 0001:0002fdd0       ?getFunctionIndirectType@UnDecorator@@CA?AVDName@@ABV2@@Z 10030dd0 f   LIBCMTD:undname.obj
 0001:00030210       ?getPtrRefType@UnDecorator@@CA?AVDName@@ABV2@0D@Z 10031210 f   LIBCMTD:undname.obj
 0001:00030370       ?getExtendedDataIndirectType@UnDecorator@@CA?AVDName@@AADAA_NH@Z 10031370 f   LIBCMTD:undname.obj
 0001:00030580       ?getDataIndirectType@UnDecorator@@CA?AVDName@@ABV2@D0H@Z 10031580 f   LIBCMTD:undname.obj
 0001:00030c80       ?getPtrRefDataType@UnDecorator@@CA?AVDName@@ABV2@H@Z 10031c80 f i LIBCMTD:undname.obj
 0001:00030dc0       ?getArrayType@UnDecorator@@CA?AVDName@@ABV2@@Z 10031dc0 f i LIBCMTD:undname.obj
 0001:00030ff0       ?getLexicalFrame@UnDecorator@@CA?AVDName@@XZ 10031ff0 f i LIBCMTD:undname.obj
 0001:00031030       ?getThisType@UnDecorator@@CA?AVDName@@XZ 10032030 f i LIBCMTD:undname.obj
 0001:00031070       ?getPointerType@UnDecorator@@CA?AVDName@@ABV2@0@Z 10032070 f i LIBCMTD:undname.obj
 0001:00031090       ?getPointerTypeArray@UnDecorator@@CA?AVDName@@ABV2@0@Z 10032090 f i LIBCMTD:undname.obj
 0001:000310b0       ?getReferenceType@UnDecorator@@CA?AVDName@@ABV2@0@Z 100320b0 f i LIBCMTD:undname.obj
 0001:000310d0       ?getDisplacement@UnDecorator@@CA?AVDName@@XZ 100320d0 f i LIBCMTD:undname.obj
 0001:000310f0       ?getCallIndex@UnDecorator@@CA?AVDName@@XZ 100320f0 f i LIBCMTD:undname.obj
 0001:00031110       ?getGuardNumber@UnDecorator@@CA?AVDName@@XZ 10032110 f i LIBCMTD:undname.obj
 0001:00031130       ?getVbTableType@UnDecorator@@CA?AVDName@@ABV2@@Z 10032130 f i LIBCMTD:undname.obj
 0001:00031150       ?getVCallThunkType@UnDecorator@@CA?AVDName@@XZ 10032150 f i LIBCMTD:undname.obj
 0001:000311b0       ?getVfTableType@UnDecorator@@CA?AVDName@@ABV2@@Z 100321b0 f i LIBCMTD:undname.obj
 0001:00031370       ?getStorageConvention@UnDecorator@@CA?AVDName@@XZ 10032370 f i LIBCMTD:undname.obj
 0001:00031390       ?getDataIndirectType@UnDecorator@@CA?AVDName@@XZ 10032390 f i LIBCMTD:undname.obj
 0001:000313d0       ?getVdispMapType@UnDecorator@@CA?AVDName@@ABV2@@Z 100323d0 f i LIBCMTD:undname.obj
 0001:00031440       ?getExternalDataType@UnDecorator@@CA?AVDName@@ABV2@@Z 10032440 f i LIBCMTD:undname.obj
 0001:000314d0       ?doMSKeywords@UnDecorator@@SAHXZ 100324d0 f i LIBCMTD:undname.obj
 0001:000314f0       ?doPtr64@UnDecorator@@SAHXZ 100324f0 f i LIBCMTD:undname.obj
 0001:00031510       ?doFunctionReturns@UnDecorator@@SAHXZ 10032510 f i LIBCMTD:undname.obj
 0001:00031530       ?doAllocationModel@UnDecorator@@SAHXZ 10032530 f i LIBCMTD:undname.obj
 0001:00031550       ?doAllocationLanguage@UnDecorator@@SAHXZ 10032550 f i LIBCMTD:undname.obj
 0001:00031570       ?doThisTypes@UnDecorator@@SAHXZ 10032570 f i LIBCMTD:undname.obj
 0001:00031590       ?doAccessSpecifiers@UnDecorator@@SAHXZ 10032590 f i LIBCMTD:undname.obj
 0001:000315b0       ?doThrowTypes@UnDecorator@@SAHXZ 100325b0 f i LIBCMTD:undname.obj
 0001:000315d0       ?doMemberTypes@UnDecorator@@SAHXZ 100325d0 f i LIBCMTD:undname.obj
 0001:000315f0       ?doNameOnly@UnDecorator@@SAHXZ 100325f0 f i LIBCMTD:undname.obj
 0001:00031610       ?doTypeOnly@UnDecorator@@SAHXZ 10032610 f i LIBCMTD:undname.obj
 0001:00031630       ?haveTemplateParameters@UnDecorator@@SAHXZ 10032630 f i LIBCMTD:undname.obj
 0001:00031650       ?doEcsu@UnDecorator@@SAHXZ 10032650 f i LIBCMTD:undname.obj
 0001:00031670       ?doEllipsis@UnDecorator@@SAHXZ 10032670 f i LIBCMTD:undname.obj
 0001:00031690       ?UScore@UnDecorator@@SAPBDW4Tokens@@@Z 10032690 f   LIBCMTD:undname.obj
 0001:000316c0       ?doUnderScore@UnDecorator@@SAHXZ 100326c0 f i LIBCMTD:undname.obj
 0001:000316e0       ??2@YAPAXIAAVHeapManager@@H@Z 100326e0 f i LIBCMTD:undname.obj
 0001:00031700       ?getMemory@HeapManager@@QAEPAXIH@Z 10032700 f   LIBCMTD:undname.obj
 0001:00031810       ??0Block@HeapManager@@QAE@XZ 10032810 f i LIBCMTD:undname.obj
 0001:00031830       ??H@YA?AVDName@@DABV0@@Z   10032830 f i LIBCMTD:undname.obj
 0001:00031860       ??H@YA?AVDName@@W4DNameStatus@@ABV0@@Z 10032860 f i LIBCMTD:undname.obj
 0001:00031890       ??H@YA?AVDName@@PBDABV0@@Z 10032890 f i LIBCMTD:undname.obj
 0001:000318c0       ??0DName@@QAE@XZ           100328c0 f i LIBCMTD:undname.obj
 0001:00031980       ??0DName@@QAE@D@Z          10032980 f   LIBCMTD:undname.obj
 0001:00031a60       ??0DName@@QAE@ABV0@@Z      10032a60 f i LIBCMTD:undname.obj
 0001:00031a90       ??0DName@@QAE@PAV0@@Z      10032a90 f   LIBCMTD:undname.obj
 0001:00031bc0       ??0DName@@QAE@PBD@Z        10032bc0 f   LIBCMTD:undname.obj
 0001:00031ca0       ??0DName@@QAE@AAPBDD@Z     10032ca0 f   LIBCMTD:undname.obj
 0001:00031f60       ?doNoIdentCharCheck@UnDecorator@@SAHXZ 10032f60 f i LIBCMTD:undname.obj
 0001:00031f80       ??0DName@@QAE@_K@Z         10032f80 f   LIBCMTD:undname.obj
 0001:000320c0       ??0DName@@QAE@_J@Z         100330c0 f   LIBCMTD:undname.obj
 0001:00032240       ??0DName@@QAE@W4DNameStatus@@@Z 10033240 f   LIBCMTD:undname.obj
 0001:00032360       ?isValid@DName@@QBEHXZ     10033360 f i LIBCMTD:undname.obj
 0001:00032390       ?isEmpty@DName@@QBEHXZ     10033390 f i LIBCMTD:undname.obj
 0001:000323b0       ?status@DName@@QBE?AW4DNameStatus@@XZ 100333b0 f i LIBCMTD:undname.obj
 0001:000323d0       ?setPtrRef@DName@@QAEAAV1@XZ 100333d0 f i LIBCMTD:undname.obj
 0001:00032400       ?isPtrRef@DName@@QBEHXZ    10033400 f i LIBCMTD:undname.obj
 0001:00032420       ?isUDC@DName@@QBEHXZ       10033420 f i LIBCMTD:undname.obj
 0001:00032460       ?setIsUDC@DName@@QAEXXZ    10033460 f i LIBCMTD:undname.obj
 0001:00032490       ?isUDTThunk@DName@@QBEHXZ  10033490 f i LIBCMTD:undname.obj
 0001:000324d0       ?setIsArray@DName@@QAEXXZ  100334d0 f i LIBCMTD:undname.obj
 0001:000324f0       ?isArray@DName@@QBEHXZ     100334f0 f i LIBCMTD:undname.obj
 0001:00032510       ?isNoTE@DName@@QBEHXZ      10033510 f i LIBCMTD:undname.obj
 0001:00032530       ?setIsNoTE@DName@@QAEXXZ   10033530 f i LIBCMTD:undname.obj
 0001:00032550       ?isPinPtr@DName@@QBEHXZ    10033550 f i LIBCMTD:undname.obj
 0001:00032570       ?setIsPinPtr@DName@@QAEXXZ 10033570 f i LIBCMTD:undname.obj
 0001:00032590       ?isComArray@DName@@QBEHXZ  10033590 f i LIBCMTD:undname.obj
 0001:000325b0       ?setIsComArray@DName@@QAEXXZ 100335b0 f i LIBCMTD:undname.obj
 0001:000325d0       ?isVCallThunk@DName@@QBEHXZ 100335d0 f i LIBCMTD:undname.obj
 0001:000325f0       ?setIsVCallThunk@DName@@QAEXXZ 100335f0 f i LIBCMTD:undname.obj
 0001:00032610       ?length@DName@@QBEHXZ      10033610 f i LIBCMTD:undname.obj
 0001:00032640       ?getLastChar@DName@@QBEDXZ 10033640 f i LIBCMTD:undname.obj
 0001:00032670       ?getString@DName@@QBEPADPADH@Z 10033670 f i LIBCMTD:undname.obj
 0001:00032700       ?getString@DName@@QBEPADPAD0@Z 10033700 f i LIBCMTD:undname.obj
 0001:00032740       ??HDName@@QBE?AV0@D@Z      10033740 f   LIBCMTD:undname.obj
 0001:00032780       ??HDName@@QBE?AV0@PBD@Z    10033780 f   LIBCMTD:undname.obj
 0001:000327c0       ??HDName@@QBE?AV0@ABV0@@Z  100337c0 f   LIBCMTD:undname.obj
 0001:00032800       ??HDName@@QBE?AV0@PAV0@@Z  10033800 f   LIBCMTD:undname.obj
 0001:00032840       ??HDName@@QBE?AV0@W4DNameStatus@@@Z 10033840 f   LIBCMTD:undname.obj
 0001:00032880       ?append@DName@@AAEXPAVDNameNode@@@Z 10033880 f   LIBCMTD:undname.obj
 0001:00032910       ??YDName@@QAEAAV0@D@Z      10033910 f   LIBCMTD:undname.obj
 0001:000329a0       ??YDName@@QAEAAV0@PBD@Z    100339a0 f   LIBCMTD:undname.obj
 0001:00032a40       ??YDName@@QAEAAV0@ABV0@@Z  10033a40 f   LIBCMTD:undname.obj
 0001:00032ab0       ??YDName@@QAEAAV0@PAV0@@Z  10033ab0 f   LIBCMTD:undname.obj
 0001:00032b70       ??YDName@@QAEAAV0@W4DNameStatus@@@Z 10033b70 f   LIBCMTD:undname.obj
 0001:00032be0       ??_5DName@@QAEAAV0@ABV0@@Z 10033be0 f   LIBCMTD:undname.obj
 0001:00032c40       ??4DName@@QAEAAV0@D@Z      10033c40 f i LIBCMTD:undname.obj
 0001:00032d20       ??4DName@@QAEAAV0@PBD@Z    10033d20 f   LIBCMTD:undname.obj
 0001:00032e00       ??4DName@@QAEAAV0@ABV0@@Z  10033e00 f   LIBCMTD:undname.obj
 0001:00032e30       ??4DName@@QAEAAV0@PAV0@@Z  10033e30 f   LIBCMTD:undname.obj
 0001:00032f70       ??4DName@@QAEAAV0@W4DNameStatus@@@Z 10033f70 f   LIBCMTD:undname.obj
 0001:00033070       ?doPchar@DName@@AAEXPBDH@Z 10034070 f   LIBCMTD:undname.obj
 0001:000331b0       ?isFull@Replicator@@QBEHXZ 100341b0 f i LIBCMTD:undname.obj
 0001:000331d0       ??0Replicator@@QAE@XZ      100341d0 f i LIBCMTD:undname.obj
 0001:000331f0       ??YReplicator@@QAEAAV0@ABVDName@@@Z 100341f0 f   LIBCMTD:undname.obj
 0001:00033280       ??AReplicator@@QBE?AVDName@@H@Z 10034280 f   LIBCMTD:undname.obj
 0001:000332f0       ??0DNameNode@@IAE@XZ       100342f0 f   LIBCMTD:undname.obj
 0001:00033310       ??0charNode@@QAE@D@Z       10034310 f   LIBCMTD:undname.obj
 0001:00033340       ?length@charNode@@UBEHXZ   10034340 f i LIBCMTD:undname.obj
 0001:00033360       ?getLastChar@charNode@@UBEDXZ 10034360 f i LIBCMTD:undname.obj
 0001:00033380       ?getString@charNode@@UBEPADPAD0@Z 10034380 f i LIBCMTD:undname.obj
 0001:000333b0       ??0pcharNode@@QAE@PBDH@Z   100343b0 f   LIBCMTD:undname.obj
 0001:00033440       ?length@pcharNode@@UBEHXZ  10034440 f i LIBCMTD:undname.obj
 0001:00033460       ?getLastChar@pcharNode@@UBEDXZ 10034460 f i LIBCMTD:undname.obj
 0001:000334a0       ?getString@pcharNode@@UBEPADPAD0@Z 100344a0 f i LIBCMTD:undname.obj
 0001:000334d0       ?getStringHelper@@YAPADPAD00H@Z 100344d0 f i LIBCMTD:undname.obj
 0001:00033510       ??0pDNameNode@@QAE@PAVDName@@@Z 10034510 f   LIBCMTD:undname.obj
 0001:00033570       ?length@pDNameNode@@UBEHXZ 10034570 f i LIBCMTD:undname.obj
 0001:000335b0       ?getLastChar@pDNameNode@@UBEDXZ 100345b0 f i LIBCMTD:undname.obj
 0001:000335e0       ?getString@pDNameNode@@UBEPADPAD0@Z 100345e0 f i LIBCMTD:undname.obj
 0001:00033620       ??0DNameStatusNode@@AAE@W4DNameStatus@@@Z 10034620 f   LIBCMTD:undname.obj
 0001:00033670       ?length@DNameStatusNode@@UBEHXZ 10034670 f i LIBCMTD:undname.obj
 0001:00033690       ?getLastChar@DNameStatusNode@@UBEDXZ 10034690 f i LIBCMTD:undname.obj
 0001:000336b0       ?getString@DNameStatusNode@@UBEPADPAD0@Z 100346b0 f i LIBCMTD:undname.obj
 0001:000336f0       ?make@DNameStatusNode@@SAPAV1@W4DNameStatus@@@Z 100346f0 f i LIBCMTD:undname.obj
 0001:000337a0       ??0pairNode@@QAE@PAVDNameNode@@0@Z 100347a0 f   LIBCMTD:undname.obj
 0001:000337e0       ?length@pairNode@@UBEHXZ   100347e0 f i LIBCMTD:undname.obj
 0001:00033830       ?getLastChar@pairNode@@UBEDXZ 10034830 f i LIBCMTD:undname.obj
 0001:00033880       ?getString@pairNode@@UBEPADPAD0@Z 10034880 f i LIBCMTD:undname.obj
 0001:000339c0       _V6_HeapAlloc              100349c0 f   LIBCMTD:malloc.obj
 0001:00033a60       __malloc_base              10034a60 f   LIBCMTD:malloc.obj
 0001:00033af0       __heap_alloc_base          10034af0 f i LIBCMTD:malloc.obj
 0001:00033bb0       __free_base                10034bb0 f   LIBCMTD:free.obj
 0001:00033ce0       __lseeki64                 10034ce0 f   LIBCMTD:lseeki64.obj
 0001:00033f30       __lseeki64_nolock          10034f30 f   LIBCMTD:lseeki64.obj
 0001:00034020       __getbuf                   10035020 f   LIBCMTD:_getbuf.obj
 0001:000340e0       __isatty                   100350e0 f   LIBCMTD:isatty.obj
 0001:000341c0       _printf                    100351c0 f   LIBCMTD:printf.obj
 0001:00034300       __printf_l                 10035300 f   LIBCMTD:printf.obj
 0001:00034330       __printf_s_l               10035330 f   LIBCMTD:printf.obj
 0001:00034360       _printf_s                  10035360 f   LIBCMTD:printf.obj
 0001:00034390       __printf_p_l               10035390 f   LIBCMTD:printf.obj
 0001:000343c0       __printf_p                 100353c0 f   LIBCMTD:printf.obj
 0001:000343f0       __set_printf_count_output  100353f0 f   LIBCMTD:printf.obj
 0001:00034440       __get_printf_count_output  10035440 f   LIBCMTD:printf.obj
 0001:00034460       __wctomb_s_l               10035460 f   LIBCMTD:wctomb.obj
 0001:00034760       _wctomb_s                  10035760 f   LIBCMTD:wctomb.obj
 0001:00034790       __wctomb_l                 10035790 f   LIBCMTD:wctomb.obj
 0001:00034810       _wctomb                    10035810 f   LIBCMTD:wctomb.obj
 0001:00034860       __isleadbyte_l             10035860 f i LIBCMTD:_wctype.obj
 0001:000348b0       _isleadbyte                100358b0 f i LIBCMTD:_wctype.obj
 0001:000348d0       __iswalpha_l               100358d0 f i LIBCMTD:_wctype.obj
 0001:000348f0       _iswalpha                  100358f0 f i LIBCMTD:_wctype.obj
 0001:00034910       __iswupper_l               10035910 f i LIBCMTD:_wctype.obj
 0001:00034930       _iswupper                  10035930 f i LIBCMTD:_wctype.obj
 0001:00034950       __iswlower_l               10035950 f i LIBCMTD:_wctype.obj
 0001:00034970       _iswlower                  10035970 f i LIBCMTD:_wctype.obj
 0001:00034990       __iswdigit_l               10035990 f i LIBCMTD:_wctype.obj
 0001:000349b0       _iswdigit                  100359b0 f i LIBCMTD:_wctype.obj
 0001:000349d0       __iswxdigit_l              100359d0 f i LIBCMTD:_wctype.obj
 0001:000349f0       _iswxdigit                 100359f0 f i LIBCMTD:_wctype.obj
 0001:00034a10       __iswspace_l               10035a10 f i LIBCMTD:_wctype.obj
 0001:00034a30       _iswspace                  10035a30 f i LIBCMTD:_wctype.obj
 0001:00034a50       __iswpunct_l               10035a50 f i LIBCMTD:_wctype.obj
 0001:00034a70       _iswpunct                  10035a70 f i LIBCMTD:_wctype.obj
 0001:00034a90       __iswalnum_l               10035a90 f i LIBCMTD:_wctype.obj
 0001:00034ab0       _iswalnum                  10035ab0 f i LIBCMTD:_wctype.obj
 0001:00034ad0       __iswprint_l               10035ad0 f i LIBCMTD:_wctype.obj
 0001:00034af0       _iswprint                  10035af0 f i LIBCMTD:_wctype.obj
 0001:00034b10       __iswgraph_l               10035b10 f i LIBCMTD:_wctype.obj
 0001:00034b30       _iswgraph                  10035b30 f i LIBCMTD:_wctype.obj
 0001:00034b50       __iswcntrl_l               10035b50 f i LIBCMTD:_wctype.obj
 0001:00034b70       _iswcntrl                  10035b70 f i LIBCMTD:_wctype.obj
 0001:00034b90       _iswascii                  10035b90 f i LIBCMTD:_wctype.obj
 0001:00034bb0       __iswcsym_l                10035bb0 f i LIBCMTD:_wctype.obj
 0001:00034bf0       ___iswcsym                 10035bf0 f i LIBCMTD:_wctype.obj
 0001:00034c30       __iswcsymf_l               10035c30 f i LIBCMTD:_wctype.obj
 0001:00034c70       ___iswcsymf                10035c70 f i LIBCMTD:_wctype.obj
 0001:00034cb0       __aulldiv                  10035cb0 f   LIBCMTD:ulldiv.obj
 0001:00034d20       __aullrem                  10035d20 f   LIBCMTD:ullrem.obj
 0001:00034da0       __CrtDbgBreak              10035da0 f   LIBCMTD:dbgrptt.obj
 0001:00034db0       __CrtSetReportMode         10035db0 f   LIBCMTD:dbgrptt.obj
 0001:00034ef0       __CrtSetReportFile         10035ef0 f   LIBCMTD:dbgrptt.obj
 0001:00034ff0       __CrtSetReportHook         10035ff0 f   LIBCMTD:dbgrptt.obj
 0001:00035010       __CrtGetReportHook         10036010 f   LIBCMTD:dbgrptt.obj
 0001:00035020       __VCrtDbgReportA           10036020 f   LIBCMTD:dbgrptt.obj
 0001:00035850       __VCrtDbgReportW           10036850 f   LIBCMTD:dbgrptt.obj
 0001:00036180       __swprintf                 10037180 f   LIBCMTD:swprintf.obj
 0001:00036350       ___swprintf_l              10037350 f   LIBCMTD:swprintf.obj
 0001:00036380       _swprintf_s                10037380 f   LIBCMTD:swprintf.obj
 0001:000363b0       __snwprintf_s              100373b0 f   LIBCMTD:swprintf.obj
 0001:000363e0       __swprintf_p               100373e0 f   LIBCMTD:swprintf.obj
 0001:00036410       __swprintf_s_l             10037410 f   LIBCMTD:swprintf.obj
 0001:00036440       __snwprintf_s_l            10037440 f   LIBCMTD:swprintf.obj
 0001:00036470       __swprintf_p_l             10037470 f   LIBCMTD:swprintf.obj
 0001:000364a0       __scwprintf                100374a0 f   LIBCMTD:swprintf.obj
 0001:000364c0       __scwprintf_p              100374c0 f   LIBCMTD:swprintf.obj
 0001:000364e0       __scwprintf_l              100374e0 f   LIBCMTD:swprintf.obj
 0001:00036510       __scwprintf_p_l            10037510 f   LIBCMTD:swprintf.obj
 0001:00036540       _memcpy_s                  10037540 f   LIBCMTD:memcpy_s.obj
 0001:000366d0       __output_s_l               100376d0 f   LIBCMTD:outputs.obj
 0001:00037c60       __fptrap                   10038c60 f   LIBCMTD:crt0fp.obj
 0001:00037c80       ___crtLCMapStringA         10038c80 f   LIBCMTD:a_map.obj
 0001:000381e0       __MarkAllocaS              100391e0 f i LIBCMTD:a_map.obj
 0001:00038210       __freea                    10039210 f i LIBCMTD:a_map.obj
 0001:000382d0       ___crtGetStringTypeA       100392d0 f   LIBCMTD:a_str.obj
 0001:00038560       __expand_base              10039560 f   LIBCMTD:expand.obj
 0001:00038830       __realloc_base             10039830 f   LIBCMTD:realloc.obj
 0001:00038bd0       __heapchk                  10039bd0 f   LIBCMTD:heapchk.obj
 0001:00038ca0       __heapset                  10039ca0 f   LIBCMTD:heapchk.obj
 0001:00038cb0       __get_sbh_threshold        10039cb0 f   LIBCMTD:sbheap.obj
 0001:00038d00       __set_sbh_threshold        10039d00 f   LIBCMTD:sbheap.obj
 0001:00038e90       __set_amblksiz             10039e90 f   LIBCMTD:sbheap.obj
 0001:00038fa0       __get_amblksiz             10039fa0 f   LIBCMTD:sbheap.obj
 0001:00039090       ___sbh_heap_init           1003a090 f   LIBCMTD:sbheap.obj
 0001:00039100       ___sbh_find_block          1003a100 f   LIBCMTD:sbheap.obj
 0001:00039160       ___sbh_verify_block        1003a160 f   LIBCMTD:sbheap.obj
 0001:000391c0       ___sbh_free_block          1003a1c0 f   LIBCMTD:sbheap.obj
 0001:00039780       ___sbh_alloc_block         1003a780 f   LIBCMTD:sbheap.obj
 0001:00039ca0       ___sbh_alloc_new_region    1003aca0 f   LIBCMTD:sbheap.obj
 0001:00039db0       ___sbh_alloc_new_group     1003adb0 f   LIBCMTD:sbheap.obj
 0001:00039fa0       ___sbh_resize_block        1003afa0 f   LIBCMTD:sbheap.obj
 0001:0003a570       ___sbh_heapmin             1003b570 f   LIBCMTD:sbheap.obj
 0001:0003a6a0       ___sbh_heap_check          1003b6a0 f   LIBCMTD:sbheap.obj
 0001:0003ab90       __chvalidator              1003bb90 f   LIBCMTD:isctype.obj
 0001:0003abe0       __chvalidator_l            1003bbe0 f   LIBCMTD:isctype.obj
 0001:0003ac90       __isctype_l                1003bc90 f   LIBCMTD:isctype.obj
 0001:0003adb0       __isctype                  1003bdb0 f   LIBCMTD:isctype.obj
 0001:0003adf0       __isalpha_l                1003bdf0 f i LIBCMTD:_ctype.obj
 0001:0003ae80       _isalpha                   1003be80 f i LIBCMTD:_ctype.obj
 0001:0003aec0       __isupper_l                1003bec0 f i LIBCMTD:_ctype.obj
 0001:0003af40       _isupper                   1003bf40 f i LIBCMTD:_ctype.obj
 0001:0003af70       __islower_l                1003bf70 f i LIBCMTD:_ctype.obj
 0001:0003aff0       _islower                   1003bff0 f i LIBCMTD:_ctype.obj
 0001:0003b020       __isdigit_l                1003c020 f i LIBCMTD:_ctype.obj
 0001:0003b0a0       _isdigit                   1003c0a0 f i LIBCMTD:_ctype.obj
 0001:0003b0d0       __isxdigit_l               1003c0d0 f i LIBCMTD:_ctype.obj
 0001:0003b160       _isxdigit                  1003c160 f i LIBCMTD:_ctype.obj
 0001:0003b1a0       __isspace_l                1003c1a0 f i LIBCMTD:_ctype.obj
 0001:0003b220       _isspace                   1003c220 f i LIBCMTD:_ctype.obj
 0001:0003b250       __ispunct_l                1003c250 f i LIBCMTD:_ctype.obj
 0001:0003b2d0       _ispunct                   1003c2d0 f i LIBCMTD:_ctype.obj
 0001:0003b300       __isalnum_l                1003c300 f i LIBCMTD:_ctype.obj
 0001:0003b390       _isalnum                   1003c390 f i LIBCMTD:_ctype.obj
 0001:0003b3d0       __isprint_l                1003c3d0 f i LIBCMTD:_ctype.obj
 0001:0003b460       _isprint                   1003c460 f i LIBCMTD:_ctype.obj
 0001:0003b4a0       __isgraph_l                1003c4a0 f i LIBCMTD:_ctype.obj
 0001:0003b530       _isgraph                   1003c530 f i LIBCMTD:_ctype.obj
 0001:0003b570       __iscntrl_l                1003c570 f i LIBCMTD:_ctype.obj
 0001:0003b5f0       _iscntrl                   1003c5f0 f i LIBCMTD:_ctype.obj
 0001:0003b620       ___isascii                 1003c620 f i LIBCMTD:_ctype.obj
 0001:0003b640       ___toascii                 1003c640 f i LIBCMTD:_ctype.obj
 0001:0003b650       __iscsymf_l                1003c650 f i LIBCMTD:_ctype.obj
 0001:0003b690       ___iscsymf                 1003c690 f i LIBCMTD:_ctype.obj
 0001:0003b6d0       __iscsym_l                 1003c6d0 f i LIBCMTD:_ctype.obj
 0001:0003b710       ___iscsym                  1003c710 f i LIBCMTD:_ctype.obj
 0001:0003b750       ___crtGetLocaleInfoW       1003c750 f   LIBCMTD:w_loc.obj
 0001:0003b7c0       ___crtGetLocaleInfoA       1003c7c0 f   LIBCMTD:a_loc.obj
 0001:0003b9a0       __woutput_l                1003c9a0 f   LIBCMTD:woutput.obj
 0001:0003cb70       _vfwprintf_helper          1003db70 f   LIBCMTD:vfwprint.obj
 0001:0003ccf0       __vfwprintf_l              1003dcf0 f   LIBCMTD:vfwprint.obj
 0001:0003cd20       __vfwprintf_s_l            1003dd20 f   LIBCMTD:vfwprint.obj
 0001:0003cd50       __vfwprintf_p_l            1003dd50 f   LIBCMTD:vfwprint.obj
 0001:0003cd80       _vfwprintf                 1003dd80 f   LIBCMTD:vfwprint.obj
 0001:0003cdb0       _vfwprintf_s               1003ddb0 f   LIBCMTD:vfwprint.obj
 0001:0003cde0       __vfwprintf_p              1003dde0 f   LIBCMTD:vfwprint.obj
 0001:0003ce10       __freebuf                  1003de10 f   LIBCMTD:_freebuf.obj
 0001:0003cea0       __fcloseall                1003dea0 f   LIBCMTD:closeall.obj
 0001:0003cfd0       __woutput_s_l              1003dfd0 f   LIBCMTD:woutputs.obj
 0001:0003e300       __validate_param_reuseW    1003f300 f   LIBCMTD:woutputp.obj
 0001:0003e570       __woutput_p_l              1003f570 f   LIBCMTD:woutputp.obj
 0001:00041cd0       _strtol                    10042cd0 f   LIBCMTD:strtol.obj
 0001:00042200       __strtol_l                 10043200 f   LIBCMTD:strtol.obj
 0001:00042230       _strtoul                   10043230 f   LIBCMTD:strtol.obj
 0001:00042280       __strtoul_l                10043280 f   LIBCMTD:strtol.obj
 0001:000422b0       __alloc_osfhnd             100432b0 f   LIBCMTD:osfinfo.obj
 0001:00042560       __set_osfhnd               10043560 f   LIBCMTD:osfinfo.obj
 0001:00042630       __free_osfhnd              10043630 f   LIBCMTD:osfinfo.obj
 0001:00042720       __get_osfhandle            10043720 f   LIBCMTD:osfinfo.obj
 0001:00042890       __open_osfhandle           10043890 f   LIBCMTD:osfinfo.obj
 0001:00042ac0       ___lock_fhandle            10043ac0 f   LIBCMTD:osfinfo.obj
 0001:00042bc0       __unlock_fhandle           10043bc0 f   LIBCMTD:osfinfo.obj
 0001:00042bf0       __putwch                   10043bf0 f   LIBCMTD:putwch.obj
 0001:00042c80       __putwch_nolock            10043c80 f   LIBCMTD:putwch.obj
 0001:00042d80       __cputws                   10043d80 f   LIBCMTD:putwch.obj
 0001:00042ed0       __mbtowc_l                 10043ed0 f   LIBCMTD:mbtowc.obj
 0001:000430f0       _mbtowc                    100440f0 f   LIBCMTD:mbtowc.obj
 0001:00043110       __open                     10044110 f   LIBCMTD:open.obj
 0001:00043290       __sopen_helper             10044290 f   LIBCMTD:open.obj
 0001:000444f0       __sopen                    100454f0 f   LIBCMTD:open.obj
 0001:00044570       __sopen_s                  10045570 f   LIBCMTD:open.obj
 0001:000445a0       __mbsnbicmp_l              100455a0 f   LIBCMTD:mbsnbicm.obj
 0001:00044a40       __mbsnbicmp                10045a40 f   LIBCMTD:mbsnbicm.obj
 0001:00044a60       __mbsnbcmp_l               10045a60 f   LIBCMTD:mbsnbcmp.obj
 0001:00044d40       __mbsnbcmp                 10045d40 f   LIBCMTD:mbsnbcmp.obj
 0001:00044d60       __ismbbkalnum_l            10045d60 f   LIBCMTD:ismbbyte.obj
 0001:00044d80       __ismbbkalnum              10045d80 f   LIBCMTD:ismbbyte.obj
 0001:00044da0       __ismbbkprint_l            10045da0 f   LIBCMTD:ismbbyte.obj
 0001:00044dc0       __ismbbkprint              10045dc0 f   LIBCMTD:ismbbyte.obj
 0001:00044de0       __ismbbkpunct_l            10045de0 f   LIBCMTD:ismbbyte.obj
 0001:00044e00       __ismbbkpunct              10045e00 f   LIBCMTD:ismbbyte.obj
 0001:00044e20       __ismbbalnum_l             10045e20 f   LIBCMTD:ismbbyte.obj
 0001:00044e40       __ismbbalnum               10045e40 f   LIBCMTD:ismbbyte.obj
 0001:00044e60       __ismbbalpha_l             10045e60 f   LIBCMTD:ismbbyte.obj
 0001:00044e80       __ismbbalpha               10045e80 f   LIBCMTD:ismbbyte.obj
 0001:00044ea0       __ismbbgraph_l             10045ea0 f   LIBCMTD:ismbbyte.obj
 0001:00044ec0       __ismbbgraph               10045ec0 f   LIBCMTD:ismbbyte.obj
 0001:00044ee0       __ismbbprint_l             10045ee0 f   LIBCMTD:ismbbyte.obj
 0001:00044f00       __ismbbprint               10045f00 f   LIBCMTD:ismbbyte.obj
 0001:00044f20       __ismbbpunct_l             10045f20 f   LIBCMTD:ismbbyte.obj
 0001:00044f40       __ismbbpunct               10045f40 f   LIBCMTD:ismbbyte.obj
 0001:00044f60       __ismbblead_l              10045f60 f   LIBCMTD:ismbbyte.obj
 0001:00044f80       __ismbblead                10045f80 f   LIBCMTD:ismbbyte.obj
 0001:00044fa0       __ismbbtrail_l             10045fa0 f   LIBCMTD:ismbbyte.obj
 0001:00044fc0       __ismbbtrail               10045fc0 f   LIBCMTD:ismbbyte.obj
 0001:00044fe0       __ismbbkana_l              10045fe0 f   LIBCMTD:ismbbyte.obj
 0001:00045050       __ismbbkana                10046050 f   LIBCMTD:ismbbyte.obj
 0001:00045140       ___pwctype_func            10046140 f   LIBCMTD:ctype.obj
 0001:00045150       ___pctype_func             10046150 f   LIBCMTD:ctype.obj
 0001:000451a0       ___init_time               100461a0 f   LIBCMTD:inittime.obj
 0001:000458c0       ___free_lc_time            100468c0 f   LIBCMTD:inittime.obj
 0001:00045bd0       ___init_numeric            10046bd0 f   LIBCMTD:initnum.obj
 0001:00045f30       ___free_lconv_num          10046f30 f   LIBCMTD:initnum.obj
 0001:00045fa0       ___init_monetary           10046fa0 f   LIBCMTD:initmon.obj
 0001:000464a0       ___free_lconv_mon          100474a0 f   LIBCMTD:initmon.obj
 0001:00046590       ___init_ctype              10047590 f   LIBCMTD:initctyp.obj
 0001:00046b40       ____mb_cur_max_func        10047b40 f   LIBCMTD:initctyp.obj
 0001:00046b90       ____mb_cur_max_l_func      10047b90 f   LIBCMTD:initctyp.obj
 0001:00046bc0       ____lc_codepage_func       10047bc0 f   LIBCMTD:initctyp.obj
 0001:00046c10       ____lc_collate_cp_func     10047c10 f   LIBCMTD:initctyp.obj
 0001:00046c60       ____lc_handle_func         10047c60 f   LIBCMTD:initctyp.obj
 0001:00046cb0       ___init_collate            10047cb0 f   LIBCMTD:initcoll.obj
[...]
 0003:00002f04       __pfnReportHook            1006cf04     <common>
 0003:00002f08       __pReportHookListW         1006cf08     <common>
 0003:00002f0c       __pReportHookList          1006cf0c     <common>
 0003:00002f10       __debugger_hook_dummy      1006cf10     <common>
 0003:00002f14       ___setlc_active            1006cf14     <common>
 0003:00002f18       ___unguarded_readlc_active 1006cf18     <common>
 0003:00002f1c       ___active_heap             1006cf1c     <common>
 0003:00002f20       __nhandle                  1006cf20     <common>
 0003:00002f40       ___pioinfo                 1006cf40     <common>
 0003:00003040       ___piob                    1006d040     <common>
 0003:00003060       __bufin                    1006d060     <common>
 0003:00004060       __nstream                  1006e060     <common>
 0003:00004064       ___sse2_available          1006e064     <common>
 0003:00004068       __acmdln                   1006e068     <common>
 0003:0000406c       ___env_initialized         1006e06c     <common>
 0003:00004070       ___onexitend               1006e070     <common>
 0003:00004074       ___onexitbegin             1006e074     <common>
 0003:00004078       ___mbctype_initialized     1006e078     <common>
 0003:0000407c       __FPinit                   1006e07c     <common>
 0003:00004080       ___dyn_tls_init_callback   1006e080     <common>

 entry point at        0001:0000f5e0

 Static symbols

 0001:0000004e       __catch$_InitALCrypto@12$0 1000104e f   alcrypto3.obj
 0001:000000fb       __catch$_rsa_get_public_blob@12$0 100010fb f   alcrypto3.obj
 0001:000001af       __catch$_rsa_generate@16$0 100011af f   alcrypto3.obj
 0001:00000257       __catch$_rsa_generate2@8$0 10001257 f   alcrypto3.obj
 0001:000002ff       __catch$_rsa_encrypt@16$0  100012ff f   alcrypto3.obj
 0001:000003af       __catch$_rsa_decrypt@16$0  100013af f   alcrypto3.obj
 0001:0000045b       __catch$_rsa_public_key_blob@12$0 1000145b f   alcrypto3.obj
 0001:0000050b       __catch$_rsa_private_key_blob@12$0 1000150b f   alcrypto3.obj
 0001:000005c3       __catch$_rsa_createkey@20$0 100015c3 f   alcrypto3.obj
 0001:00000673       __catch$_rsa_sign@20$0     10001673 f   alcrypto3.obj
 0001:00000723       __catch$_rsa_verifysig@20$0 10001723 f   alcrypto3.obj
 0001:000007c3       __catch$_rsa_freekey@4$0   100017c3 f   alcrypto3.obj
 0001:0000086b       __catch$_md5_hash@12$0     1000186b f   alcrypto3.obj
 0001:00000913       __catch$_getHardDriveFirmware@4$0 10001913 f   alcrypto3.obj
 0001:000009b0       __catch$_GetWindowsVersion@0$0 100019b0 f   alcrypto3.obj
 0001:00000b60       ?newbn@@YAPAGH@Z           10001b60 f   bignum.obj
 0001:00001140       ?internal_mul@@YAXPAG00H@Z 10002140 f   bignum.obj
 0001:00001230       ?internal_mod@@YAXPAGH0H0H@Z 10002230 f   bignum.obj
 0001:000014a0       ?internal_add_shifted@@YAXPAGIH@Z 100024a0 f   bignum.obj
 0001:00002a50       ?bigdivmod@@YAXPAG000@Z    10003a50 f   bignum.obj
 0001:00002e60       ?ReadPhysicalDriveInNT@@YAHXZ 10003e60 f   diskid32.obj
 0001:00003140       ?DoIDENTIFY@@YAHPAXPAU_SENDCMDINPARAMS@@PAU_SENDCMDOUTPARAMS@@EEPAK@Z 10004140 f   diskid32.obj
 0001:000031e0       ?ReadDrivePortsInWin9X@@YAHXZ 100041e0 f   diskid32.obj
 0001:00003500       ?ReadIdeDriveAsScsiDriveInNT@@YAHXZ 10004500 f   diskid32.obj
 0001:00003820       ?PrintIdeInfo@@YAXHQAK@Z   10004820 f   diskid32.obj
 0001:00003830       ?ConvertToString@@YAPADQAKHH@Z 10004830 f   diskid32.obj
 0001:00003a60       ?MD5_Core_Init@@YAXPAUMD5_Core_State@@@Z 10004a60 f   md5.obj
 0001:00003c60       ?MD5_Block@@YAXPAUMD5_Core_State@@PAI@Z 10004c60 f   md5.obj
 0001:00005ab0       ?dputs@@YAXPAD@Z           10006ab0 f   misc.obj
 0001:00006430       ?get_seedpath@@YAXXZ       10007430 f   noise.obj
 0001:000066a0       _random_save_seed          100076a0 f   noise.obj
 0001:00006860       ?Ring0GetPortVal@@YAXXZ    10007860 f   port32.obj
 0001:00006880       ?CallRing0@@YA_NPAXGPAKE@Z 10007880 f   port32.obj
 0001:00006bb0       ?Ring0SetPortVal@@YAXXZ    10007bb0 f   port32.obj
 0001:00007c10       ?random_stir@@YAXXZ        10008c10 f   rand.obj
 0001:00007de0       ?random_add_heavynoise_bitbybit@@YAXPAXH@Z 10008de0 f   rand.obj
 0001:00007ff0       ?rsa_public_blob@@YAPAEPAURSAKey@@PAH@Z 10008ff0 f   rsa.obj
 0001:00008130       ?rsaencrypt@@YAXHPAEPAHPAURSAKey@@@Z 10009130 f   rsa.obj
 0001:000082d0       ?rsadecrypt@@YAPAGHPAGPAURSAKey@@@Z 100092d0 f   rsa.obj
 0001:00008390       ?rsa2_public_blob@@YAXPAXPAE@Z 10009390 f   rsa.obj
 0001:00008440       ?rsa2_public_blob_internal@@YAXPAXPAE@Z 10009440 f   rsa.obj
 0001:00008610       ?base64_encode_blob@@YAXPAE0H@Z 10009610 f   rsa.obj
 0001:000086a0       ?base64_decode_blob@@YAXPAE0H@Z 100096a0 f   rsa.obj
 0001:00008720       ?rsa2_public_blob_len@@YAHPAX@Z 10009720 f   rsa.obj
 0001:00008800       ?rsa2_private_blob@@YAXPAXPAE@Z 10009800 f   rsa.obj
 0001:00008870       ?rsa2_private_blob_internal@@YAXPAXPAE@Z 10009870 f   rsa.obj
 0001:00008b20       ?rsa2_private_blob_len@@YAHPAX@Z 10009b20 f   rsa.obj
 0001:00008c60       ?rsa2_createkey@@YAXPAEH0HPAURSAKey@@@Z 10009c60 f   rsa.obj
 0001:00008e00       ?rsa2_createkey_internal@@YAPAXPAEH0H@Z 10009e00 f   rsa.obj
 0001:00008e90       ?getmp@@YAPAGPAPADPAH@Z    10009e90 f   rsa.obj
 0001:00008f40       ?getstring@@YAXPAPADPAH01@Z 10009f40 f   rsa.obj
 0001:00009020       ?rsa2_newkey@@YAPAXPAEH@Z  1000a020 f   rsa.obj
 0001:00009180       ?freersakey@@YAXPAURSAKey@@@Z 1000a180 f   rsa.obj
 0001:00009270       ?rsa2_sign@@YAPAEPAXPADHPAH@Z 1000a270 f   rsa.obj
 0001:00009530       ?rsa2_verifysig@@YAHPAXPADH1H@Z 1000a530 f   rsa.obj
 0001:0000a190       ?SHA_Init@@YAXPAUSHA_State@@@Z 1000b190 f   sha.obj
 0001:0000a1d0       ?SHA_Core_Init@@YAXQAI@Z   1000b1d0 f   sha.obj
 0001:0000a210       ?SHA_Bytes@@YAXPAUSHA_State@@PAXH@Z 1000b210 f   sha.obj
 0001:0000a3e0       ?SHA_Final@@YAXPAUSHA_State@@PAE@Z 1000b3e0 f   sha.obj
 0001:0000a5f0       ?Init@@YAHXZ               1000b5f0 f   WindowsVersion.obj
 0001:0000aa10       ?IsWinNT@@YA_NXZ           1000ba10 f   winio.obj
 0001:0000ae00       ?CatchGuardHandler@@YA?AW4_EXCEPTION_DISPOSITION@@PAUEHExceptionRecord@@PAUCatchGuardRN@@PAX2@Z 1000be00 f   LIBCMTD:_trnsctrl_.obj
 0001:0000af40       ?TranslatorGuardHandler@@YA?AW4_EXCEPTION_DISPOSITION@@PAUEHExceptionRecord@@PAUTranslatorGuardRN@@PAX2@Z 1000bf40 f   LIBCMTD:_trnsctrl_.obj
 0001:0000c3f0       _doexit                    1000d3f0 f   LIBCMTD:crt0dat.obj
 0001:0000c720       __initterm                 1000d720 f   LIBCMTD:crt0dat.obj
 0001:0000d5b0       _swprintf                  1000e5b0 f   LIBCMTD:wassert.obj
 0001:0000dab0       _flsall                    1000eab0 f   LIBCMTD:fflush.obj
 0001:0000e230       ?DebuggerProbe@@YAHK@Z     1000f230 f   LIBCMTD:_error_.obj
 0001:0000e320       ?failwithmessage@@YAXPAXHHPBD@Z 1000f320 f   LIBCMTD:_error_.obj
 0001:0000e530       ?DebuggerRuntime@@YAHKHPAXPB_W@Z 1000f530 f   LIBCMTD:_error_.obj
 0001:0000e810       ?_getMemBlockDataString@@YAXPAD00I@Z 1000f810 f   LIBCMTD:_error_.obj
 0001:0000eb30       _cmpBYTE                   1000fb30 f   LIBCMTD:memcmp.obj
 0001:0000eb60       _cmpResult                 1000fb60 f   LIBCMTD:memcmp.obj
 0001:0000eb80       _unaligned_memcmp          1000fb80 f   LIBCMTD:memcmp.obj
 0001:0000f290       _cmpWORD                   10010290 f   LIBCMTD:memcmp.obj
 0001:0000f310       _cmpDWORD                  10010310 f   LIBCMTD:memcmp.obj
 0001:0000f610       ___DllMainCRTStartup       10010610 f   LIBCMTD:dllcrt0.obj
 0001:0000f930       ?FindHandler@@YAXPAUEHExceptionRecord@@PAUEHRegistrationNode@@PAU_CONTEXT@@PAXPBU_s_FuncInfo@@EH1@Z 10010930 f   LIBCMTD:frame.obj
 0001:0000fe80       ?FindHandlerForForeignException@@YAXPAUEHExceptionRecord@@PAUEHRegistrationNode@@PAU_CONTEXT@@PAXPBU_s_FuncInfo@@HH1@Z 10010e80 f   LIBCMTD:frame.obj
 0001:000102b0       ?CatchIt@@YAXPAUEHExceptionRecord@@PAUEHRegistrationNode@@PAU_CONTEXT@@PAXPBU_s_FuncInfo@@PBU_s_HandlerType@@PBU_s_CatchableType@@PBU_s_TryBlockMapEntry@@H1E@Z 100112b0 f   LIBCMTD:frame.obj
 0001:00010370       ?CallCatchBlock@@YAPAXPAUEHExceptionRecord@@PAUEHRegistrationNode@@PAU_CONTEXT@@PBU_s_FuncInfo@@PAXHK@Z 10011370 f   LIBCMTD:frame.obj
 0001:00010600       ?ExFilterRethrow@@YAHPAU_EXCEPTION_POINTERS@@@Z 10011600 f   LIBCMTD:frame.obj
 0001:00011260       ?IsInExceptionSpec@@YAEPAUEHExceptionRecord@@PBU_s_ESTypeList@@@Z 10012260 f   LIBCMTD:frame.obj
 0001:00011320       ?CallUnexpected@@YAXPBU_s_ESTypeList@@@Z 10012320 f   LIBCMTD:frame.obj
 0001:0001136e       __catch$?CallUnexpected@@YAXPBU_s_ESTypeList@@@Z$0 1001236e f   LIBCMTD:frame.obj
 0001:000113b0       ?Is_bad_exception_allowed@@YAEPBU_s_ESTypeList@@@Z 100123b0 f   LIBCMTD:frame.obj
 0001:00012370       _fastcopy_I                10013370 f   LIBCMTD:p4_memcpy.obj
 0001:00012480       _has_osfxsr_set            10013480 f   LIBCMTD:cpu_disp.obj
 0001:00012930       _ctrlevent_capture@4       10013930 f   LIBCMTD:winsig.obj
 0001:00012d30       _siglookup                 10013d30 f   LIBCMTD:winsig.obj
 0001:000131a0       _fastzero_I                100141a0 f   LIBCMTD:p4_memset.obj
 0001:000150a0       _write_char                100160a0 f   LIBCMTD:output.obj
 0001:00015140       _write_multi_char          10016140 f   LIBCMTD:output.obj
 0001:00015180       _write_string              10016180 f   LIBCMTD:output.obj
 0001:000169b0       __onexit_nolock            100179b0 f   LIBCMTD:onexit.obj
 0001:000171e0       ?getSystemCP@@YAHH@Z       100181e0 f   LIBCMTD:mbctype.obj
 0001:00017640       ?CPtoLCID@@YAHH@Z          10018640 f   LIBCMTD:mbctype.obj
 0001:000176c0       ?setSBCS@@YAXPAUthreadmbcinfostruct@@@Z 100186c0 f   LIBCMTD:mbctype.obj
 0001:000177a0       ?setSBUpLow@@YAXPAUthreadmbcinfostruct@@@Z 100187a0 f   LIBCMTD:mbctype.obj
 0001:00017c30       __nh_malloc_dbg_impl       10018c30 f   LIBCMTD:dbgheap.obj
 0001:00017cc0       __heap_alloc_dbg_impl      10018cc0 f   LIBCMTD:dbgheap.obj
 0001:000182d0       _realloc_help              100192d0 f   LIBCMTD:dbgheap.obj
 0001:000193e0       _CheckBytes                1001a3e0 f   LIBCMTD:dbgheap.obj
 0001:0001a200       ?_CrtMemDumpAllObjectsSince_stat@@YAXPBU_CrtMemState@@PAUlocaleinfo_struct@@@Z 1001b200 f   LIBCMTD:dbgheap.obj
 0001:0001a510       __printMemBlockData        1001b510 f   LIBCMTD:dbgheap.obj
 0001:0001b350       _ValidateLocalCookies      1001c350 f   LIBCMTD:chandler4.obj
 0001:0001b8e0       _xcptlookup                1001c8e0 f   LIBCMTD:winxfltr.obj
 0001:0001c260       _xtow_s@20                 1001d260 f   LIBCMTD:xtows.obj
 0001:0001c690       @x64tow_s@24               1001d690 f   LIBCMTD:xtows.obj
 0001:000229e0       _write_char                100239e0 f   LIBCMTD:outputp.obj
 0001:00022a80       _write_multi_char          10023a80 f   LIBCMTD:outputp.obj
 0001:00022ac0       _write_string              10023ac0 f   LIBCMTD:outputp.obj
 0001:00025240       __unwind_handler4          10026240 f   LIBCMTD:exsup4.obj
 0001:000255d0       ?GetPdbDll@@YAPAUHINSTANCE__@@XZ 100265d0 f   LIBCMTD:_pdblkup_.obj
 0001:00025a80       _parse_cmdline             10026a80 f   LIBCMTD:stdargv.obj
 0001:00026b58       __unwind_handler           10027b58 f   LIBCMTD:exsup.obj
 0001:00027290       __updatetlocinfoEx_nolock  10028290 f   LIBCMTD:setlocal.obj
 0001:00027800       __copytlocinfo_nolock      10028800 f   LIBCMTD:setlocal.obj
 0001:00027c20       _sync_legacy_variables_lk  10028c20 f   LIBCMTD:setlocal.obj
 0001:00027ca0       __setlocale_nolock         10028ca0 f   LIBCMTD:setlocal.obj
 0001:00028090       __setlocale_set_cat        10029090 f   LIBCMTD:setlocal.obj
 0001:000285c0       __setlocale_get_all        100295c0 f   LIBCMTD:setlocal.obj
 0001:000338e0       ?und_strlen@@YAIPBD@Z      100348e0 f   LIBCMTD:undname.obj
 0001:00033920       ?und_memcpy@@YAXPADPBDI@Z  10034920 f   LIBCMTD:undname.obj
 0001:00033960       ?und_strncmp@@YAIPBD0I@Z   10034960 f   LIBCMTD:undname.obj
 0001:00037af0       _write_char                10038af0 f   LIBCMTD:outputs.obj
 0001:00037b90       _write_multi_char          10038b90 f   LIBCMTD:outputs.obj
 0001:00037bd0       _write_string              10038bd0 f   LIBCMTD:outputs.obj
 0001:00037ce0       ?__crtLCMapStringA_stat@@YAHPAUlocaleinfo_struct@@KKPBDHPADHHH@Z 10038ce0 f   LIBCMTD:a_map.obj
 0001:00038280       ?strncnt@@YAHPBDH@Z        10039280 f   LIBCMTD:a_map.obj
 0001:00038330       ?__crtGetStringTypeA_stat@@YAHPAUlocaleinfo_struct@@KPBDHPAGHHH@Z 10039330 f   LIBCMTD:a_str.obj
 0001:00038780       __is_LFH_enabled           10039780 f   LIBCMTD:expand.obj
 0001:0003b7a0       ?__crtGetLocaleInfoW_stat@@YAHPAUlocaleinfo_struct@@KKPA_WHH@Z 1003c7a0 f   LIBCMTD:w_loc.obj
 0001:0003b810       ?__crtGetLocaleInfoA_stat@@YAHPAUlocaleinfo_struct@@KKPADHH@Z 1003c810 f   LIBCMTD:a_loc.obj
 0001:0003ca40       _write_char                1003da40 f   LIBCMTD:woutput.obj
 0001:0003caa0       _write_multi_char          1003daa0 f   LIBCMTD:woutput.obj
 0001:0003cae0       _write_string              1003dae0 f   LIBCMTD:woutput.obj
 0001:0003e1d0       _write_char                1003f1d0 f   LIBCMTD:woutputs.obj
 0001:0003e230       _write_multi_char          1003f230 f   LIBCMTD:woutputs.obj
 0001:0003e270       _write_string              1003f270 f   LIBCMTD:woutputs.obj
 0001:00041ba0       _write_char                10042ba0 f   LIBCMTD:woutputp.obj
 0001:00041c00       _write_multi_char          10042c00 f   LIBCMTD:woutputp.obj
 0001:00041c40       _write_string              10042c40 f   LIBCMTD:woutputp.obj
 0001:00041d20       ?strtoxl@@YAKPAUlocaleinfo_struct@@PBDPAPBDHH@Z 10042d20 f   LIBCMTD:strtol.obj
 0001:000434e0       __tsopen_nolock            100444e0 f   LIBCMTD:open.obj
 0001:00045070       ?x_ismbbtype_l@@YAHPAUlocaleinfo_struct@@IHH@Z 10046070 f   LIBCMTD:ismbbyte.obj
 0001:00045290       __get_lc_time              10046290 f   LIBCMTD:inittime.obj
 0001:00045eb0       _fix_grouping              10046eb0 f   LIBCMTD:initnum.obj
 0001:00046420       _fix_grouping              10047420 f   LIBCMTD:initmon.obj
 0001:00047b10       ?_expandtime@@YAHPAUlocaleinfo_struct@@DPBUtm@@PAPADPAIPAU__lc_time_data@@I@Z 10048b10 f   LIBCMTD:strftime.obj
 0001:00048ae0       ?_store_str@@YAXPADPAPADPAI@Z 10049ae0 f   LIBCMTD:strftime.obj
 0001:00048b30       ?_store_num@@YAXHHPAPADPAII@Z 10049b30 f   LIBCMTD:strftime.obj
 0001:00048be0       ?_store_number@@YAXHPAPADPAI@Z 10049be0 f   LIBCMTD:strftime.obj
 0001:00048c90       ?_store_winword@@YAHPAUlocaleinfo_struct@@HPBUtm@@PAPADPAIPAU__lc_time_data@@@Z 10049c90 f   LIBCMTD:strftime.obj
 0001:000499c0       _TranslateName             1004a9c0 f   LIBCMTD:getqloc.obj
 0001:00049a50       _GetLcidFromLangCountry    1004aa50 f   LIBCMTD:getqloc.obj
 0001:00049b10       _LangCountryEnumProc@4     1004ab10 f   LIBCMTD:getqloc.obj
 0001:00049f50       _GetLcidFromLanguage       1004af50 f   LIBCMTD:getqloc.obj
 0001:00049fd0       _LanguageEnumProc@4        1004afd0 f   LIBCMTD:getqloc.obj
 0001:0004a170       _GetLcidFromCountry        1004b170 f   LIBCMTD:getqloc.obj
 0001:0004a1c0       _CountryEnumProc@4         1004b1c0 f   LIBCMTD:getqloc.obj
 0001:0004a2c0       _GetLcidFromDefault        1004b2c0 f   LIBCMTD:getqloc.obj
 0001:0004a300       _ProcessCodePage           1004b300 f   LIBCMTD:getqloc.obj
 0001:0004a3d0       _TestDefaultCountry        1004b3d0 f   LIBCMTD:getqloc.obj
 0001:0004a420       _TestDefaultLanguage       1004b420 f   LIBCMTD:getqloc.obj
 0001:0004a4c0       _LcidFromHexString         1004b4c0 f   LIBCMTD:getqloc.obj
 0001:0004a540       _GetPrimaryLen             1004b540 f   LIBCMTD:getqloc.obj
 0001:0004b240       _xtoa_s@20                 1004c240 f   LIBCMTD:xtoas.obj
 0001:0004b660       @x64toa_s@24               1004c660 f   LIBCMTD:xtoas.obj
 0001:0004bec0       ?wcsncnt@@YAIPB_WI@Z       1004cec0 f   LIBCMTD:wcstombs.obj
 0001:0004cf30       ?wcstoxl@@YAKPAUlocaleinfo_struct@@PB_WPAPB_WHH@Z 1004df30 f   LIBCMTD:wcstol.obj
 0001:000500a0       __tzset_nolock             100510a0 f   LIBCMTD:tzset.obj
 0001:000506b0       __isindst_nolock           100516b0 f   LIBCMTD:tzset.obj
 0001:00050a10       _cvtdate                   10051a10 f   LIBCMTD:tzset.obj
 0001:00051070       ?strtoxq@@YA_KPAUlocaleinfo_struct@@PBDPAPBDHH@Z 10052070 f   LIBCMTD:strtoq.obj
 0001:00051690       ?__crtGetStringTypeW_stat@@YAHPAUlocaleinfo_struct@@KPB_WHPAGHH@Z 10052690 f   LIBCMTD:w_str.obj
 0001:00052280       __getenv_s_helper          10053280 f   LIBCMTD:getenv.obj
 0001:000524f0       __dupenv_s_helper          100534f0 f   LIBCMTD:getenv.obj
 0001:00052ad0       ?__crtCompareStringA_stat@@YAHPAUlocaleinfo_struct@@KKPBDH1HH@Z 10053ad0 f   LIBCMTD:a_cmp.obj
 0001:00052fe0       ?strncnt@@YAHPBDH@Z        10053fe0 f   LIBCMTD:a_cmp.obj
 0001:000537a0       _findenv                   100547a0 f   LIBCMTD:setenv.obj
 0001:00053820       _copy_environ              10054820 f   LIBCMTD:setenv.obj
 0001:00053dc0       __ehhandler$_InitALCrypto@12 10054dc0 f   alcrypto3.obj
 0001:00053ddb       __ehhandler$_rsa_get_public_blob@12 10054ddb f   alcrypto3.obj
 0001:00053df6       __ehhandler$_rsa_generate@16 10054df6 f   alcrypto3.obj
 0001:00053e11       __ehhandler$_rsa_generate2@8 10054e11 f   alcrypto3.obj
 0001:00053e2c       __ehhandler$_rsa_encrypt@16 10054e2c f   alcrypto3.obj
 0001:00053e47       __ehhandler$_rsa_decrypt@16 10054e47 f   alcrypto3.obj
 0001:00053e62       __ehhandler$_rsa_public_key_blob@12 10054e62 f   alcrypto3.obj
 0001:00053e7d       __ehhandler$_rsa_private_key_blob@12 10054e7d f   alcrypto3.obj
 0001:00053e98       __ehhandler$_rsa_createkey@20 10054e98 f   alcrypto3.obj
 0001:00053eb3       __ehhandler$_rsa_sign@20   10054eb3 f   alcrypto3.obj
 0001:00053ece       __ehhandler$_rsa_verifysig@20 10054ece f   alcrypto3.obj
 0001:00053ee9       __ehhandler$_rsa_freekey@4 10054ee9 f   alcrypto3.obj
 0001:00053f04       __ehhandler$_md5_hash@12   10054f04 f   alcrypto3.obj
 0001:00053f1f       __ehhandler$_getHardDriveFirmware@4 10054f1f f   alcrypto3.obj
 0001:00053f3a       __ehhandler$_GetWindowsVersion@0 10054f3a f   alcrypto3.obj
 0001:00053f60       __ehhandler$?CallUnexpected@@YAXPBU_s_ESTypeList@@@Z 10054f60 f   LIBCMTD:frame.obj
 0001:00053f80       __unwindfunclet$?getSystemCP@@YAHH@Z$0 10054f80 f   LIBCMTD:mbctype.obj
 0001:00053f88       __ehhandler$?getSystemCP@@YAHH@Z 10054f88 f   LIBCMTD:mbctype.obj
 0001:00053fb0       __unwindfunclet$?make@DNameStatusNode@@SAPAV1@W4DNameStatus@@@Z$0 10054fb0 f   LIBCMTD:undname.obj
 0001:00053fbe       __ehhandler$?make@DNameStatusNode@@SAPAV1@W4DNameStatus@@@Z 10054fbe f   LIBCMTD:undname.obj
 0001:00053fe0       __unwindfunclet$?strtoxl@@YAKPAUlocaleinfo_struct@@PBDPAPBDHH@Z$0 10054fe0 f   LIBCMTD:strtol.obj
 0001:00053fe8       __ehhandler$?strtoxl@@YAKPAUlocaleinfo_struct@@PBDPAPBDHH@Z 10054fe8 f   LIBCMTD:strtol.obj
 0001:00054010       __unwindfunclet$?x_ismbbtype_l@@YAHPAUlocaleinfo_struct@@IHH@Z$0 10055010 f   LIBCMTD:ismbbyte.obj
 0001:00054018       __ehhandler$?x_ismbbtype_l@@YAHPAUlocaleinfo_struct@@IHH@Z 10055018 f   LIBCMTD:ismbbyte.obj
 0001:00054040       __unwindfunclet$?wcstoxl@@YAKPAUlocaleinfo_struct@@PB_WPAPB_WHH@Z$0 10055040 f   LIBCMTD:wcstol.obj
 0001:00054048       __ehhandler$?wcstoxl@@YAKPAUlocaleinfo_struct@@PB_WPAPB_WHH@Z 10055048 f   LIBCMTD:wcstol.obj
 0001:00054070       __unwindfunclet$?strtoxq@@YA_KPAUlocaleinfo_struct@@PBDPAPBDHH@Z$0 10055070 f   LIBCMTD:strtoq.obj
 0001:00054078       __ehhandler$?strtoxq@@YA_KPAUlocaleinfo_struct@@PBDPAPBDHH@Z 10055078 f   LIBCMTD:strtoq.obj
