 ALCrypto3NET

 Timestamp is 46f95f33 (Tue Sep 25 21:19:15 2007)

 Preferred load address is 10000000

 Start         Length     Name                   Class
 0001:00000000 000569aaH .text                   CODE
 0001:000569b0 000002a3H .text$x                 CODE
 0002:00000000 000001e4H .idata$5                DATA
 0002:000001e4 00000004H .CRT$XCA                DATA
 0002:000001e8 00000004H .CRT$XCZ                DATA
 0002:000001ec 00000004H .CRT$XIA                DATA
 0002:000001f0 00000014H .CRT$XIC                DATA
 0002:00000204 00000004H .CRT$XIZ                DATA
 0002:00000208 00000004H .CRT$XPA                DATA
 0002:0000020c 00000008H .CRT$XPX                DATA
 0002:00000214 00000004H .CRT$XPXA               DATA
 0002:00000218 00000004H .CRT$XPZ                DATA
 0002:0000021c 00000004H .CRT$XTA                DATA
 0002:00000220 00000004H .CRT$XTZ                DATA
 0002:00000230 00011208H .rdata                  DATA
 0002:00011438 0000005dH .rdata$debug            DATA
 0002:00011498 0000033cH .rdata$r                DATA
 0002:000117e0 00000068H .rdata$sxdata           DATA
 0002:00011848 00000004H .rtc$IAA                DATA
 0002:0001184c 0000003cH .rtc$IMZ                DATA
 0002:00011888 00000004H .rtc$IZZ                DATA
 0002:0001188c 00000004H .rtc$TAA                DATA
 0002:00011890 0000003cH .rtc$TMZ                DATA
 0002:000118cc 00000004H .rtc$TZZ                DATA
 0002:000118d0 0000139cH .xdata$x                DATA
 0002:00012c6c 0000003cH .idata$2                DATA
 0002:00012ca8 00000014H .idata$3                DATA
 0002:00012cbc 000001e4H .idata$4                DATA
 0002:00012ea0 00000890H .idata$6                DATA
 0002:00013730 000001adH .edata                  DATA
 0003:00000000 00001320H .data                   DATA
 0003:00001320 00002e94H .bss                    DATA
 0004:00000000 00000058H .rsrc$01                DATA
 0004:00000060 000003b8H .rsrc$02                DATA

  Address         Publics by Value              Rva+Base       Lib:Object

 0000:00000000       __except_list              00000000     <absolute>
 0000:0000001a       ___safe_se_handler_count   0000001a     <absolute>
 0000:00000000       ___ImageBase               10000000     <linker-defined>
 0001:00000000       _InitALCrypto@12           10001000 f   alcrypto3.obj
 0001:000000b0       _rsa_get_public_blob@12    100010b0 f   alcrypto3.obj
 0001:00000160       _rsa_generate@16           10001160 f   alcrypto3.obj
 0001:00000210       _rsa_generate2@8           10001210 f   alcrypto3.obj
 0001:000002b0       _rsa_encrypt@16            100012b0 f   alcrypto3.obj
 0001:00000360       _rsa_decrypt@16            10001360 f   alcrypto3.obj
 0001:00000410       _rsa_public_key_blob@12    10001410 f   alcrypto3.obj
 0001:000004c0       _rsa_private_key_blob@12   100014c0 f   alcrypto3.obj
 0001:00000570       _rsa_createkey@20          10001570 f   alcrypto3.obj
 0001:00000620       _rsa_sign@20               10001620 f   alcrypto3.obj
 0001:000006d0       _rsa_verifysig@20          100016d0 f   alcrypto3.obj
 0001:00000780       _rsa_freekey@4             10001780 f   alcrypto3.obj
 0001:00000820       _md5_hash@12               10001820 f   alcrypto3.obj
 0001:000008d0       _getHardDriveFirmware@4    100018d0 f   alcrypto3.obj
 0001:00000970       _GetWindowsVersion@0       10001970 f   alcrypto3.obj
 0001:00000a10       _DllMain@12                10001a10 f   alcrypto3.obj
 0001:00000a30       _bn_restore_invariant      10001a30 f   bignum.obj
 0001:00000a70       _copybn                    10001a70 f   bignum.obj
 0001:00000ad0       _freebn                    10001ad0 f   bignum.obj
 0001:00000b10       _bn_power_2                10001b10 f   bignum.obj
 0001:00000bc0       _modpow                    10001bc0 f   bignum.obj
 0001:00001520       _modmul                    10002520 f   bignum.obj
 0001:00001a20       _decbn                     10002a20 f   bignum.obj
 0001:00001a80       _bignum_from_bytes         10002a80 f   bignum.obj
 0001:00001b90       _bignum_to_bytes           10002b90 f   bignum.obj
 0001:00001c10       _ssh1_read_bignum          10002c10 f   bignum.obj
 0001:00001cc0       _bignum_bitcount           10002cc0 f   bignum.obj
 0001:00001d50       _ssh1_bignum_length        10002d50 f   bignum.obj
 0001:00001d80       _bignum_byte               10002d80 f   bignum.obj
 0001:00001dd0       _bignum_bit                10002dd0 f   bignum.obj
 0001:00001e20       _bignum_set_bit            10002e20 f   bignum.obj
 0001:00001ec0       _ssh1_write_bignum         10002ec0 f   bignum.obj
 0001:00001f80       _bignum_cmp                10002f80 f   bignum.obj
 0001:00002060       _bignum_rshift             10003060 f   bignum.obj
 0001:00002190       _bigmuladd                 10003190 f   bignum.obj
 0001:00002440       _bigmul                    10003440 f   bignum.obj
 0001:00002460       _bignum_from_long          10003460 f   bignum.obj
 0001:000024e0       _bignum_add_long           100034e0 f   bignum.obj
 0001:000025e0       _bignum_mod_short          100035e0 f   bignum.obj
 0001:00002660       _diagbn                    10003660 f   bignum.obj
 0001:00002780       _modinv                    10003780 f   bignum.obj
 0001:00002db0       _ALGetHardDriveFirmware@4  10003db0 f   diskid32.obj
 0001:000038d0       _AL_md5_hash@12            100048d0 f   md5.obj
 0001:000039f0       _MD5Init                   100049f0 f   md5.obj
 0001:00003a60       _MD5Update                 10004a60 f   md5.obj
 0001:00004ea0       _MD5Final                  10005ea0 f   md5.obj
 0001:00005080       _ALInitALCrypto@12         10006080 f   memory.obj
 0001:000050b0       _cleanup_exit              100060b0 f   memory.obj
 0001:00005100       _safemalloc                10006100 f   memory.obj
 0001:000051e0       _saferealloc               100061e0 f   memory.obj
 0001:000052d0       _safefree                  100062d0 f   memory.obj
 0001:000052f0       _base64_encode_atom        100062f0 f   misc.obj
 0001:000053b0       _base64_decode_atom        100063b0 f   misc.obj
 0001:00005580       _bufchain_init             10006580 f   misc.obj
 0001:000055b0       _bufchain_clear            100065b0 f   misc.obj
 0001:00005610       _bufchain_size             10006610 f   misc.obj
 0001:00005620       _bufchain_add              10006620 f   misc.obj
 0001:000057b0       _bufchain_consume          100067b0 f   misc.obj
 0001:000058b0       _bufchain_prefix           100068b0 f   misc.obj
 0001:000058e0       _bufchain_fetch            100068e0 f   misc.obj
 0001:000059d0       _dprintf                   100069d0 f   misc.obj
 0001:00005b80       _debug_memdump             10006b80 f   misc.obj
 0001:00005d70       _noise_get_heavy           10006d70 f   noise.obj
 0001:00005f00       _noise_get_light           10006f00 f   noise.obj
 0001:00006020       _noise_regular             10007020 f   noise.obj
 0001:00006200       _noise_ultralight          10007200 f   noise.obj
 0001:000062d0       _read_random_seed          100072d0 f   noise.obj
 0001:000065a0       _write_random_seed         100075a0 f   noise.obj
 0001:00006710       _GetPortVal                10007710 f   port32.obj
 0001:00006a60       _SetPortVal                10007a60 f   port32.obj
 0001:00006b90       _primegen                  10007b90 f   prime.obj
 0001:00007330       _primegen2                 10008330 f   prime.obj
 0001:00007a80       _random_add_noise          10008a80 f   rand.obj
 0001:00007d60       _random_init               10008d60 f   rand.obj
 0001:00007ea0       _random_byte               10008ea0 f   rand.obj
 0001:00007ef0       _random_get_savedata       10008ef0 f   rand.obj
 0001:00007f50       _AL_rsa_get_public_blob@12 10008f50 f   rsa.obj
 0001:000080c0       _AL_rsa_encrypt@16         100090c0 f   rsa.obj
 0001:00008200       _AL_rsa_decrypt@16         10009200 f   rsa.obj
 0001:000082f0       _AL_rsa_public_key_blob@12 100092f0 f   rsa.obj
 0001:00008760       _AL_rsa_private_key_blob@12 10009760 f   rsa.obj
 0001:00008ba0       _AL_rsa_createkey@20       10009ba0 f   rsa.obj
 0001:00009120       _AL_rsa_freekey@4          1000a120 f   rsa.obj
 0001:000091b0       _AL_rsa_sign@20            1000a1b0 f   rsa.obj
 0001:000094c0       _AL_rsa_verifysig@20       1000a4c0 f   rsa.obj
 0001:00009760       _AL_rsa_generate@16        1000a760 f   rsag.obj
 0001:00009a50       _AL_rsa_generate2@8        1000aa50 f   rsag.obj
 0001:00009bf0       _SHATransform              1000abf0 f   sha.obj
 0001:0000a0b0       _SHA_Simple                1000b0b0 f   sha.obj
 0001:0000a580       _ALGetWindowsVersion       1000b580 f   windowsversion.obj
 0001:0000a8b0       _InitializeWinIo           1000b8b0 f   winio.obj
 0001:0000aa70       _ShutdownWinIo             1000ba70 f   winio.obj
 0001:0000aa80       ?strrchr@@YAPADPADH@Z      1000ba80 f i winio.obj
 0001:0000aa9c       _CloseHandle@4             1000ba9c f   kernel32:KERNEL32.dll
 0001:0000aaa2       _DeviceIoControl@32        1000baa2 f   kernel32:KERNEL32.dll
 0001:0000aaa8       _CreateFileA@28            1000baa8 f   kernel32:KERNEL32.dll
 0001:0000aaae       _WriteFile@20              1000baae f   kernel32:KERNEL32.dll
 0001:0000aab4       _GetStdHandle@4            1000bab4 f   kernel32:KERNEL32.dll
 0001:0000aaba       _AllocConsole@0            1000baba f   kernel32:KERNEL32.dll
 0001:0000aac0       _GetProcAddress@8          1000bac0 f   kernel32:KERNEL32.dll
 0001:0000aac6       _GetModuleHandleA@4        1000bac6 f   kernel32:KERNEL32.dll
 0001:0000aacc       _FindClose@4               1000bacc f   kernel32:KERNEL32.dll
 0001:0000aad2       _FindNextFileA@8           1000bad2 f   kernel32:KERNEL32.dll
 0001:0000aad8       _FindFirstFileA@8          1000bad8 f   kernel32:KERNEL32.dll
 0001:0000aade       _GetWindowsDirectoryA@8    1000bade f   kernel32:KERNEL32.dll
 0001:0000aae4       _GetSystemTimeAdjustment@12 1000bae4 f   kernel32:KERNEL32.dll
 0001:0000aaea       _GetSystemTime@4           1000baea f   kernel32:KERNEL32.dll
 0001:0000aaf0       _GetProcessTimes@20        1000baf0 f   kernel32:KERNEL32.dll
 0001:0000aaf6       _GetCurrentProcess@0       1000baf6 f   kernel32:KERNEL32.dll
 0001:0000aafc       _GetThreadTimes@20         1000bafc f   kernel32:KERNEL32.dll
 0001:0000ab02       _GetCurrentThread@0        1000bb02 f   kernel32:KERNEL32.dll
 0001:0000ab08       _GlobalMemoryStatus@4      1000bb08 f   kernel32:KERNEL32.dll
 0001:0000ab0e       _QueryPerformanceCounter@4 1000bb0e f   kernel32:KERNEL32.dll
 0001:0000ab14       _GetTickCount@0            1000bb14 f   kernel32:KERNEL32.dll
 0001:0000ab1a       _ReadFile@20               1000bb1a f   kernel32:KERNEL32.dll
 0001:0000ab20       _GetEnvironmentVariableA@12 1000bb20 f   kernel32:KERNEL32.dll
 0001:0000ab26       _lstrcmpiA@8               1000bb26 f   kernel32:KERNEL32.dll
 0001:0000ab2c       _GetVersionExA@4           1000bb2c f   kernel32:KERNEL32.dll
 0001:0000ab32       _GetModuleFileNameA@12     1000bb32 f   kernel32:KERNEL32.dll
 0001:0000ab38       _MessageBoxA@16            1000bb38 f   user32:USER32.dll
 0001:0000ab3e       _GetCursorPos@4            1000bb3e f   user32:USER32.dll
 0001:0000ab44       _GetQueueStatus@4          1000bb44 f   user32:USER32.dll
 0001:0000ab4a       _GetClipboardOwner@0       1000bb4a f   user32:USER32.dll
 0001:0000ab50       _GetCapture@0              1000bb50 f   user32:USER32.dll
 0001:0000ab56       _GetForegroundWindow@0     1000bb56 f   user32:USER32.dll
 0001:0000ab5c       _RegCloseKey@4             1000bb5c f   advapi32:ADVAPI32.dll
 0001:0000ab62       _RegQueryValueExA@24       1000bb62 f   advapi32:ADVAPI32.dll
 0001:0000ab68       _RegOpenKeyA@12            1000bb68 f   advapi32:ADVAPI32.dll
 0001:0000ab6e       _RegOpenKeyExA@20          1000bb6e f   advapi32:ADVAPI32.dll
 0001:0000ab80       ?_JumpToContinuation@@YGXPAXPAUEHRegistrationNode@@@Z 1000bb80 f   LIBCMTD:trnsctrl.obj
 0001:0000abc0       ?_CallMemberFunction0@@YGXPAX0@Z 1000bbc0 f   LIBCMTD:trnsctrl.obj
 0001:0000abd0       ?_CallMemberFunction1@@YGXPAX00@Z 1000bbd0 f   LIBCMTD:trnsctrl.obj
 0001:0000abe0       ?_CallMemberFunction2@@YGXPAX00H@Z 1000bbe0 f   LIBCMTD:trnsctrl.obj
 0001:0000abf0       ?_UnwindNestedFrames@@YGXPAUEHRegistrationNode@@PAUEHExceptionRecord@@@Z 1000bbf0 f   LIBCMTD:trnsctrl.obj
 0001:0000ac50       ___CxxFrameHandler         1000bc50 f   LIBCMTD:trnsctrl.obj
 0001:0000ac90       ___CxxFrameHandler3        1000bc90 f   LIBCMTD:trnsctrl.obj
 0001:0000acd0       ___CxxFrameHandler2        1000bcd0 f   LIBCMTD:trnsctrl.obj
 0001:0000ad10       ___CxxLongjmpUnwind@4      1000bd10 f   LIBCMTD:trnsctrl.obj
 0001:0000ad40       ?_CallCatchBlock2@@YAPAXPAUEHRegistrationNode@@PBU_s_FuncInfo@@PAXHK@Z 1000bd40 f   LIBCMTD:trnsctrl.obj
 0001:0000ae00       ?_CallSETranslator@@YAHPAUEHExceptionRecord@@PAUEHRegistrationNode@@PAX2PBU_s_FuncInfo@@H1@Z 1000be00 f   LIBCMTD:trnsctrl.obj
 0001:0000afa0       ?_GetRangeOfTrysToCheck@@YAPBU_s_TryBlockMapEntry@@PBU_s_FuncInfo@@HHPAI1@Z 1000bfa0 f   LIBCMTD:trnsctrl.obj
 0001:0000b030       __CreateFrameInfo          1000c030 f   LIBCMTD:trnsctrl.obj
 0001:0000b060       __IsExceptionObjectToBeDestroyed 1000c060 f   LIBCMTD:trnsctrl.obj
 0001:0000b090       __FindAndUnlinkFrame       1000c090 f   LIBCMTD:trnsctrl.obj
 0001:0000b0f0       @__security_check_cookie@4 1000c0f0 f   LIBCMTD:secchk.obj
 0001:0000b100       __RTC_CheckEsp             1000c100 f   LIBCMTD:stack.obj
 0001:0000b130       @_RTC_CheckStackVars@8     1000c130 f   LIBCMTD:stack.obj
 0001:0000b190       @_RTC_AllocaHelper@12      1000c190 f   LIBCMTD:stack.obj
 0001:0000b1c0       @_RTC_CheckStackVars2@12   1000c1c0 f   LIBCMTD:stack.obj
 0001:0000b2a0       __RTC_InitBase             1000c2a0 f   LIBCMTD:init.obj
 0001:0000b2d0       __RTC_Shutdown             1000c2d0 f   LIBCMTD:init.obj
 0001:0000b2f0       __CxxThrowException@8      1000c2f0 f   LIBCMTD:throw.obj
 0001:0000b350       _memcpy                    1000c350 f   LIBCMTD:memcpy.obj
 0001:0000b6c0       _abort                     1000c6c0 f   LIBCMTD:abort.obj
 0001:0000b800       __set_abort_behavior       1000c800 f   LIBCMTD:abort.obj
 0001:0000b830       _memset                    1000c830 f   LIBCMTD:memset.obj
 0001:0000b8b0       ?name@type_info@@QBEPBDPAU__type_info_node@@@Z 1000c8b0 f   LIBCMTD:typinfo.obj
 0001:0000b8d0       ??1type_info@@UAE@XZ       1000c8d0 f   LIBCMTD:typinfo.obj
 0001:0000b8f0       ??_Gtype_info@@UAEPAXI@Z   1000c8f0 f i LIBCMTD:typinfo.obj
 0001:0000b8f0       ??_Etype_info@@UAEPAXI@Z   1000c8f0 f i LIBCMTD:typinfo.obj
 0001:0000b920       ?_name_internal_method@type_info@@QBEPBDPAU__type_info_node@@@Z 1000c920 f   LIBCMTD:typinfo.obj
 0001:0000b940       ?_type_info_dtor_internal_method@type_info@@QAEXXZ 1000c940 f   LIBCMTD:typinfo.obj
 0001:0000b960       ??8type_info@@QBE_NABV0@@Z 1000c960 f   LIBCMTD:typinfo.obj
 0001:0000b990       ??9type_info@@QBE_NABV0@@Z 1000c990 f   LIBCMTD:typinfo.obj
 0001:0000b9c0       ?before@type_info@@QBEHABV1@@Z 1000c9c0 f   LIBCMTD:typinfo.obj
 0001:0000b9f0       ?raw_name@type_info@@QBEPBDXZ 1000c9f0 f   LIBCMTD:typinfo.obj
 0001:0000ba10       ??0type_info@@AAE@ABV0@@Z  1000ca10 f   LIBCMTD:typinfo.obj
 0001:0000ba30       ??4type_info@@AAEAAV0@ABV0@@Z 1000ca30 f   LIBCMTD:typinfo.obj
 0001:0000ba40       _strncpy                   1000ca40 f   LIBCMTD:strncpy.obj
 0001:0000bb70       _strcpy                    1000cb70 f   LIBCMTD:strcat.obj
 0001:0000bb80       _strcat                    1000cb80 f   LIBCMTD:strcat.obj
 0001:0000bc70       _sprintf                   1000cc70 f   LIBCMTD:sprintf.obj
 0001:0000bdf0       __sprintf_l                1000cdf0 f   LIBCMTD:sprintf.obj
 0001:0000be20       _sprintf_s                 1000ce20 f   LIBCMTD:sprintf.obj
 0001:0000be50       __sprintf_s_l              1000ce50 f   LIBCMTD:sprintf.obj
 0001:0000be80       __snprintf_s               1000ce80 f   LIBCMTD:sprintf.obj
 0001:0000beb0       __snprintf_s_l             1000ceb0 f   LIBCMTD:sprintf.obj
 0001:0000bee0       __sprintf_p                1000cee0 f   LIBCMTD:sprintf.obj
 0001:0000bf10       __sprintf_p_l              1000cf10 f   LIBCMTD:sprintf.obj
 0001:0000bf40       __scprintf                 1000cf40 f   LIBCMTD:sprintf.obj
 0001:0000bf60       __scprintf_p               1000cf60 f   LIBCMTD:sprintf.obj
 0001:0000bf80       __scprintf_l               1000cf80 f   LIBCMTD:sprintf.obj
 0001:0000bfb0       __scprintf_p_l             1000cfb0 f   LIBCMTD:sprintf.obj
 0001:0000bfe0       _strlen                    1000cfe0 f   LIBCMTD:strlen.obj
 0001:0000c070       __cinit                    1000d070 f   LIBCMTD:crt0dat.obj
 0001:0000c110       _exit                      1000d110 f   LIBCMTD:crt0dat.obj
 0001:0000c130       __exit                     1000d130 f   LIBCMTD:crt0dat.obj
 0001:0000c150       __cexit                    1000d150 f   LIBCMTD:crt0dat.obj
 0001:0000c170       __c_exit                   1000d170 f   LIBCMTD:crt0dat.obj
 0001:0000c190       __amsg_exit                1000d190 f   LIBCMTD:crt0dat.obj
 0001:0000c1d0       ___freeCrtMemory           1000d1d0 f   LIBCMTD:crt0dat.obj
 0001:0000c490       ___crtCorExitProcess       1000d490 f   LIBCMTD:crt0dat.obj
 0001:0000c4d0       ___crtExitProcess          1000d4d0 f   LIBCMTD:crt0dat.obj
 0001:0000c4f0       __lockexit                 1000d4f0 f   LIBCMTD:crt0dat.obj
 0001:0000c500       __unlockexit               1000d500 f   LIBCMTD:crt0dat.obj
 0001:0000c510       __init_pointers            1000d510 f   LIBCMTD:crt0dat.obj
 0001:0000c5d0       __initterm_e               1000d5d0 f   LIBCMTD:crt0dat.obj
 0001:0000c610       __get_osplatform           1000d610 f   LIBCMTD:crt0dat.obj
 0001:0000c700       __get_osver                1000d700 f   LIBCMTD:crt0dat.obj
 0001:0000c7f0       __get_winver               1000d7f0 f   LIBCMTD:crt0dat.obj
 0001:0000c8e0       __get_winmajor             1000d8e0 f   LIBCMTD:crt0dat.obj
 0001:0000c9d0       __get_winminor             1000d9d0 f   LIBCMTD:crt0dat.obj
 0001:0000cac0       __get_wpgmptr              1000dac0 f   LIBCMTD:crt0dat.obj
 0001:0000cbb0       __get_pgmptr               1000dbb0 f   LIBCMTD:crt0dat.obj
 0001:0000cca0       _malloc                    1000dca0 f   LIBCMTD:dbgheap.obj
 0001:0000ccd0       __malloc_dbg               1000dcd0 f   LIBCMTD:dbgheap.obj
 0001:0000cd00       __nh_malloc                1000dd00 f   LIBCMTD:dbgheap.obj
 0001:0000cd20       __nh_malloc_dbg            1000dd20 f   LIBCMTD:dbgheap.obj
 0001:0000cd90       __heap_alloc               1000dd90 f   LIBCMTD:dbgheap.obj
 0001:0000cdb0       __heap_alloc_dbg           1000ddb0 f   LIBCMTD:dbgheap.obj
 0001:0000d150       _calloc                    1000e150 f   LIBCMTD:dbgheap.obj
 0001:0000d180       __calloc_dbg               1000e180 f   LIBCMTD:dbgheap.obj
 0001:0000d240       _realloc                   1000e240 f   LIBCMTD:dbgheap.obj
 0001:0000d270       __recalloc                 1000e270 f   LIBCMTD:dbgheap.obj
 0001:0000d2a0       __realloc_dbg              1000e2a0 f   LIBCMTD:dbgheap.obj
 0001:0000d8d0       __recalloc_dbg             1000e8d0 f   LIBCMTD:dbgheap.obj
 0001:0000d9d0       __expand                   1000e9d0 f   LIBCMTD:dbgheap.obj
 0001:0000da00       __expand_dbg               1000ea00 f   LIBCMTD:dbgheap.obj
 0001:0000db10       _free                      1000eb10 f   LIBCMTD:dbgheap.obj
 0001:0000db30       __free_nolock              1000eb30 f   LIBCMTD:dbgheap.obj
 0001:0000db50       __free_dbg                 1000eb50 f   LIBCMTD:dbgheap.obj
 0001:0000dbd0       __free_dbg_nolock          1000ebd0 f   LIBCMTD:dbgheap.obj
 0001:0000e0b0       __msize                    1000f0b0 f   LIBCMTD:dbgheap.obj
 0001:0000e0d0       __msize_dbg                1000f0d0 f   LIBCMTD:dbgheap.obj
 0001:0000e2c0       __CrtSetBreakAlloc         1000f2c0 f   LIBCMTD:dbgheap.obj
 0001:0000e2e0       __CrtSetDbgBlockType       1000f2e0 f   LIBCMTD:dbgheap.obj
 0001:0000e3d0       __CrtSetAllocHook          1000f3d0 f   LIBCMTD:dbgheap.obj
 0001:0000e3f0       __CrtGetAllocHook          1000f3f0 f   LIBCMTD:dbgheap.obj
 0001:0000e450       __CrtCheckMemory           1000f450 f   LIBCMTD:dbgheap.obj
 0001:0000e8a0       __CrtSetDbgFlag            1000f8a0 f   LIBCMTD:dbgheap.obj
 0001:0000e9f0       __CrtDoForAllClientObjects 1000f9f0 f   LIBCMTD:dbgheap.obj
 0001:0000eb10       __CrtIsValidPointer        1000fb10 f   LIBCMTD:dbgheap.obj
 0001:0000eb20       __CrtIsValidHeapPointer    1000fb20 f   LIBCMTD:dbgheap.obj
 0001:0000ec10       __invoke_watson_if_error   1000fc10 f i LIBCMTD:dbgheap.obj
 0001:0000ec40       __CrtIsMemoryBlock         1000fc40 f   LIBCMTD:dbgheap.obj
 0001:0000edb0       __CrtReportBlockType       1000fdb0 f   LIBCMTD:dbgheap.obj
 0001:0000ede0       __CrtSetDumpClient         1000fde0 f   LIBCMTD:dbgheap.obj
 0001:0000ee00       __CrtGetDumpClient         1000fe00 f   LIBCMTD:dbgheap.obj
 0001:0000ee10       __CrtMemCheckpoint         1000fe10 f   LIBCMTD:dbgheap.obj
 0001:0000f030       __CrtMemDifference         10010030 f   LIBCMTD:dbgheap.obj
 0001:0000f250       __CrtMemDumpAllObjectsSince 10010250 f   LIBCMTD:dbgheap.obj
 0001:0000f290       ??0_LocaleUpdate@@QAE@PAUlocaleinfo_struct@@@Z 10010290 f i LIBCMTD:dbgheap.obj
 0001:0000f370       ??1_LocaleUpdate@@QAE@XZ   10010370 f i LIBCMTD:dbgheap.obj
 0001:0000f3a0       ?GetLocaleT@_LocaleUpdate@@QAEPAUlocaleinfo_struct@@XZ 100103a0 f i LIBCMTD:dbgheap.obj
 0001:0000f860       __invoke_watson_if_oneof   10010860 f i LIBCMTD:dbgheap.obj
 0001:0000f8a0       __CrtDumpMemoryLeaks       100108a0 f   LIBCMTD:dbgheap.obj
 0001:0000f910       __CrtMemDumpStatistics     10010910 f   LIBCMTD:dbgheap.obj
 0001:0000fa20       __aligned_malloc           10010a20 f   LIBCMTD:dbgheap.obj
 0001:0000fa40       __aligned_malloc_dbg       10010a40 f   LIBCMTD:dbgheap.obj
 0001:0000fa60       __aligned_realloc          10010a60 f   LIBCMTD:dbgheap.obj
 0001:0000fa80       __aligned_recalloc         10010a80 f   LIBCMTD:dbgheap.obj
 0001:0000fab0       __aligned_realloc_dbg      10010ab0 f   LIBCMTD:dbgheap.obj
 0001:0000fae0       __aligned_recalloc_dbg     10010ae0 f   LIBCMTD:dbgheap.obj
 0001:0000fb10       __aligned_offset_malloc    10010b10 f   LIBCMTD:dbgheap.obj
 0001:0000fb30       __aligned_offset_malloc_dbg 10010b30 f   LIBCMTD:dbgheap.obj
 0001:0000fcd0       __aligned_offset_realloc   10010cd0 f   LIBCMTD:dbgheap.obj
 0001:0000fd00       __aligned_offset_recalloc  10010d00 f   LIBCMTD:dbgheap.obj
 0001:0000fd30       __aligned_offset_realloc_dbg 10010d30 f   LIBCMTD:dbgheap.obj
 0001:00010000       __aligned_offset_recalloc_dbg 10011000 f   LIBCMTD:dbgheap.obj
 0001:00010110       __aligned_free             10011110 f   LIBCMTD:dbgheap.obj
 0001:00010130       __aligned_free_dbg         10011130 f   LIBCMTD:dbgheap.obj
 0001:000101e0       __CrtSetDebugFillThreshold 100111e0 f   LIBCMTD:dbgheap.obj
 0001:00010200       __CrtSetCheckCount         10011200 f   LIBCMTD:dbgheap.obj
 0001:00010220       __CrtGetCheckCount         10011220 f   LIBCMTD:dbgheap.obj
 0001:00010230       __aligned_msize            10011230 f   LIBCMTD:dbgheap.obj
 0001:00010250       __aligned_msize_dbg        10011250 f   LIBCMTD:dbgheap.obj
 0001:00010360       __wassert                  10011360 f   LIBCMTD:wassert.obj
 0001:00011140       __vsprintf_l               10012140 f   LIBCMTD:vsprintf.obj
 0001:000112b0       _vsprintf                  100122b0 f   LIBCMTD:vsprintf.obj
 0001:000112d0       __vscprintf_helper         100122d0 f   LIBCMTD:vsprintf.obj
 0001:00011390       __vscprintf                10012390 f   LIBCMTD:vsprintf.obj
 0001:000113b0       __vscprintf_l              100123b0 f   LIBCMTD:vsprintf.obj
 0001:000113d0       __vscprintf_p              100123d0 f   LIBCMTD:vsprintf.obj
 0001:000113f0       __vscprintf_p_l            100123f0 f   LIBCMTD:vsprintf.obj
 0001:00011410       _fflush                    10012410 f   LIBCMTD:fflush.obj
 0001:000114b0       __fflush_nolock            100124b0 f   LIBCMTD:fflush.obj
 0001:00011510       __flush                    10012510 f   LIBCMTD:fflush.obj
 0001:000115d0       __flushall                 100125d0 f   LIBCMTD:fflush.obj
 0001:00011780       _fputs                     10012780 f   LIBCMTD:fputs.obj
 0001:00011a60       __fsopen                   10012a60 f   LIBCMTD:fopen.obj
 0001:00011c70       _fopen                     10012c70 f   LIBCMTD:fopen.obj
 0001:00011c90       _fopen_s                   10012c90 f   LIBCMTD:fopen.obj
 0001:00011d30       __alloca_probe             10012d30     LIBCMTD:chkstk.obj
 0001:00011d30       __chkstk                   10012d30 f   LIBCMTD:chkstk.obj
 0001:00011d60       _DebuggerKnownHandle       10012d60 f   LIBCMTD:error.obj
 0001:00011e00       ?_RTC_Failure@@YAXPAXH@Z   10012e00 f   LIBCMTD:error.obj
 0001:00012130       ?_RTC_StackFailure@@YAXPAXPBD@Z 10013130 f   LIBCMTD:error.obj
 0001:00012250       ?_RTC_AllocaFailure@@YAXPAXPAU_RTC_ALLOCA_NODE@@H@Z 10013250 f   LIBCMTD:error.obj
 0001:00012410       __RTC_UninitUse            10013410 f   LIBCMTD:error.obj
 0001:00012520       _memcmp                    10013520 f   LIBCMTD:memcmp.obj
 0001:00012f90       _strrchr                   10013f90 f   LIBCMTD:strrchr.obj
 0001:00012fc0       __CRT_INIT@12              10013fc0 f   LIBCMTD:dllcrt0.obj
 0001:000132a0       __set_osplatform           100142a0 f i LIBCMTD:dllcrt0.obj
 0001:000132b0       __set_osver                100142b0 f i LIBCMTD:dllcrt0.obj
 0001:000132c0       __set_winver               100142c0 f i LIBCMTD:dllcrt0.obj
 0001:000132d0       __set_winmajor             100142d0 f i LIBCMTD:dllcrt0.obj
 0001:000132e0       __set_winminor             100142e0 f i LIBCMTD:dllcrt0.obj
 0001:000132f0       __DllMainCRTStartup@12     100142f0 f   LIBCMTD:dllcrt0.obj
 0001:000134d0       ___InternalCxxFrameHandler 100144d0 f   LIBCMTD:frame.obj
 0001:00013ac0       ??0bad_exception@std@@QAE@PBD@Z 10014ac0 f i LIBCMTD:frame.obj
 0001:00013af0       ??1bad_exception@std@@UAE@XZ 10014af0 f i LIBCMTD:frame.obj
 0001:00013b10       ??_Ebad_exception@std@@UAEPAXI@Z 10014b10 f i LIBCMTD:frame.obj
 0001:00013b10       ??_Gbad_exception@std@@UAEPAXI@Z 10014b10 f i LIBCMTD:frame.obj
 0001:00013b40       ??0bad_exception@std@@QAE@ABV01@@Z 10014b40 f i LIBCMTD:frame.obj
 0001:00013cf0       ___TypeMatch               10014cf0 f   LIBCMTD:frame.obj
 0001:00013da0       ___FrameUnwindFilter       10014da0 f   LIBCMTD:frame.obj
 0001:00013e10       ___FrameUnwindToState      10014e10 f   LIBCMTD:frame.obj
 0001:00014350       ___BuildCatchObjectHelper  10015350 f   LIBCMTD:frame.obj
 0001:000145c0       ___BuildCatchObject        100155c0 f   LIBCMTD:frame.obj
 0001:000146d0       ___DestructExceptionObject 100156d0 f   LIBCMTD:frame.obj
 0001:00014780       ___AdjustPointer           10015780 f   LIBCMTD:frame.obj
 0001:000147d0       ?__uncaught_exception@@YA_NXZ 100157d0 f   LIBCMTD:frame.obj
 0001:000147f0       ___CxxExceptionFilter      100157f0 f   LIBCMTD:frame.obj
 0001:000149e0       ___CxxRegisterExceptionObject 100159e0 f   LIBCMTD:frame.obj
 0001:00014b10       ___CxxDetectRethrow        10015b10 f   LIBCMTD:frame.obj
 0001:00014b90       ___CxxUnregisterExceptionObject 10015b90 f   LIBCMTD:frame.obj
 0001:00014d10       ___CxxQueryExceptionSize   10015d10 f   LIBCMTD:frame.obj
 0001:00014d20       ___CxxCallUnwindDtor       10015d20 f   LIBCMTD:frame.obj
 0001:00014da0       ___CxxCallUnwindDelDtor    10015da0 f   LIBCMTD:frame.obj
 0001:00014e20       ___CxxCallUnwindStdDelDtor 10015e20 f   LIBCMTD:frame.obj
 0001:00014ea0       ___CxxCallUnwindVecDtor    10015ea0 f   LIBCMTD:frame.obj
 0001:000150c0       ?_is_exception_typeof@@YAHABVtype_info@@PAU_EXCEPTION_POINTERS@@@Z 100160c0 f   LIBCMTD:frame.obj
 0001:000151a0       __CallSettingFrame@12      100161a0 f   LIBCMTD:lowhelpr.obj
 0001:000151c7       __NLG_Return               100161c7     LIBCMTD:lowhelpr.obj
 0001:000151f0       __encode_pointer           100161f0 f   LIBCMTD:tidtable.obj
 0001:00015340       __encoded_null             10016340 f   LIBCMTD:tidtable.obj
 0001:00015350       __decode_pointer           10016350 f   LIBCMTD:tidtable.obj
 0001:000153f0       ___crtTlsAlloc@4           100163f0 f   LIBCMTD:tidtable.obj
 0001:00015400       ___fls_getvalue@4          10016400 f   LIBCMTD:tidtable.obj
 0001:00015420       ___get_flsindex            10016420 f   LIBCMTD:tidtable.obj
 0001:00015430       ___set_flsgetvalue         10016430 f   LIBCMTD:tidtable.obj
 0001:00015480       ___fls_setvalue@8          10016480 f   LIBCMTD:tidtable.obj
 0001:000154a0       __mtinit                   100164a0 f   LIBCMTD:tidtable.obj
 0001:000156b0       __mtterm                   100166b0 f   LIBCMTD:tidtable.obj
 0001:00015710       __initptd                  10016710 f   LIBCMTD:tidtable.obj
 0001:00015840       __getptd_noexit            10016840 f   LIBCMTD:tidtable.obj
 0001:00015900       __getptd                   10016900 f   LIBCMTD:tidtable.obj
 0001:00015930       __freefls@4                10016930 f   LIBCMTD:tidtable.obj
 0001:00015b20       __freeptd                  10016b20 f   LIBCMTD:tidtable.obj
 0001:00015ba0       ___threadid                10016ba0 f   LIBCMTD:tidtable.obj
 0001:00015bb0       ___threadhandle            10016bb0 f   LIBCMTD:tidtable.obj
 0001:00015bc0       __initp_eh_hooks           10016bc0 f   LIBCMTD:hooks.obj
 0001:00015be0       ?terminate@@YAXXZ          10016be0 f   LIBCMTD:hooks.obj
 0001:00015c60       ?unexpected@@YAXXZ         10016c60 f   LIBCMTD:hooks.obj
 0001:00015c90       ?_inconsistency@@YAXXZ     10016c90 f   LIBCMTD:hooks.obj
 0001:00015d20       ___report_gsfailure        10016d20 f   LIBCMTD:gs_report.obj
 0001:00015e30       __RTC_NumErrors            10016e30 f   LIBCMTD:userapi.obj
 0001:00015e40       __RTC_GetErrDesc           10016e40 f   LIBCMTD:userapi.obj
 0001:00015e60       __RTC_SetErrorType         10016e60 f   LIBCMTD:userapi.obj
 0001:00015e90       __RTC_SetErrorFunc         10016e90 f   LIBCMTD:userapi.obj
 0001:00015eb0       __RTC_SetErrorFuncW        10016eb0 f   LIBCMTD:userapi.obj
 0001:00015ed0       ?_RTC_GetErrorFunc@@YAP6AHHPBDH00ZZPBX@Z 10016ed0 f   LIBCMTD:userapi.obj
 0001:00015ee0       ?_RTC_GetErrorFuncW@@YAP6AHHPB_WH00ZZPBX@Z 10016ee0 f   LIBCMTD:userapi.obj
 0001:00015ef0       __chkesp                   10016ef0 f   LIBCMTD:chkesp.obj
 0001:00015f30       __CRT_RTC_INIT             10016f30 f   LIBCMTD:chkesp.obj
 0001:00015f40       __CRT_RTC_INITW            10016f40 f   LIBCMTD:chkesp.obj
 0001:00015f50       __VEC_memcpy               10016f50 f   LIBCMTD:p4_memcpy.obj
 0001:000160d0       __sse2_mathfcns_init       100170d0 f   LIBCMTD:mathfcns.obj
 0001:000160f0       __set_SSE2_enable          100170f0 f   LIBCMTD:mathfcns.obj
 0001:00016110       __initp_misc_winsig        10017110 f   LIBCMTD:winsig.obj
 0001:00016140       _signal                    10017140 f   LIBCMTD:winsig.obj
 0001:000165e0       _raise                     100175e0 f   LIBCMTD:winsig.obj
 0001:00016950       ___get_sigabrt             10017950 f   LIBCMTD:winsig.obj
 0001:00016970       ___fpecode                 10017970 f   LIBCMTD:winsig.obj
 0001:00016980       ___pxcptinfoptrs           10017980 f   LIBCMTD:winsig.obj
 0001:00016990       __FF_MSGBANNER             10017990 f   LIBCMTD:crt0msg.obj
 0001:000169e0       __NMSG_WRITE               100179e0 f   LIBCMTD:crt0msg.obj
 0001:00016c70       __GET_RTERRMSG             10017c70 f   LIBCMTD:crt0msg.obj
 0001:00016cb0       __VEC_memzero              10017cb0 f   LIBCMTD:p4_memset.obj
 0001:00016da0       ?_Type_info_dtor@type_info@@CAXPAV1@@Z 10017da0 f   LIBCMTD:typname.obj
 0001:00016eb0       ?_Name_base@type_info@@CAPBDPBV1@PAU__type_info_node@@@Z 10017eb0 f   LIBCMTD:typname.obj
 0001:00017050       ?_Type_info_dtor_internal@type_info@@CAXPAV1@@Z 10018050 f   LIBCMTD:typname.obj
 0001:00017160       ___unDNameHelper           10018160 f   LIBCMTD:typname.obj
 0001:000171a0       ?_Name_base_internal@type_info@@CAPBDPBV1@PAU__type_info_node@@@Z 100181a0 f   LIBCMTD:typname.obj
 0001:00017340       ___clean_type_info_names_internal 10018340 f   LIBCMTD:typname.obj
 0001:000173f0       ??3@YAXPAX@Z               100183f0 f   LIBCMTD:dbgdel.obj
 0001:000174e0       _strcmp                    100184e0 f   LIBCMTD:strcmp.obj
 0001:00017570       __flsbuf                   10018570 f   LIBCMTD:_flsbuf.obj
 0001:00017830       __output_l                 10018830 f   LIBCMTD:output.obj
 0001:00018ca0       _get_int_arg               10019ca0 f i LIBCMTD:output.obj
 0001:00018cc0       _get_int64_arg             10019cc0 f i LIBCMTD:output.obj
 0001:00018ce0       _get_short_arg             10019ce0 f i LIBCMTD:output.obj
 0001:00018d00       __initp_misc_invarg        10019d00 f   LIBCMTD:invarg.obj
 0001:00018d10       __invalid_parameter        10019d10 f   LIBCMTD:invarg.obj
 0001:00018d80       __invoke_watson            10019d80 f   LIBCMTD:invarg.obj
 0001:00018ec0       __set_invalid_parameter_handler 10019ec0 f   LIBCMTD:invarg.obj
 0001:00018f00       __get_invalid_parameter_handler 10019f00 f   LIBCMTD:invarg.obj
 0001:00018f30       ?_invalid_parameter@@YAXPBG00II@Z 10019f30 f   LIBCMTD:invarg.obj
 0001:00018f60       ?_invoke_watson@@YAXPBG00II@Z 10019f60 f   LIBCMTD:invarg.obj
 0001:00018f90       __dosmaperr                10019f90 f   LIBCMTD:dosmap.obj
 0001:00018fc0       __get_errno_from_oserr     10019fc0 f   LIBCMTD:dosmap.obj
 0001:00019040       __set_errno                1001a040 f   LIBCMTD:dosmap.obj
 0001:00019070       __get_errno                1001a070 f   LIBCMTD:dosmap.obj
 0001:000190f0       __set_doserrno             1001a0f0 f   LIBCMTD:dosmap.obj
 0001:00019120       __get_doserrno             1001a120 f   LIBCMTD:dosmap.obj
 0001:000191a0       __errno                    1001a1a0 f   LIBCMTD:dosmap.obj
 0001:000191d0       ___doserrno                1001a1d0 f   LIBCMTD:dosmap.obj
 0001:00019200       __CrtSetReportHookW2       1001a200 f   LIBCMTD:dbgrptw.obj
 0001:00019520       __CrtDbgReportW            1001a520 f   LIBCMTD:dbgrptw.obj
 0001:00019560       __CrtDbgReportWV           1001a560 f i LIBCMTD:dbgrptw.obj
 0001:000198a0       ___crtMessageWindowW       1001a8a0 f   LIBCMTD:dbgrptw.obj
 0001:00019ca0       ?_CrtDbgReportW@@YAHHPBGH00ZZ 1001aca0 f   LIBCMTD:dbgrptw.obj
 0001:00019ce0       __vsnprintf_helper         1001ace0 f   LIBCMTD:vsnprnc.obj
 0001:00019eb0       __vsnprintf_c              1001aeb0 f   LIBCMTD:vsnprnc.obj
 0001:00019f00       __vsnprintf_c_l            1001af00 f   LIBCMTD:vsnprnc.obj
 0001:00019f50       __vsprintf_s_l             1001af50 f   LIBCMTD:vsnprnc.obj
 0001:0001a1b0       _vsprintf_s                1001b1b0 f   LIBCMTD:vsnprnc.obj
 0001:0001a1d0       __vsnprintf_s_l            1001b1d0 f   LIBCMTD:vsnprnc.obj
 0001:0001a570       __vsnprintf_s              1001b570 f   LIBCMTD:vsnprnc.obj
 0001:0001a5a0       __vsprintf_p               1001b5a0 f   LIBCMTD:vsnprnc.obj
 0001:0001a5f0       __vsprintf_p_l             1001b5f0 f   LIBCMTD:vsnprnc.obj
 0001:0001a640       __onexit                   1001b640 f   LIBCMTD:onexit.obj
 0001:0001a810       _atexit                    1001b810 f   LIBCMTD:onexit.obj
 0001:0001a830       ___onexitinit              1001b830 f   LIBCMTD:onexit.obj
 0001:0001a890       __RTC_Initialize           1001b890 f   LIBCMTD:initsect.obj
 0001:0001a8c0       __RTC_Terminate            1001b8c0 f   LIBCMTD:initsect.obj
 0001:0001a8f0       __initp_misc_cfltcvt_tab   1001b8f0 f   LIBCMTD:cmiscdat.obj
 0001:0001a930       __ValidateImageBase        1001b930 f   LIBCMTD:pesect.obj
 0001:0001a990       __FindPESection            1001b990 f   LIBCMTD:pesect.obj
 0001:0001aa10       __IsNonwritableInCurrentImage 1001ba10 f   LIBCMTD:pesect.obj
 0001:0001ab20       ___updatetmbcinfo          1001bb20 f   LIBCMTD:mbctype.obj
 0001:0001ac30       __setmbcp                  1001bc30 f   LIBCMTD:mbctype.obj
 0001:0001afd0       __setmbcp_nolock           1001bfd0 f   LIBCMTD:mbctype.obj
 0001:0001b7c0       __getmbcp                  1001c7c0 f   LIBCMTD:mbctype.obj
 0001:0001b830       ___initmbctable            1001c830 f   LIBCMTD:mbctype.obj
 0001:0001b860       __except_handler4          1001c860 f   LIBCMTD:chandler4.obj
 0001:0001ba80       __mtinitlocks              1001ca80 f   LIBCMTD:mlock.obj
 0001:0001bb10       __mtdeletelocks            1001cb10 f   LIBCMTD:mlock.obj
 0001:0001bbd0       __mtinitlocknum            1001cbd0 f   LIBCMTD:mlock.obj
 0001:0001bd20       __lock                     1001cd20 f   LIBCMTD:mlock.obj
 0001:0001bd60       __unlock                   1001cd60 f   LIBCMTD:mlock.obj
 0001:0001bd80       __lockerr_exit             1001cd80 f   LIBCMTD:mlock.obj
 0001:0001bda0       __initp_misc_winxfltr      1001cda0 f   LIBCMTD:winxfltr.obj
 0001:0001bdb0       ___CppXcptFilter           1001cdb0 f   LIBCMTD:winxfltr.obj
 0001:0001bde0       __XcptFilter               1001cde0 f   LIBCMTD:winxfltr.obj
 0001:0001c010       __initp_misc_rand_s        1001d010 f   LIBCMTD:rand_s.obj
 0001:0001c020       _rand_s                    1001d020 f   LIBCMTD:rand_s.obj
 0001:0001c240       ___getlocaleinfo           1001d240 f   LIBCMTD:inithelp.obj
 0001:0001c4e0       __initp_misc_purevirt      1001d4e0 f   LIBCMTD:inithelp.obj
 0001:0001c4f0       __initp_misc_initcrit      1001d4f0 f   LIBCMTD:initcrit.obj
 0001:0001c500       ___crtInitCritSecAndSpinCount 1001d500 f   LIBCMTD:initcrit.obj
 0001:0001c670       __initp_heap_handler       1001d670 f   LIBCMTD:handler.obj
 0001:0001c680       ?_set_new_handler@@YAP6AHI@ZP6AHI@Z@Z 1001d680 f   LIBCMTD:handler.obj
 0001:0001c6d0       ?_set_new_handler@@YAP6AHI@ZH@Z 1001d6d0 f   LIBCMTD:handler.obj
 0001:0001c710       ?_query_new_handler@@YAP6AHI@ZXZ 1001d710 f   LIBCMTD:handler.obj
 0001:0001c730       __callnewh                 1001d730 f   LIBCMTD:handler.obj
 0001:0001c770       _V6_HeapAlloc              1001d770 f   LIBCMTD:malloc.obj
 0001:0001c800       __malloc_base              1001d800 f   LIBCMTD:malloc.obj
 0001:0001c890       __heap_alloc_base          1001d890 f i LIBCMTD:malloc.obj
 0001:0001c950       __CrtSetReportHook2        1001d950 f   LIBCMTD:dbgrpt.obj
 0001:0001cc70       __CrtDbgReport             1001dc70 f   LIBCMTD:dbgrpt.obj
 0001:0001ccb0       __CrtDbgReportV            1001dcb0 f i LIBCMTD:dbgrpt.obj
 0001:0001cce0       ___crtMessageWindowA       1001dce0 f   LIBCMTD:dbgrpt.obj
 0001:0001d0e0       __CrtDefaultAllocHook      1001e0e0 f   LIBCMTD:dbghook.obj
 0001:0001d0f0       __crt_debugger_hook        1001e0f0 f   LIBCMTD:dbghook.obj
 0001:0001d100       __expand_base              1001e100 f   LIBCMTD:expand.obj
 0001:0001d2d0       __realloc_base             1001e2d0 f   LIBCMTD:realloc.obj
 0001:0001d670       __recalloc_base            1001e670 f   LIBCMTD:realloc.obj
 0001:0001d760       __free_base                1001e760 f   LIBCMTD:free.obj
 0001:0001d880       __heapchk                  1001e880 f   LIBCMTD:heapchk.obj
 0001:0001d950       __heapset                  1001e950 f   LIBCMTD:heapchk.obj
 0001:0001d960       ___heap_select             1001e960 f   LIBCMTD:heapinit.obj
 0001:0001d9f0       __heap_init                1001e9f0 f   LIBCMTD:heapinit.obj
 0001:0001da70       __heap_term                1001ea70 f   LIBCMTD:heapinit.obj
 0001:0001db10       __get_heap_handle          1001eb10 f   LIBCMTD:heapinit.obj
 0001:0001db50       __get_sbh_threshold        1001eb50 f   LIBCMTD:sbheap.obj
 0001:0001dba0       __set_sbh_threshold        1001eba0 f   LIBCMTD:sbheap.obj
 0001:0001dd30       __set_amblksiz             1001ed30 f   LIBCMTD:sbheap.obj
 0001:0001de30       __get_amblksiz             1001ee30 f   LIBCMTD:sbheap.obj
 0001:0001df20       ___sbh_heap_init           1001ef20 f   LIBCMTD:sbheap.obj
 0001:0001df90       ___sbh_find_block          1001ef90 f   LIBCMTD:sbheap.obj
 0001:0001dff0       ___sbh_verify_block        1001eff0 f   LIBCMTD:sbheap.obj
 0001:0001e050       ___sbh_free_block          1001f050 f   LIBCMTD:sbheap.obj
 0001:0001e610       ___sbh_alloc_block         1001f610 f   LIBCMTD:sbheap.obj
 0001:0001eb30       ___sbh_alloc_new_region    1001fb30 f   LIBCMTD:sbheap.obj
 0001:0001ec40       ___sbh_alloc_new_group     1001fc40 f   LIBCMTD:sbheap.obj
 0001:0001ee30       ___sbh_resize_block        1001fe30 f   LIBCMTD:sbheap.obj
 0001:0001f400       ___sbh_heapmin             10020400 f   LIBCMTD:sbheap.obj
 0001:0001f530       ___sbh_heap_check          10020530 f   LIBCMTD:sbheap.obj
 0001:0001fa20       ____setlc_active_func      10020a20 f   LIBCMTD:setlocal.obj
 0001:0001fa30       ____unguarded_readlc_active_add_func 10020a30 f   LIBCMTD:setlocal.obj
 0001:0001fa40       ___freetlocinfo            10020a40 f   LIBCMTD:setlocal.obj
 0001:0001fd20       ___addlocaleref            10020d20 f   LIBCMTD:setlocal.obj
 0001:0001fe40       ___removelocaleref         10020e40 f   LIBCMTD:setlocal.obj
 0001:0001ff70       ___updatetlocinfo          10020f70 f   LIBCMTD:setlocal.obj
 0001:000200c0       __configthreadlocale       100210c0 f   LIBCMTD:setlocal.obj
 0001:000201d0       __locterm                  100211d0 f   LIBCMTD:setlocal.obj
 0001:00020260       __free_locale              10021260 f   LIBCMTD:setlocal.obj
 0001:00020370       ___free_locale             10021370 f   LIBCMTD:setlocal.obj
 0001:00020390       __create_locale            10021390 f   LIBCMTD:setlocal.obj
 0001:000205b0       ___create_locale           100215b0 f   LIBCMTD:setlocal.obj
 0001:000205d0       __get_current_locale       100215d0 f   LIBCMTD:setlocal.obj
 0001:000206c0       ___get_current_locale      100216c0 f   LIBCMTD:setlocal.obj
 0001:000206d0       _setlocale                 100216d0 f   LIBCMTD:setlocal.obj
 0001:000215e0       __expandlocale             100225e0 f   LIBCMTD:setlocal.obj
 0001:00021890       ___init_dummy              10022890 f   LIBCMTD:setlocal.obj
 0001:000218a0       __strcats                  100228a0 f   LIBCMTD:setlocal.obj
 0001:00021920       ___lc_strtolc              10022920 f   LIBCMTD:setlocal.obj
 0001:00021b20       ___lc_lctostr              10022b20 f   LIBCMTD:setlocal.obj
 0001:00021bb0       __chvalidator              10022bb0 f   LIBCMTD:isctype.obj
 0001:00021c00       __chvalidator_l            10022c00 f   LIBCMTD:isctype.obj
 0001:00021cb0       __isctype_l                10022cb0 f   LIBCMTD:isctype.obj
 0001:00021dc0       __isctype                  10022dc0 f   LIBCMTD:isctype.obj
 0001:00021e00       ___crtMessageBoxW          10022e00 f   LIBCMTD:crtmboxw.obj
 0001:000220a0       __itow_s                   100230a0 f   LIBCMTD:xtows.obj
 0001:00022480       __ltow_s                   10023480 f   LIBCMTD:xtows.obj
 0001:000224c0       __ultow_s                  100234c0 f   LIBCMTD:xtows.obj
 0001:000224e0       __i64tow_s                 100234e0 f   LIBCMTD:xtows.obj
 0001:000228f0       __ui64tow_s                100238f0 f   LIBCMTD:xtows.obj
 0001:00022910       _wcsncat_s                 10023910 f   LIBCMTD:wcsncat_s.obj
 0001:00022dc0       _wcsncpy_s                 10023dc0 f   LIBCMTD:wcsncpy_s.obj
 0001:000231c0       _wcscat_s                  100241c0 f   LIBCMTD:wcscat_s.obj
 0001:000235b0       _wcscpy_s                  100245b0 f   LIBCMTD:wcscpy_s.obj
 0001:00023890       _fwprintf                  10024890 f   LIBCMTD:fwprintf.obj
 0001:00023a10       __fwprintf_l               10024a10 f   LIBCMTD:fwprintf.obj
 0001:00023a40       __fwprintf_s_l             10024a40 f   LIBCMTD:fwprintf.obj
 0001:00023a70       _fwprintf_s                10024a70 f   LIBCMTD:fwprintf.obj
 0001:00023aa0       __fwprintf_p_l             10024aa0 f   LIBCMTD:fwprintf.obj
 0001:00023ad0       __fwprintf_p               10024ad0 f   LIBCMTD:fwprintf.obj
 0001:00023b00       _setvbuf                   10024b00 f   LIBCMTD:setvbuf.obj
 0001:00023dd0       ___iob_func                10024dd0 f   LIBCMTD:_file.obj
 0001:00023de0       ___initstdio               10024de0 f   LIBCMTD:_file.obj
 0001:00023f30       ___endstdio                10024f30 f   LIBCMTD:_file.obj
 0001:00023f60       __lock_file                10024f60 f   LIBCMTD:_file.obj
 0001:00023fb0       __lock_file2               10024fb0 f   LIBCMTD:_file.obj
 0001:00023ff0       __unlock_file              10024ff0 f   LIBCMTD:_file.obj
 0001:00024040       __unlock_file2             10025040 f   LIBCMTD:_file.obj
 0001:00024080       _wcslen                    10025080 f   LIBCMTD:wcslen.obj
 0001:000240b0       __set_error_mode           100250b0 f   LIBCMTD:errmode.obj
 0001:00024170       ___set_app_type            10025170 f   LIBCMTD:errmode.obj
 0001:00024180       ___get_app_type            10025180 f   LIBCMTD:errmode.obj
 0001:00024190       __assert                   10025190 f   LIBCMTD:assert.obj
 0001:00024c60       _strcpy_s                  10025c60 f   LIBCMTD:strcpy_s.obj
 0001:00024f40       _strcat_s                  10025f40 f   LIBCMTD:strcat_s.obj
 0001:00025320       __wcstombs_l_helper        10026320 f   LIBCMTD:wcstombs.obj
 0001:00025870       __wcstombs_l               10026870 f   LIBCMTD:wcstombs.obj
 0001:00025890       _wcstombs                  10026890 f   LIBCMTD:wcstombs.obj
 0001:000258b0       __wcstombs_s_l             100268b0 f   LIBCMTD:wcstombs.obj
 0001:00025b70       _wcstombs_s                10026b70 f   LIBCMTD:wcstombs.obj
 0001:00025ba0       __vswprintf_helper         10026ba0 f   LIBCMTD:vswprnc.obj
 0001:00025dd0       __vswprintf_c              10026dd0 f   LIBCMTD:vswprnc.obj
 0001:00025e20       __vswprintf_c_l            10026e20 f   LIBCMTD:vswprnc.obj
 0001:00025e70       __vswprintf_s_l            10026e70 f   LIBCMTD:vswprnc.obj
 0001:000260e0       _vswprintf_s               100270e0 f   LIBCMTD:vswprnc.obj
 0001:00026100       __vsnwprintf_s_l           10027100 f   LIBCMTD:vswprnc.obj
 0001:000264b0       __vsnwprintf_s             100274b0 f   LIBCMTD:vswprnc.obj
 0001:000264e0       __vswprintf_p              100274e0 f   LIBCMTD:vswprnc.obj
 0001:00026530       __vswprintf_p_l            10027530 f   LIBCMTD:vswprnc.obj
 0001:00026580       __validate_param_reuseA    10027580 f   LIBCMTD:outputp.obj
 0001:000267f0       __output_p_l               100277f0 f   LIBCMTD:outputp.obj
 0001:0002a3f0       _get_crtdouble_arg         1002b3f0 f i LIBCMTD:outputp.obj
 0001:0002a410       __commit                   1002b410 f   LIBCMTD:commit.obj
 0001:0002a630       __fileno                   1002b630 f   LIBCMTD:fileno.obj
 0001:0002a6a0       __write                    1002b6a0 f   LIBCMTD:write.obj
 0001:0002a8c0       __write_nolock             1002b8c0 f   LIBCMTD:write.obj
 0001:0002b2e0       __stbuf                    1002c2e0 f   LIBCMTD:_sftbuf.obj
 0001:0002b440       __ftbuf                    1002c440 f   LIBCMTD:_sftbuf.obj
 0001:0002b4d0       _fwrite                    1002c4d0 f   LIBCMTD:fwrite.obj
 0001:0002b5e0       __fwrite_nolock            1002c5e0 f   LIBCMTD:fwrite.obj
 0001:0002b9b0       __ioinit                   1002c9b0 f   LIBCMTD:ioinit.obj
 0001:0002be30       __ioterm                   1002ce30 f   LIBCMTD:ioinit.obj
 0001:0002bed0       __openfile                 1002ced0 f   LIBCMTD:_open.obj
 0001:0002c5d0       __getstream                1002d5d0 f   LIBCMTD:stream.obj
 0001:0002c824       __local_unwind4            1002d824 f   LIBCMTD:exsup4.obj
 0001:0002c8fa       __seh_longjmp_unwind4@4    1002d8fa f   LIBCMTD:exsup4.obj
 0001:0002c916       @_EH4_CallFilterFunc@8     1002d916 f   LIBCMTD:exsup4.obj
 0001:0002c92d       @_EH4_TransferToHandler@8  1002d92d f   LIBCMTD:exsup4.obj
 0001:0002c946       @_EH4_GlobalUnwind@4       1002d946 f   LIBCMTD:exsup4.obj
 0001:0002c960       @_EH4_LocalUnwind@16       1002d960 f   LIBCMTD:exsup4.obj
 0001:0002c980       ?_RTC_GetSrcLine@@YAHPAEPA_WKPAH1K@Z 1002d980 f   LIBCMTD:pdblkup.obj
 0001:0002ce10       __setenvp                  1002de10 f   LIBCMTD:stdenvp.obj
 0001:0002cfb0       __setargv                  1002dfb0 f   LIBCMTD:stdargv.obj
 0001:0002d0d0       __set_pgmptr               1002e0d0 f i LIBCMTD:stdargv.obj
 0001:0002d440       ___crtGetEnvironmentStringsA 1002e440 f   LIBCMTD:a_env.obj
 0001:0002d660       ___security_init_cookie    1002e660 f   LIBCMTD:gs_support.obj
 0001:0002d740       ?_ValidateRead@@YAHPBXI@Z  1002e740 f   LIBCMTD:validate.obj
 0001:0002d760       ?_ValidateWrite@@YAHPAXI@Z 1002e760 f   LIBCMTD:validate.obj
 0001:0002d780       ?_ValidateExecute@@YAHP6GHXZ@Z 1002e780 f   LIBCMTD:validate.obj
 0001:0002d7a0       ??0exception@std@@QAE@XZ   1002e7a0 f   LIBCMTD:stdexcpt.obj
 0001:0002d7d0       ??_Eexception@std@@UAEPAXI@Z 1002e7d0 f i LIBCMTD:stdexcpt.obj
 0001:0002d7d0       ??_Gexception@std@@UAEPAXI@Z 1002e7d0 f i LIBCMTD:stdexcpt.obj
 0001:0002d800       ??0exception@std@@QAE@ABQBD@Z 1002e800 f   LIBCMTD:stdexcpt.obj
 0001:0002d890       ??0exception@std@@QAE@ABQBDH@Z 1002e890 f   LIBCMTD:stdexcpt.obj
 0001:0002d8c0       ??0exception@std@@QAE@ABV01@@Z 1002e8c0 f   LIBCMTD:stdexcpt.obj
 0001:0002d960       ??4exception@std@@QAEAAV01@ABV01@@Z 1002e960 f   LIBCMTD:stdexcpt.obj
 0001:0002da00       ??1exception@std@@UAE@XZ   1002ea00 f   LIBCMTD:stdexcpt.obj
 0001:0002da30       ?what@exception@std@@UBEPBDXZ 1002ea30 f   LIBCMTD:stdexcpt.obj
 0001:0002da60       ??0bad_cast@std@@QAE@PBD@Z 1002ea60 f   LIBCMTD:stdexcpt.obj
 0001:0002da90       ??_Gbad_cast@std@@UAEPAXI@Z 1002ea90 f i LIBCMTD:stdexcpt.obj
 0001:0002da90       ??_Ebad_cast@std@@UAEPAXI@Z 1002ea90 f i LIBCMTD:stdexcpt.obj
 0001:0002dac0       ??0bad_cast@std@@QAE@ABV01@@Z 1002eac0 f   LIBCMTD:stdexcpt.obj
 0001:0002daf0       ??1bad_cast@std@@UAE@XZ    1002eaf0 f   LIBCMTD:stdexcpt.obj
 0001:0002db10       ??0bad_typeid@std@@QAE@PBD@Z 1002eb10 f   LIBCMTD:stdexcpt.obj
 0001:0002db40       ??_Ebad_typeid@std@@UAEPAXI@Z 1002eb40 f i LIBCMTD:stdexcpt.obj
 0001:0002db40       ??_Gbad_typeid@std@@UAEPAXI@Z 1002eb40 f i LIBCMTD:stdexcpt.obj
 0001:0002db70       ??0bad_typeid@std@@QAE@ABV01@@Z 1002eb70 f   LIBCMTD:stdexcpt.obj
 0001:0002dba0       ??1bad_typeid@std@@UAE@XZ  1002eba0 f   LIBCMTD:stdexcpt.obj
 0001:0002dbc0       ??0__non_rtti_object@std@@QAE@PBD@Z 1002ebc0 f   LIBCMTD:stdexcpt.obj
 0001:0002dbf0       ??_E__non_rtti_object@std@@UAEPAXI@Z 1002ebf0 f i LIBCMTD:stdexcpt.obj
 0001:0002dbf0       ??_G__non_rtti_object@std@@UAEPAXI@Z 1002ebf0 f i LIBCMTD:stdexcpt.obj
 0001:0002dc20       ??0__non_rtti_object@std@@QAE@ABV01@@Z 1002ec20 f   LIBCMTD:stdexcpt.obj
 0001:0002dc50       ??1__non_rtti_object@std@@UAE@XZ 1002ec50 f   LIBCMTD:stdexcpt.obj
 0001:0002dc70       _memmove                   1002ec70 f   LIBCMTD:memmove.obj
 0001:0002dfd8       __global_unwind2           1002efd8 f   LIBCMTD:exsup.obj
 0001:0002e03d       __local_unwind2            1002f03d f   LIBCMTD:exsup.obj
 0001:0002e0c1       __abnormal_termination     1002f0c1 f   LIBCMTD:exsup.obj
 0001:0002e0e4       __NLG_Notify1              1002f0e4 f   LIBCMTD:exsup.obj
 0001:0002e0ed       __NLG_Notify               1002f0ed f   LIBCMTD:exsup.obj
 0001:0002e104       __NLG_Dispatch             1002f104     LIBCMTD:exsup.obj
 0001:0002e104       __NLG_Dispatch2            1002f104     LIBCMTD:exsup.obj
 0001:0002e10c       __NLG_Call                 1002f10c f   LIBCMTD:exsup.obj
 0001:0002e10e       __NLG_Return2              1002f10e     LIBCMTD:exsup.obj
 0001:0002e110       __get_sse2_info            1002f110 f   LIBCMTD:cpu_disp.obj
 0001:0002e230       ___sse2_available_init     1002f230 f   LIBCMTD:cpu_disp.obj
 0001:0002e250       ___crtMessageBoxA          1002f250 f   LIBCMTD:crtmbox.obj
 0001:0002e4f0       _strncpy_s                 1002f4f0 f   LIBCMTD:strncpy_s.obj
 0001:0002e8e0       ___unDName                 1002f8e0 f   LIBCMTD:undname.obj
 0001:0002e9c0       ?Constructor@HeapManager@@QAEXP6APAXI@ZP6AXPAX@Z@Z 1002f9c0 f i LIBCMTD:undname.obj
 0001:0002ea00       ?Destructor@HeapManager@@QAEXXZ 1002fa00 f i LIBCMTD:undname.obj
 0001:0002ea50       ___unDNameEx               1002fa50 f   LIBCMTD:undname.obj
 0001:0002eb30       ??0UnDecorator@@QAE@PADPBDHP6APADJ@ZK@Z 1002fb30 f i LIBCMTD:undname.obj
 0001:0002ebd0       ??BUnDecorator@@QAEPADXZ   1002fbd0 f i LIBCMTD:undname.obj
 0001:0002ee00       ?dbGetString@DName@@QBEPADXZ 1002fe00 f   LIBCMTD:undname.obj
 0001:0002ee20       ?getDecoratedName@UnDecorator@@CA?AVDName@@XZ 1002fe20 f   LIBCMTD:undname.obj
 0001:0002f130       ?getSymbolName@UnDecorator@@CA?AVDName@@XZ 10030130 f i LIBCMTD:undname.obj
 0001:0002f1a0       ?getZName@UnDecorator@@CA?AVDName@@_N@Z 100301a0 f   LIBCMTD:undname.obj
 0001:0002f410       ?getOperatorName@UnDecorator@@CA?AVDName@@_NPA_N@Z 10030410 f i LIBCMTD:undname.obj
 0001:0002fd20       ?getStringEncoding@UnDecorator@@CA?AVDName@@PADH@Z 10030d20 f   LIBCMTD:undname.obj
 0001:0002fe20       ?getScope@UnDecorator@@CA?AVDName@@XZ 10030e20 f   LIBCMTD:undname.obj
 0001:00030200       ?getSignedDimension@UnDecorator@@CA?AVDName@@XZ 10031200 f   LIBCMTD:undname.obj
 0001:00030280       ?getDimension@UnDecorator@@CA?AVDName@@_N@Z 10031280 f   LIBCMTD:undname.obj
 0001:00030530       ?getNumberOfDimensions@UnDecorator@@CAHXZ 10031530 f   LIBCMTD:undname.obj
 0001:00030630       ?getTemplateName@UnDecorator@@CA?AVDName@@_N@Z 10031630 f   LIBCMTD:undname.obj
 0001:00030810       ?getTemplateArgumentList@UnDecorator@@CA?AVDName@@XZ 10031810 f   LIBCMTD:undname.obj
 0001:00030a90       ?getTemplateConstant@UnDecorator@@CA?AVDName@@XZ 10031a90 f   LIBCMTD:undname.obj
 0001:00030f20       ?composeDeclaration@UnDecorator@@CA?AVDName@@ABV2@@Z 10031f20 f i LIBCMTD:undname.obj
 0001:00032520       ?getTypeEncoding@UnDecorator@@CAHXZ 10033520 f i LIBCMTD:undname.obj
 0001:00032eb0       ?getBasedType@UnDecorator@@CA?AVDName@@XZ 10033eb0 f   LIBCMTD:undname.obj
 0001:00032f70       ?getScopedName@UnDecorator@@CA?AVDName@@XZ 10033f70 f   LIBCMTD:undname.obj
 0001:00033090       ?getCallingConvention@UnDecorator@@CA?AVDName@@XZ 10034090 f   LIBCMTD:undname.obj
 0001:000331f0       ?getReturnType@UnDecorator@@CA?AVDName@@PAV2@@Z 100341f0 f   LIBCMTD:undname.obj
 0001:00033240       ?getDataType@UnDecorator@@CA?AVDName@@PAV2@@Z 10034240 f   LIBCMTD:undname.obj
 0001:00033350       ?getPrimaryDataType@UnDecorator@@CA?AVDName@@ABV2@@Z 10034350 f   LIBCMTD:undname.obj
 0001:000335f0       ?getArgumentTypes@UnDecorator@@CA?AVDName@@XZ 100345f0 f   LIBCMTD:undname.obj
 0001:00033750       ?getArgumentList@UnDecorator@@CA?AVDName@@XZ 10034750 f   LIBCMTD:undname.obj
 0001:00033880       ?getThrowTypes@UnDecorator@@CA?AVDName@@XZ 10034880 f   LIBCMTD:undname.obj
 0001:00033930       ?getBasicDataType@UnDecorator@@CA?AVDName@@ABV2@@Z 10034930 f   LIBCMTD:undname.obj
 0001:00033ea0       ?getECSUDataType@UnDecorator@@CA?AVDName@@XZ 10034ea0 f   LIBCMTD:undname.obj
 0001:00034070       ?getECSUName@UnDecorator@@CA?AVDName@@XZ 10035070 f i LIBCMTD:undname.obj
 0001:00034090       ?getEnumType@UnDecorator@@CA?AVDName@@XZ 10035090 f i LIBCMTD:undname.obj
 0001:000341e0       ?getFunctionIndirectType@UnDecorator@@CA?AVDName@@ABV2@@Z 100351e0 f   LIBCMTD:undname.obj
 0001:00034620       ?getPtrRefType@UnDecorator@@CA?AVDName@@ABV2@0D@Z 10035620 f   LIBCMTD:undname.obj
 0001:00034780       ?getExtendedDataIndirectType@UnDecorator@@CA?AVDName@@AADAA_NH@Z 10035780 f   LIBCMTD:undname.obj
 0001:00034910       ?getDataIndirectType@UnDecorator@@CA?AVDName@@ABV2@D0H@Z 10035910 f   LIBCMTD:undname.obj
 0001:00035000       ?getPtrRefDataType@UnDecorator@@CA?AVDName@@ABV2@H@Z 10036000 f i LIBCMTD:undname.obj
 0001:00035140       ?getArrayType@UnDecorator@@CA?AVDName@@ABV2@@Z 10036140 f i LIBCMTD:undname.obj
 0001:00035360       ?getLexicalFrame@UnDecorator@@CA?AVDName@@XZ 10036360 f i LIBCMTD:undname.obj
 0001:000353a0       ?getThisType@UnDecorator@@CA?AVDName@@XZ 100363a0 f i LIBCMTD:undname.obj
 0001:000353d0       ?getPointerType@UnDecorator@@CA?AVDName@@ABV2@0@Z 100363d0 f i LIBCMTD:undname.obj
 0001:000353f0       ?getPointerTypeArray@UnDecorator@@CA?AVDName@@ABV2@0@Z 100363f0 f i LIBCMTD:undname.obj
 0001:00035410       ?getReferenceType@UnDecorator@@CA?AVDName@@ABV2@0@Z 10036410 f i LIBCMTD:undname.obj
 0001:00035430       ?getDisplacement@UnDecorator@@CA?AVDName@@XZ 10036430 f i LIBCMTD:undname.obj
 0001:00035450       ?getCallIndex@UnDecorator@@CA?AVDName@@XZ 10036450 f i LIBCMTD:undname.obj
 0001:00035470       ?getGuardNumber@UnDecorator@@CA?AVDName@@XZ 10036470 f i LIBCMTD:undname.obj
 0001:00035490       ?getVbTableType@UnDecorator@@CA?AVDName@@ABV2@@Z 10036490 f i LIBCMTD:undname.obj
 0001:000354b0       ?getVCallThunkType@UnDecorator@@CA?AVDName@@XZ 100364b0 f i LIBCMTD:undname.obj
 0001:00035510       ?getVfTableType@UnDecorator@@CA?AVDName@@ABV2@@Z 10036510 f i LIBCMTD:undname.obj
 0001:000356d0       ?getStorageConvention@UnDecorator@@CA?AVDName@@XZ 100366d0 f i LIBCMTD:undname.obj
 0001:000356f0       ?getDataIndirectType@UnDecorator@@CA?AVDName@@XZ 100366f0 f i LIBCMTD:undname.obj
 0001:00035720       ?getVdispMapType@UnDecorator@@CA?AVDName@@ABV2@@Z 10036720 f i LIBCMTD:undname.obj
 0001:00035790       ?getExternalDataType@UnDecorator@@CA?AVDName@@ABV2@@Z 10036790 f i LIBCMTD:undname.obj
 0001:00035820       ?doMSKeywords@UnDecorator@@SAHXZ 10036820 f i LIBCMTD:undname.obj
 0001:00035840       ?doPtr64@UnDecorator@@SAHXZ 10036840 f i LIBCMTD:undname.obj
 0001:00035860       ?doFunctionReturns@UnDecorator@@SAHXZ 10036860 f i LIBCMTD:undname.obj
 0001:00035880       ?doAllocationModel@UnDecorator@@SAHXZ 10036880 f i LIBCMTD:undname.obj
 0001:000358a0       ?doAllocationLanguage@UnDecorator@@SAHXZ 100368a0 f i LIBCMTD:undname.obj
 0001:000358c0       ?doThisTypes@UnDecorator@@SAHXZ 100368c0 f i LIBCMTD:undname.obj
 0001:000358e0       ?doAccessSpecifiers@UnDecorator@@SAHXZ 100368e0 f i LIBCMTD:undname.obj
 0001:00035900       ?doThrowTypes@UnDecorator@@SAHXZ 10036900 f i LIBCMTD:undname.obj
 0001:00035920       ?doMemberTypes@UnDecorator@@SAHXZ 10036920 f i LIBCMTD:undname.obj
 0001:00035940       ?doNameOnly@UnDecorator@@SAHXZ 10036940 f i LIBCMTD:undname.obj
 0001:00035950       ?doTypeOnly@UnDecorator@@SAHXZ 10036950 f i LIBCMTD:undname.obj
 0001:00035960       ?haveTemplateParameters@UnDecorator@@SAHXZ 10036960 f i LIBCMTD:undname.obj
 0001:00035970       ?doEcsu@UnDecorator@@SAHXZ 10036970 f i LIBCMTD:undname.obj
 0001:00035990       ?doEllipsis@UnDecorator@@SAHXZ 10036990 f i LIBCMTD:undname.obj
 0001:000359b0       ?UScore@UnDecorator@@SAPBDW4Tokens@@@Z 100369b0 f   LIBCMTD:undname.obj
 0001:000359e0       ?doUnderScore@UnDecorator@@SAHXZ 100369e0 f i LIBCMTD:undname.obj
 0001:00035a00       ??2@YAPAXIAAVHeapManager@@H@Z 10036a00 f i LIBCMTD:undname.obj
 0001:00035a20       ?getMemory@HeapManager@@QAEPAXIH@Z 10036a20 f   LIBCMTD:undname.obj
 0001:00035b30       ??0Block@HeapManager@@QAE@XZ 10036b30 f i LIBCMTD:undname.obj
 0001:00035b50       ??H@YA?AVDName@@DABV0@@Z   10036b50 f i LIBCMTD:undname.obj
 0001:00035b80       ??H@YA?AVDName@@W4DNameStatus@@ABV0@@Z 10036b80 f i LIBCMTD:undname.obj
 0001:00035bb0       ??H@YA?AVDName@@PBDABV0@@Z 10036bb0 f i LIBCMTD:undname.obj
 0001:00035be0       ??0DName@@QAE@XZ           10036be0 f i LIBCMTD:undname.obj
 0001:00035c90       ??0DName@@QAE@D@Z          10036c90 f   LIBCMTD:undname.obj
 0001:00035d60       ??0DName@@QAE@ABV0@@Z      10036d60 f i LIBCMTD:undname.obj
 0001:00035ec0       ??0DName@@QAE@PAV0@@Z      10036ec0 f   LIBCMTD:undname.obj
 0001:00035fe0       ??0DName@@QAE@PBD@Z        10036fe0 f   LIBCMTD:undname.obj
 0001:000360b0       ??0DName@@QAE@AAPBDD@Z     100370b0 f   LIBCMTD:undname.obj
 0001:00036360       ?doNoIdentCharCheck@UnDecorator@@SAHXZ 10037360 f i LIBCMTD:undname.obj
 0001:00036370       ??0DName@@QAE@_K@Z         10037370 f   LIBCMTD:undname.obj
 0001:000364a0       ??0DName@@QAE@_J@Z         100374a0 f   LIBCMTD:undname.obj
 0001:00036610       ??0DName@@QAE@W4DNameStatus@@@Z 10037610 f   LIBCMTD:undname.obj
 0001:00036730       ?isValid@DName@@QBEHXZ     10037730 f   LIBCMTD:undname.obj
 0001:00036770       ?isEmpty@DName@@QBEHXZ     10037770 f   LIBCMTD:undname.obj
 0001:000367b0       ?status@DName@@QBE?AW4DNameStatus@@XZ 100377b0 f i LIBCMTD:undname.obj
 0001:000367d0       ?clearStatus@DName@@QAEXXZ 100377d0 f i LIBCMTD:undname.obj
 0001:000367f0       ?setPtrRef@DName@@QAEAAV1@XZ 100377f0 f i LIBCMTD:undname.obj
 0001:00036810       ?isPtrRef@DName@@QBEHXZ    10037810 f i LIBCMTD:undname.obj
 0001:00036830       ?isUDC@DName@@QBEHXZ       10037830 f i LIBCMTD:undname.obj
 0001:00036870       ?setIsUDC@DName@@QAEXXZ    10037870 f i LIBCMTD:undname.obj
 0001:000368a0       ?isUDTThunk@DName@@QBEHXZ  100378a0 f i LIBCMTD:undname.obj
 0001:000368e0       ?setIsArray@DName@@QAEXXZ  100378e0 f i LIBCMTD:undname.obj
 0001:00036900       ?isArray@DName@@QBEHXZ     10037900 f i LIBCMTD:undname.obj
 0001:00036920       ?isNoTE@DName@@QBEHXZ      10037920 f i LIBCMTD:undname.obj
 0001:00036940       ?setIsNoTE@DName@@QAEXXZ   10037940 f i LIBCMTD:undname.obj
 0001:00036960       ?isPinPtr@DName@@QBEHXZ    10037960 f i LIBCMTD:undname.obj
 0001:00036980       ?setIsPinPtr@DName@@QAEXXZ 10037980 f i LIBCMTD:undname.obj
 0001:000369a0       ?isComArray@DName@@QBEHXZ  100379a0 f i LIBCMTD:undname.obj
 0001:000369c0       ?setIsComArray@DName@@QAEXXZ 100379c0 f i LIBCMTD:undname.obj
 0001:000369e0       ?isVCallThunk@DName@@QBEHXZ 100379e0 f i LIBCMTD:undname.obj
 0001:00036a00       ?setIsVCallThunk@DName@@QAEXXZ 10037a00 f i LIBCMTD:undname.obj
 0001:00036a20       ?length@DName@@QBEHXZ      10037a20 f   LIBCMTD:undname.obj
 0001:00036a80       ?getLastChar@DName@@QBEDXZ 10037a80 f   LIBCMTD:undname.obj
 0001:00036b00       ?getString@DName@@QBEPADPADH@Z 10037b00 f   LIBCMTD:undname.obj
 0001:00036c00       ??HDName@@QBE?AV0@D@Z      10037c00 f   LIBCMTD:undname.obj
 0001:00036c50       ??HDName@@QBE?AV0@PBD@Z    10037c50 f   LIBCMTD:undname.obj
 0001:00036ca0       ??HDName@@QBE?AV0@ABV0@@Z  10037ca0 f   LIBCMTD:undname.obj
 0001:00036d10       ??HDName@@QBE?AV0@PAV0@@Z  10037d10 f   LIBCMTD:undname.obj
 0001:00036d60       ??HDName@@QBE?AV0@W4DNameStatus@@@Z 10037d60 f   LIBCMTD:undname.obj
 0001:00036db0       ??YDName@@QAEAAV0@D@Z      10037db0 f   LIBCMTD:undname.obj
 0001:00036e60       ??YDName@@QAEAAV0@PBD@Z    10037e60 f   LIBCMTD:undname.obj
 0001:00036f20       ??YDName@@QAEAAV0@ABV0@@Z  10037f20 f   LIBCMTD:undname.obj
 0001:00036fb0       ??YDName@@QAEAAV0@PAV0@@Z  10037fb0 f   LIBCMTD:undname.obj
 0001:000370b0       ??YDName@@QAEAAV0@W4DNameStatus@@@Z 100380b0 f   LIBCMTD:undname.obj
 0001:00037180       ??_5DName@@QAEAAV0@ABV0@@Z 10038180 f   LIBCMTD:undname.obj
 0001:000371d0       ??4DName@@QAEAAV0@D@Z      100381d0 f   LIBCMTD:undname.obj
 0001:00037240       ??4DName@@QAEAAV0@PBD@Z    10038240 f   LIBCMTD:undname.obj
 0001:000372c0       ??4DName@@QAEAAV0@ABV0@@Z  100382c0 f   LIBCMTD:undname.obj
 0001:000373d0       ??4DName@@QAEAAV0@PAV0@@Z  100383d0 f   LIBCMTD:undname.obj
 0001:000374c0       ??4DName@@QAEAAV0@W4DNameStatus@@@Z 100384c0 f   LIBCMTD:undname.obj
 0001:000375d0       ?doPchar@DName@@AAEXPBDH@Z 100385d0 f   LIBCMTD:undname.obj
 0001:00037720       ?isFull@Replicator@@QBEHXZ 10038720 f i LIBCMTD:undname.obj
 0001:00037740       ??0Replicator@@QAE@XZ      10038740 f i LIBCMTD:undname.obj
 0001:00037780       ??YReplicator@@QAEAAV0@ABVDName@@@Z 10038780 f   LIBCMTD:undname.obj
 0001:00037810       ??AReplicator@@QBEABVDName@@H@Z 10038810 f   LIBCMTD:undname.obj
 0001:00037860       ??0DNameNode@@IAE@XZ       10038860 f   LIBCMTD:undname.obj
 0001:00037890       ?nextNode@DNameNode@@QBEPAV1@XZ 10038890 f i LIBCMTD:undname.obj
 0001:000378b0       ?clone@DNameNode@@QAEPAV1@XZ 100388b0 f   LIBCMTD:undname.obj
 0001:00037930       ??0DName@@QAE@PAVDNameNode@@@Z 10038930 f i LIBCMTD:undname.obj
 0001:000379e0       ??YDNameNode@@QAEAAV0@PAV0@@Z 100389e0 f   LIBCMTD:undname.obj
 0001:00037a40       ??0charNode@@QAE@D@Z       10038a40 f   LIBCMTD:undname.obj
 0001:00037a70       ?length@charNode@@UBEHXZ   10038a70 f i LIBCMTD:undname.obj
 0001:00037a80       ?getLastChar@charNode@@UBEDXZ 10038a80 f i LIBCMTD:undname.obj
 0001:00037aa0       ?getString@charNode@@UBEPADPADH@Z 10038aa0 f   LIBCMTD:undname.obj
 0001:00037ad0       ??0pcharNode@@QAE@PBDH@Z   10038ad0 f   LIBCMTD:undname.obj
 0001:00037b80       ?length@pcharNode@@UBEHXZ  10038b80 f i LIBCMTD:undname.obj
 0001:00037ba0       ?getLastChar@pcharNode@@UBEDXZ 10038ba0 f i LIBCMTD:undname.obj
 0001:00037be0       ?getString@pcharNode@@UBEPADPADH@Z 10038be0 f   LIBCMTD:undname.obj
 0001:00037c50       ??0pDNameNode@@QAE@PAVDName@@@Z 10038c50 f   LIBCMTD:undname.obj
 0001:00037cb0       ?length@pDNameNode@@UBEHXZ 10038cb0 f i LIBCMTD:undname.obj
 0001:00037ce0       ?getLastChar@pDNameNode@@UBEDXZ 10038ce0 f i LIBCMTD:undname.obj
 0001:00037d10       ?getString@pDNameNode@@UBEPADPADH@Z 10038d10 f   LIBCMTD:undname.obj
 0001:00037d60       ??0DNameStatusNode@@QAE@W4DNameStatus@@@Z 10038d60 f   LIBCMTD:undname.obj
 0001:00037db0       ?length@DNameStatusNode@@UBEHXZ 10038db0 f i LIBCMTD:undname.obj
 0001:00037dd0       ?getLastChar@DNameStatusNode@@UBEDXZ 10038dd0 f i LIBCMTD:undname.obj
 0001:00037df0       ?getString@DNameStatusNode@@UBEPADPADH@Z 10038df0 f   LIBCMTD:undname.obj
 0001:00037f40       __lseeki64                 10038f40 f   LIBCMTD:lseeki64.obj
 0001:00038190       __lseeki64_nolock          10039190 f   LIBCMTD:lseeki64.obj
 0001:00038280       __getbuf                   10039280 f   LIBCMTD:_getbuf.obj
 0001:00038340       __isatty                   10039340 f   LIBCMTD:isatty.obj
 0001:00038420       _printf                    10039420 f   LIBCMTD:printf.obj
 0001:00038560       __printf_l                 10039560 f   LIBCMTD:printf.obj
 0001:00038590       __printf_s_l               10039590 f   LIBCMTD:printf.obj
 0001:000385c0       _printf_s                  100395c0 f   LIBCMTD:printf.obj
 0001:000385e0       __printf_p_l               100395e0 f   LIBCMTD:printf.obj
 0001:00038610       __printf_p                 10039610 f   LIBCMTD:printf.obj
 0001:00038630       __set_printf_count_output  10039630 f   LIBCMTD:printf.obj
 0001:00038680       __get_printf_count_output  10039680 f   LIBCMTD:printf.obj
 0001:000386a0       __wctomb_s_l               100396a0 f   LIBCMTD:wctomb.obj
 0001:000389a0       _wctomb_s                  100399a0 f   LIBCMTD:wctomb.obj
 0001:000389c0       __wctomb_l                 100399c0 f   LIBCMTD:wctomb.obj
 0001:00038a40       _wctomb                    10039a40 f   LIBCMTD:wctomb.obj
 0001:00038a90       __isleadbyte_l             10039a90 f i LIBCMTD:_wctype.obj
 0001:00038ae0       _isleadbyte                10039ae0 f i LIBCMTD:_wctype.obj
 0001:00038b00       __iswalpha_l               10039b00 f i LIBCMTD:_wctype.obj
 0001:00038b20       _iswalpha                  10039b20 f i LIBCMTD:_wctype.obj
 0001:00038b40       __iswupper_l               10039b40 f i LIBCMTD:_wctype.obj
 0001:00038b60       _iswupper                  10039b60 f i LIBCMTD:_wctype.obj
 0001:00038b80       __iswlower_l               10039b80 f i LIBCMTD:_wctype.obj
 0001:00038ba0       _iswlower                  10039ba0 f i LIBCMTD:_wctype.obj
 0001:00038bc0       __iswdigit_l               10039bc0 f i LIBCMTD:_wctype.obj
 0001:00038be0       _iswdigit                  10039be0 f i LIBCMTD:_wctype.obj
 0001:00038c00       __iswxdigit_l              10039c00 f i LIBCMTD:_wctype.obj
 0001:00038c20       _iswxdigit                 10039c20 f i LIBCMTD:_wctype.obj
 0001:00038c40       __iswspace_l               10039c40 f i LIBCMTD:_wctype.obj
 0001:00038c60       _iswspace                  10039c60 f i LIBCMTD:_wctype.obj
 0001:00038c80       __iswpunct_l               10039c80 f i LIBCMTD:_wctype.obj
 0001:00038ca0       _iswpunct                  10039ca0 f i LIBCMTD:_wctype.obj
 0001:00038cc0       __iswalnum_l               10039cc0 f i LIBCMTD:_wctype.obj
 0001:00038ce0       _iswalnum                  10039ce0 f i LIBCMTD:_wctype.obj
 0001:00038d00       __iswprint_l               10039d00 f i LIBCMTD:_wctype.obj
 0001:00038d20       _iswprint                  10039d20 f i LIBCMTD:_wctype.obj
 0001:00038d40       __iswgraph_l               10039d40 f i LIBCMTD:_wctype.obj
 0001:00038d60       _iswgraph                  10039d60 f i LIBCMTD:_wctype.obj
 0001:00038d80       __iswcntrl_l               10039d80 f i LIBCMTD:_wctype.obj
 0001:00038da0       _iswcntrl                  10039da0 f i LIBCMTD:_wctype.obj
 0001:00038dc0       _iswascii                  10039dc0 f i LIBCMTD:_wctype.obj
 0001:00038de0       __iswcsym_l                10039de0 f i LIBCMTD:_wctype.obj
 0001:00038e20       ___iswcsym                 10039e20 f i LIBCMTD:_wctype.obj
 0001:00038e60       __iswcsymf_l               10039e60 f i LIBCMTD:_wctype.obj
 0001:00038ea0       ___iswcsymf                10039ea0 f i LIBCMTD:_wctype.obj
 0001:00038ee0       __aulldiv                  10039ee0 f   LIBCMTD:ulldiv.obj
 0001:00038f50       __aullrem                  10039f50 f   LIBCMTD:ullrem.obj
 0001:00038fd0       __CrtDbgBreak              10039fd0 f   LIBCMTD:dbgrptt.obj
 0001:00038fe0       __CrtSetReportMode         10039fe0 f   LIBCMTD:dbgrptt.obj
 0001:00039120       __CrtSetReportFile         1003a120 f   LIBCMTD:dbgrptt.obj
 0001:00039210       __CrtSetReportHook         1003a210 f   LIBCMTD:dbgrptt.obj
 0001:00039230       __CrtGetReportHook         1003a230 f   LIBCMTD:dbgrptt.obj
 0001:00039240       __VCrtDbgReportA           1003a240 f   LIBCMTD:dbgrptt.obj
 0001:00039a70       __VCrtDbgReportW           1003aa70 f   LIBCMTD:dbgrptt.obj
 0001:0003a3a0       __swprintf                 1003b3a0 f   LIBCMTD:swprintf.obj
 0001:0003a570       ___swprintf_l              1003b570 f   LIBCMTD:swprintf.obj
 0001:0003a5a0       _swprintf_s                1003b5a0 f   LIBCMTD:swprintf.obj
 0001:0003a5d0       __snwprintf_s              1003b5d0 f   LIBCMTD:swprintf.obj
 0001:0003a600       __swprintf_p               1003b600 f   LIBCMTD:swprintf.obj
 0001:0003a630       __swprintf_s_l             1003b630 f   LIBCMTD:swprintf.obj
 0001:0003a660       __snwprintf_s_l            1003b660 f   LIBCMTD:swprintf.obj
 0001:0003a690       __swprintf_p_l             1003b690 f   LIBCMTD:swprintf.obj
 0001:0003a6c0       __scwprintf                1003b6c0 f   LIBCMTD:swprintf.obj
 0001:0003a6e0       __scwprintf_p              1003b6e0 f   LIBCMTD:swprintf.obj
 0001:0003a700       __scwprintf_l              1003b700 f   LIBCMTD:swprintf.obj
 0001:0003a730       __scwprintf_p_l            1003b730 f   LIBCMTD:swprintf.obj
 0001:0003a760       __output_s_l               1003b760 f   LIBCMTD:outputs.obj
 0001:0003bd30       __fptrap                   1003cd30 f   LIBCMTD:crt0fp.obj
 0001:0003bd40       ___crtLCMapStringA         1003cd40 f   LIBCMTD:a_map.obj
 0001:0003c2a0       __MarkAllocaS              1003d2a0 f i LIBCMTD:a_map.obj
 0001:0003c2c0       __freea                    1003d2c0 f i LIBCMTD:a_map.obj
 0001:0003c380       ___crtGetStringTypeA       1003d380 f   LIBCMTD:a_str.obj
 0001:0003c610       __isalpha_l                1003d610 f i LIBCMTD:_ctype.obj
 0001:0003c6a0       _isalpha                   1003d6a0 f i LIBCMTD:_ctype.obj
 0001:0003c6e0       __isupper_l                1003d6e0 f i LIBCMTD:_ctype.obj
 0001:0003c760       _isupper                   1003d760 f i LIBCMTD:_ctype.obj
 0001:0003c790       __islower_l                1003d790 f i LIBCMTD:_ctype.obj
 0001:0003c810       _islower                   1003d810 f i LIBCMTD:_ctype.obj
 0001:0003c840       __isdigit_l                1003d840 f i LIBCMTD:_ctype.obj
 0001:0003c8c0       _isdigit                   1003d8c0 f i LIBCMTD:_ctype.obj
 0001:0003c8f0       __isxdigit_l               1003d8f0 f i LIBCMTD:_ctype.obj
 0001:0003c980       _isxdigit                  1003d980 f i LIBCMTD:_ctype.obj
 0001:0003c9c0       __isspace_l                1003d9c0 f i LIBCMTD:_ctype.obj
 0001:0003ca40       _isspace                   1003da40 f i LIBCMTD:_ctype.obj
 0001:0003ca70       __ispunct_l                1003da70 f i LIBCMTD:_ctype.obj
 0001:0003caf0       _ispunct                   1003daf0 f i LIBCMTD:_ctype.obj
 0001:0003cb20       __isalnum_l                1003db20 f i LIBCMTD:_ctype.obj
 0001:0003cbb0       _isalnum                   1003dbb0 f i LIBCMTD:_ctype.obj
 0001:0003cbf0       __isprint_l                1003dbf0 f i LIBCMTD:_ctype.obj
 0001:0003cc80       _isprint                   1003dc80 f i LIBCMTD:_ctype.obj
 0001:0003ccc0       __isgraph_l                1003dcc0 f i LIBCMTD:_ctype.obj
 0001:0003cd50       _isgraph                   1003dd50 f i LIBCMTD:_ctype.obj
 0001:0003cd90       __iscntrl_l                1003dd90 f i LIBCMTD:_ctype.obj
 0001:0003ce10       _iscntrl                   1003de10 f i LIBCMTD:_ctype.obj
 0001:0003ce40       ___isascii                 1003de40 f i LIBCMTD:_ctype.obj
 0001:0003ce50       ___toascii                 1003de50 f i LIBCMTD:_ctype.obj
 0001:0003ce60       __iscsymf_l                1003de60 f i LIBCMTD:_ctype.obj
 0001:0003cea0       ___iscsymf                 1003dea0 f i LIBCMTD:_ctype.obj
 0001:0003cee0       __iscsym_l                 1003dee0 f i LIBCMTD:_ctype.obj
 0001:0003cf20       ___iscsym                  1003df20 f i LIBCMTD:_ctype.obj
 0001:0003cf60       ___crtGetLocaleInfoW       1003df60 f   LIBCMTD:w_loc.obj
 0001:0003d130       ___crtGetLocaleInfoA       1003e130 f   LIBCMTD:a_loc.obj
 0001:0003d310       __mbsnbcpy_s               1003e310 f   LIBCMTD:mbsnbcpy_s.obj
 0001:0003d330       ___pwctype_func            1003e330 f   LIBCMTD:ctype.obj
 0001:0003d340       ___pctype_func             1003e340 f   LIBCMTD:ctype.obj
 0001:0003d390       ___init_time               1003e390 f   LIBCMTD:inittime.obj
 0001:0003dab0       ___free_lc_time            1003eab0 f   LIBCMTD:inittime.obj
 0001:0003ddc0       ___init_numeric            1003edc0 f   LIBCMTD:initnum.obj
 0001:0003e110       ___free_lconv_num          1003f110 f   LIBCMTD:initnum.obj
 0001:0003e180       ___init_monetary           1003f180 f   LIBCMTD:initmon.obj
 0001:0003e680       ___free_lconv_mon          1003f680 f   LIBCMTD:initmon.obj
 0001:0003e770       ___init_ctype              1003f770 f   LIBCMTD:initctyp.obj
 0001:0003ed20       ____mb_cur_max_func        1003fd20 f   LIBCMTD:initctyp.obj
 0001:0003ed70       ____mb_cur_max_l_func      1003fd70 f   LIBCMTD:initctyp.obj
 0001:0003eda0       ____lc_codepage_func       1003fda0 f   LIBCMTD:initctyp.obj
 0001:0003edf0       ____lc_collate_cp_func     1003fdf0 f   LIBCMTD:initctyp.obj
 0001:0003ee40       ____lc_handle_func         1003fe40 f   LIBCMTD:initctyp.obj
 0001:0003ee90       ___init_collate            1003fe90 f   LIBCMTD:initcoll.obj
 0001:0003eea0       __Getdays_l                1003fea0 f   LIBCMTD:strftime.obj
 0001:0003f060       __Getdays                  10040060 f   LIBCMTD:strftime.obj
 0001:0003f070       __Getmonths_l              10040070 f   LIBCMTD:strftime.obj
 0001:0003f230       __Getmonths                10040230 f   LIBCMTD:strftime.obj
 0001:0003f240       __Gettnames_l              10040240 f   LIBCMTD:strftime.obj
 0001:0003f7b0       __Gettnames                100407b0 f   LIBCMTD:strftime.obj
 0001:0003f7c0       __strftime_l               100407c0 f   LIBCMTD:strftime.obj
 0001:0003f7f0       _strftime                  100407f0 f   LIBCMTD:strftime.obj
 0001:0003f820       __Strftime                 10040820 f   LIBCMTD:strftime.obj
 0001:0003f850       __Strftime_l               10040850 f   LIBCMTD:strftime.obj
 0001:00041620       _localeconv                10042620 f   LIBCMTD:lconv.obj
 0001:00041670       _strcspn                   10042670 f   LIBCMTD:strcspn.obj
 0001:000416c0       _strncmp                   100426c0 f   LIBCMTD:strncmp.obj
 0001:00041830       _strpbrk                   10042830 f   LIBCMTD:strpbrk.obj
 0001:00041870       ___get_qualified_locale    10042870 f   LIBCMTD:getqloc.obj
 0001:000426e0       __woutput_l                100436e0 f   LIBCMTD:woutput.obj
 0001:000438b0       _vfwprintf_helper          100448b0 f   LIBCMTD:vfwprint.obj
 0001:00043a30       __vfwprintf_l              10044a30 f   LIBCMTD:vfwprint.obj
 0001:00043a60       __vfwprintf_s_l            10044a60 f   LIBCMTD:vfwprint.obj
 0001:00043a90       __vfwprintf_p_l            10044a90 f   LIBCMTD:vfwprint.obj
 0001:00043ac0       _vfwprintf                 10044ac0 f   LIBCMTD:vfwprint.obj
 0001:00043ae0       _vfwprintf_s               10044ae0 f   LIBCMTD:vfwprint.obj
 0001:00043b00       __vfwprintf_p              10044b00 f   LIBCMTD:vfwprint.obj
 0001:00043b20       __freebuf                  10044b20 f   LIBCMTD:_freebuf.obj
 0001:00043bb0       __fcloseall                10044bb0 f   LIBCMTD:closeall.obj
 0001:00043ce0       __itoa_s                   10044ce0 f   LIBCMTD:xtoas.obj
 0001:000440a0       __ltoa_s                   100450a0 f   LIBCMTD:xtoas.obj
 0001:000440e0       __ultoa_s                  100450e0 f   LIBCMTD:xtoas.obj
 0001:00044100       __i64toa_s                 10045100 f   LIBCMTD:xtoas.obj
 0001:00044500       __ui64toa_s                10045500 f   LIBCMTD:xtoas.obj
 0001:00044520       __mbsnbcat_s               10045520 f   LIBCMTD:mbsnbcat_s.obj
 0001:00044540       _fprintf                   10045540 f   LIBCMTD:fprintf.obj
 0001:00044830       __fprintf_l                10045830 f   LIBCMTD:fprintf.obj
 0001:00044860       __fprintf_s_l              10045860 f   LIBCMTD:fprintf.obj
 0001:00044890       _fprintf_s                 10045890 f   LIBCMTD:fprintf.obj
 0001:000448c0       __fprintf_p_l              100458c0 f   LIBCMTD:fprintf.obj
 0001:000448f0       __fprintf_p                100458f0 f   LIBCMTD:fprintf.obj
 0001:00044920       __woutput_s_l              10045920 f   LIBCMTD:woutputs.obj
 0001:00045c40       __validate_param_reuseW    10046c40 f   LIBCMTD:woutputp.obj
 0001:00045eb0       __woutput_p_l              10046eb0 f   LIBCMTD:woutputp.obj
 0001:00049600       _strtol                    1004a600 f   LIBCMTD:strtol.obj
 0001:00049b30       __strtol_l                 1004ab30 f   LIBCMTD:strtol.obj
 0001:00049b50       _strtoul                   1004ab50 f   LIBCMTD:strtol.obj
 0001:00049ba0       __strtoul_l                1004aba0 f   LIBCMTD:strtol.obj
 0001:00049bc0       __alloc_osfhnd             1004abc0 f   LIBCMTD:osfinfo.obj
 0001:00049e70       __set_osfhnd               1004ae70 f   LIBCMTD:osfinfo.obj
 0001:00049f40       __free_osfhnd              1004af40 f   LIBCMTD:osfinfo.obj
[...]
 0003:00003020       __nhandle                  1006f020     <common>
 0003:00003040       ___pioinfo                 1006f040     <common>
 0003:00003140       ___piob                    1006f140     <common>
 0003:00003160       __bufin                    1006f160     <common>
 0003:00004160       __nstream                  10070160     <common>
 0003:00004164       ___setlc_active            10070164     <common>
 0003:00004168       ___unguarded_readlc_active 10070168     <common>
 0003:0000416c       ___sbh_initialized         1007016c     <common>
 0003:00004170       ___sbh_cntHeaderList       10070170     <common>
 0003:00004174       ___sbh_pHeaderList         10070174     <common>
 0003:00004178       ___sbh_threshold           10070178     <common>
 0003:0000417c       ___sbh_pHeaderScan         1007017c     <common>
 0003:00004180       ___sbh_sizeHeaderList      10070180     <common>
 0003:00004184       ___sbh_indGroupDefer       10070184     <common>
 0003:00004188       ___active_heap             10070188     <common>
 0003:0000418c       __debugger_hook_dummy      1007018c     <common>
 0003:00004190       ___use_sse2_mathfcns       10070190     <common>
 0003:00004194       ___sse2_available          10070194     <common>
 0003:00004198       __acmdln                   10070198     <common>
 0003:0000419c       ___env_initialized         1007019c     <common>
 0003:000041a0       ___onexitend               100701a0     <common>
 0003:000041a4       ___onexitbegin             100701a4     <common>
 0003:000041a8       ___mbctype_initialized     100701a8     <common>
 0003:000041ac       __FPinit                   100701ac     <common>
 0003:000041b0       ___dyn_tls_init_callback   100701b0     <common>

 entry point at        0001:000132f0

 Static symbols

 0001:0000004e       __catch$_InitALCrypto@12$0 1000104e f   alcrypto3.obj
 0001:000000fb       __catch$_rsa_get_public_blob@12$0 100010fb f   alcrypto3.obj
 0001:000001af       __catch$_rsa_generate@16$0 100011af f   alcrypto3.obj
 0001:00000257       __catch$_rsa_generate2@8$0 10001257 f   alcrypto3.obj
 0001:000002ff       __catch$_rsa_encrypt@16$0  100012ff f   alcrypto3.obj
 0001:000003af       __catch$_rsa_decrypt@16$0  100013af f   alcrypto3.obj
 0001:0000045b       __catch$_rsa_public_key_blob@12$0 1000145b f   alcrypto3.obj
 0001:0000050b       __catch$_rsa_private_key_blob@12$0 1000150b f   alcrypto3.obj
 0001:000005c3       __catch$_rsa_createkey@20$0 100015c3 f   alcrypto3.obj
 0001:00000673       __catch$_rsa_sign@20$0     10001673 f   alcrypto3.obj
 0001:00000723       __catch$_rsa_verifysig@20$0 10001723 f   alcrypto3.obj
 0001:000007c3       __catch$_rsa_freekey@4$0   100017c3 f   alcrypto3.obj
 0001:0000086b       __catch$_md5_hash@12$0     1000186b f   alcrypto3.obj
 0001:00000913       __catch$_getHardDriveFirmware@4$0 10001913 f   alcrypto3.obj
 0001:000009b2       __catch$_GetWindowsVersion@0$0 100019b2 f   alcrypto3.obj
 0001:00000b60       ?newbn@@YAPAGH@Z           10001b60 f   bignum.obj
 0001:00001130       ?internal_mul@@YAXPAG00H@Z 10002130 f   bignum.obj
 0001:00001220       ?internal_mod@@YAXPAGH0H0H@Z 10002220 f   bignum.obj
 0001:00001490       ?internal_add_shifted@@YAXPAGIH@Z 10002490 f   bignum.obj
 0001:00002a30       ?bigdivmod@@YAXPAG000@Z    10003a30 f   bignum.obj
 0001:00002e40       ?ReadPhysicalDriveInNT@@YAHXZ 10003e40 f   diskid32.obj
 0001:00003120       ?DoIDENTIFY@@YAHPAXPAU_SENDCMDINPARAMS@@PAU_SENDCMDOUTPARAMS@@EEPAK@Z 10004120 f   diskid32.obj
 0001:000031c0       ?ReadDrivePortsInWin9X@@YAHXZ 100041c0 f   diskid32.obj
 0001:000034d0       ?ReadIdeDriveAsScsiDriveInNT@@YAHXZ 100044d0 f   diskid32.obj
 0001:000037f0       ?PrintIdeInfo@@YAXHQAK@Z   100047f0 f   diskid32.obj
 0001:00003800       ?ConvertToString@@YAPADQAKHH@Z 10004800 f   diskid32.obj
 0001:00003a30       ?MD5_Core_Init@@YAXPAUMD5_Core_State@@@Z 10004a30 f   md5.obj
 0001:00003c30       ?MD5_Block@@YAXPAUMD5_Core_State@@PAI@Z 10004c30 f   md5.obj
 0001:00005a80       ?dputs@@YAXPAD@Z           10006a80 f   misc.obj
 0001:00006400       ?get_seedpath@@YAXXZ       10007400 f   noise.obj
 0001:00006670       _random_save_seed          10007670 f   noise.obj
 0001:00006830       ?Ring0GetPortVal@@YAXXZ    10007830 f   port32.obj
 0001:00006850       ?CallRing0@@YA_NPAXGPAKE@Z 10007850 f   port32.obj
 0001:00006b70       ?Ring0SetPortVal@@YAXXZ    10007b70 f   port32.obj
 0001:00007bd0       ?random_stir@@YAXXZ        10008bd0 f   rand.obj
 0001:00007da0       ?random_add_heavynoise_bitbybit@@YAXPAXH@Z 10008da0 f   rand.obj
 0001:00007fb0       ?rsa_public_blob@@YAPAEPAURSAKey@@PAH@Z 10008fb0 f   rsa.obj
 0001:000080f0       ?rsaencrypt@@YAXHPAEPAHPAURSAKey@@@Z 100090f0 f   rsa.obj
 0001:00008290       ?rsadecrypt@@YAPAGHPAGPAURSAKey@@@Z 10009290 f   rsa.obj
 0001:00008350       ?rsa2_public_blob@@YAXPAXPAE@Z 10009350 f   rsa.obj
 0001:00008400       ?rsa2_public_blob_internal@@YAXPAXPAE@Z 10009400 f   rsa.obj
 0001:000085d0       ?base64_encode_blob@@YAXPAE0H@Z 100095d0 f   rsa.obj
 0001:00008660       ?base64_decode_blob@@YAXPAE0H@Z 10009660 f   rsa.obj
 0001:000086e0       ?rsa2_public_blob_len@@YAHPAX@Z 100096e0 f   rsa.obj
 0001:000087c0       ?rsa2_private_blob@@YAXPAXPAE@Z 100097c0 f   rsa.obj
 0001:00008830       ?rsa2_private_blob_internal@@YAXPAXPAE@Z 10009830 f   rsa.obj
 0001:00008ae0       ?rsa2_private_blob_len@@YAHPAX@Z 10009ae0 f   rsa.obj
 0001:00008c20       ?rsa2_createkey@@YAXPAEH0HPAURSAKey@@@Z 10009c20 f   rsa.obj
 0001:00008dc0       ?rsa2_createkey_internal@@YAPAXPAEH0H@Z 10009dc0 f   rsa.obj
 0001:00008e50       ?getmp@@YAPAGPAPADPAH@Z    10009e50 f   rsa.obj
 0001:00008f00       ?getstring@@YAXPAPADPAH01@Z 10009f00 f   rsa.obj
 0001:00008fe0       ?rsa2_newkey@@YAPAXPAEH@Z  10009fe0 f   rsa.obj
 0001:00009140       ?freersakey@@YAXPAURSAKey@@@Z 1000a140 f   rsa.obj
 0001:00009230       ?rsa2_sign@@YAPAEPAXPADHPAH@Z 1000a230 f   rsa.obj
 0001:000094f0       ?rsa2_verifysig@@YAHPAXPADH1H@Z 1000a4f0 f   rsa.obj
 0001:0000a150       ?SHA_Init@@YAXPAUSHA_State@@@Z 1000b150 f   sha.obj
 0001:0000a190       ?SHA_Core_Init@@YAXQAI@Z   1000b190 f   sha.obj
 0001:0000a1d0       ?SHA_Bytes@@YAXPAUSHA_State@@PAXH@Z 1000b1d0 f   sha.obj
 0001:0000a3a0       ?SHA_Final@@YAXPAUSHA_State@@PAE@Z 1000b3a0 f   sha.obj
 0001:0000a5b0       ?Init@@YAHXZ               1000b5b0 f   windowsversion.obj
 0001:0000a9c0       ?IsWinNT@@YA_NXZ           1000b9c0 f   winio.obj
 0001:0000adb0       ?CatchGuardHandler@@YA?AW4_EXCEPTION_DISPOSITION@@PAUEHExceptionRecord@@PAUCatchGuardRN@@PAX2@Z 1000bdb0 f   LIBCMTD:trnsctrl.obj
 0001:0000aef0       ?TranslatorGuardHandler@@YA?AW4_EXCEPTION_DISPOSITION@@PAUEHExceptionRecord@@PAUTranslatorGuardRN@@PAX2@Z 1000bef0 f   LIBCMTD:trnsctrl.obj
 0001:0000c320       _doexit                    1000d320 f   LIBCMTD:crt0dat.obj
 0001:0000c5a0       __initterm                 1000d5a0 f   LIBCMTD:crt0dat.obj
 0001:0000d330       _realloc_help              1000e330 f   LIBCMTD:dbgheap.obj
 0001:0000e400       _CheckBytes                1000f400 f   LIBCMTD:dbgheap.obj
 0001:0000f3b0       ?_CrtMemDumpAllObjectsSince_stat@@YAXPBU_CrtMemState@@PAUlocaleinfo_struct@@@Z 100103b0 f   LIBCMTD:dbgheap.obj
 0001:0000f6c0       __printMemBlockData        100106c0 f   LIBCMTD:dbgheap.obj
 0001:00011100       _swprintf                  10012100 f   LIBCMTD:wassert.obj
 0001:000115e0       _flsall                    100125e0 f   LIBCMTD:fflush.obj
 0001:00011d70       ?DebuggerProbe@@YAHK@Z     10012d70 f   LIBCMTD:error.obj
 0001:00011e50       ?failwithmessage@@YAXPAXHHPBD@Z 10012e50 f   LIBCMTD:error.obj
 0001:00012090       ?DebuggerRuntime@@YAHKHPAXPB_W@Z 10013090 f   LIBCMTD:error.obj
 0001:00012390       ?_getMemBlockDataString@@YAXPAD00I@Z 10013390 f   LIBCMTD:error.obj
 0001:000126e0       _cmpBYTE                   100136e0 f   LIBCMTD:memcmp.obj
 0001:00012710       _cmpResult                 10013710 f   LIBCMTD:memcmp.obj
 0001:00012730       _unaligned_memcmp          10013730 f   LIBCMTD:memcmp.obj
 0001:00012e40       _cmpWORD                   10013e40 f   LIBCMTD:memcmp.obj
 0001:00012ec0       _cmpDWORD                  10013ec0 f   LIBCMTD:memcmp.obj
 0001:00013320       ___DllMainCRTStartup       10014320 f   LIBCMTD:dllcrt0.obj
 0001:00013620       ?FindHandler@@YAXPAUEHExceptionRecord@@PAUEHRegistrationNode@@PAU_CONTEXT@@PAXPBU_s_FuncInfo@@EH1@Z 10014620 f   LIBCMTD:frame.obj
 0001:00013b70       ?FindHandlerForForeignException@@YAXPAUEHExceptionRecord@@PAUEHRegistrationNode@@PAU_CONTEXT@@PAXPBU_s_FuncInfo@@HH1@Z 10014b70 f   LIBCMTD:frame.obj
 0001:00013f90       ?CatchIt@@YAXPAUEHExceptionRecord@@PAUEHRegistrationNode@@PAU_CONTEXT@@PAXPBU_s_FuncInfo@@PBU_s_HandlerType@@PBU_s_CatchableType@@PBU_s_TryBlockMapEntry@@H1E@Z 10014f90 f   LIBCMTD:frame.obj
 0001:00014050       ?CallCatchBlock@@YAPAXPAUEHExceptionRecord@@PAUEHRegistrationNode@@PAU_CONTEXT@@PBU_s_FuncInfo@@PAXHK@Z 10015050 f   LIBCMTD:frame.obj
 0001:000142e0       ?ExFilterRethrow@@YAHPAU_EXCEPTION_POINTERS@@@Z 100152e0 f   LIBCMTD:frame.obj
 0001:00014f20       ?IsInExceptionSpec@@YAEPAUEHExceptionRecord@@PBU_s_ESTypeList@@@Z 10015f20 f   LIBCMTD:frame.obj
 0001:00014fe0       ?CallUnexpected@@YAXPBU_s_ESTypeList@@@Z 10015fe0 f   LIBCMTD:frame.obj
 0001:0001502c       __catch$?CallUnexpected@@YAXPBU_s_ESTypeList@@@Z$0 1001602c f   LIBCMTD:frame.obj
 0001:00015070       ?Is_bad_exception_allowed@@YAEPBU_s_ESTypeList@@@Z 10016070 f   LIBCMTD:frame.obj
 0001:00015290       __use_encode_pointer       10016290 f   LIBCMTD:tidtable.obj
 0001:00016040       _fastcopy_I                10017040 f   LIBCMTD:p4_memcpy.obj
 0001:000164f0       _ctrlevent_capture@4       100174f0 f   LIBCMTD:winsig.obj
 0001:000168f0       _siglookup                 100178f0 f   LIBCMTD:winsig.obj
 0001:00016d40       _fastzero_I                10017d40 f   LIBCMTD:p4_memset.obj
 0001:00018b30       _write_char                10019b30 f   LIBCMTD:output.obj
 0001:00018bd0       _write_multi_char          10019bd0 f   LIBCMTD:output.obj
 0001:00018c10       _write_string              10019c10 f   LIBCMTD:output.obj
 0001:0001a6c0       __onexit_nolock            1001b6c0 f   LIBCMTD:onexit.obj
 0001:0001aec0       ?getSystemCP@@YAHH@Z       1001bec0 f   LIBCMTD:mbctype.obj
 0001:0001b320       ?CPtoLCID@@YAHH@Z          1001c320 f   LIBCMTD:mbctype.obj
 0001:0001b3a0       ?setSBCS@@YAXPAUthreadmbcinfostruct@@@Z 1001c3a0 f   LIBCMTD:mbctype.obj
 0001:0001b480       ?setSBUpLow@@YAXPAUthreadmbcinfostruct@@@Z 1001c480 f   LIBCMTD:mbctype.obj
 0001:0001ba20       _ValidateLocalCookies      1001ca20 f   LIBCMTD:chandler4.obj
 0001:0001bfb0       _xcptlookup                1001cfb0 f   LIBCMTD:winxfltr.obj
 0001:0001c650       ___crtInitCritSecNoSpinCount@8 1001d650 f   LIBCMTD:initcrit.obj
 0001:00020040       __updatetlocinfoEx_nolock  10021040 f   LIBCMTD:setlocal.obj
 0001:00020570       __copytlocinfo_nolock      10021570 f   LIBCMTD:setlocal.obj
 0001:00020950       _sync_legacy_variables_lk  10021950 f   LIBCMTD:setlocal.obj
 0001:000209d0       __setlocale_nolock         100219d0 f   LIBCMTD:setlocal.obj
 0001:00020dc0       __setlocale_set_cat        10021dc0 f   LIBCMTD:setlocal.obj
 0001:000212f0       __setlocale_get_all        100222f0 f   LIBCMTD:setlocal.obj
 0001:00022100       _xtow_s@20                 10023100 f   LIBCMTD:xtows.obj
 0001:00022530       @x64tow_s@24               10023530 f   LIBCMTD:xtows.obj
 0001:00025810       ?wcsncnt@@YAIPB_WI@Z       10026810 f   LIBCMTD:wcstombs.obj
 0001:0002a280       _write_char                1002b280 f   LIBCMTD:outputp.obj
 0001:0002a320       _write_multi_char          1002b320 f   LIBCMTD:outputp.obj
 0001:0002a360       _write_string              1002b360 f   LIBCMTD:outputp.obj
 0001:0002c8b4       __unwind_handler4          1002d8b4 f   LIBCMTD:exsup4.obj
 0001:0002cc50       ?GetPdbDll@@YAPAUHINSTANCE__@@XZ 1002dc50 f   LIBCMTD:pdblkup.obj
 0001:0002d0e0       _parse_cmdline             1002e0e0 f   LIBCMTD:stdargv.obj
 0001:0002dff8       __unwind_handler           1002eff8 f   LIBCMTD:exsup.obj
 0001:0002e180       _has_osfxsr_set            1002f180 f   LIBCMTD:cpu_disp.obj
 0001:00037e50       ?und_strlen@@YAIPBD@Z      10038e50 f   LIBCMTD:undname.obj
 0001:00037e90       ?und_strncpy@@YAPADPADPBDI@Z 10038e90 f   LIBCMTD:undname.obj
 0001:00037ee0       ?und_strncmp@@YAIPBD0I@Z   10038ee0 f   LIBCMTD:undname.obj
 0001:0003bbc0       _write_char                1003cbc0 f   LIBCMTD:outputs.obj
 0001:0003bc60       _write_multi_char          1003cc60 f   LIBCMTD:outputs.obj
 0001:0003bca0       _write_string              1003cca0 f   LIBCMTD:outputs.obj
 0001:0003bda0       ?__crtLCMapStringA_stat@@YAHPAUlocaleinfo_struct@@KKPBDHPADHHH@Z 1003cda0 f   LIBCMTD:a_map.obj
 0001:0003c330       ?strncnt@@YAHPBDH@Z        1003d330 f   LIBCMTD:a_map.obj
 0001:0003c3e0       ?__crtGetStringTypeA_stat@@YAHPAUlocaleinfo_struct@@KPBDHPAGHHH@Z 1003d3e0 f   LIBCMTD:a_str.obj
 0001:0003cfb0       ?__crtGetLocaleInfoW_stat@@YAHPAUlocaleinfo_struct@@KKPA_WHH@Z 1003dfb0 f   LIBCMTD:w_loc.obj
 0001:0003d180       ?__crtGetLocaleInfoA_stat@@YAHPAUlocaleinfo_struct@@KKPADHH@Z 1003e180 f   LIBCMTD:a_loc.obj
 0001:0003d480       __get_lc_time              1003e480 f   LIBCMTD:inittime.obj
 0001:0003e090       _fix_grouping              1003f090 f   LIBCMTD:initnum.obj
 0001:0003e600       _fix_grouping              1003f600 f   LIBCMTD:initmon.obj
 0001:0003fc90       ?_expandtime@@YAHPAUlocaleinfo_struct@@DPBUtm@@PAPADPAIPAU__lc_time_data@@I@Z 10040c90 f   LIBCMTD:strftime.obj
 0001:00040c50       ?_store_str@@YAXPADPAPADPAI@Z 10041c50 f   LIBCMTD:strftime.obj
 0001:00040ca0       ?_store_num@@YAXHHPAPADPAII@Z 10041ca0 f   LIBCMTD:strftime.obj
 0001:00040d50       ?_store_number@@YAXHPAPADPAI@Z 10041d50 f   LIBCMTD:strftime.obj
 0001:00040e00       ?_store_winword@@YAHPAUlocaleinfo_struct@@HPBUtm@@PAPADPAIPAU__lc_time_data@@@Z 10041e00 f   LIBCMTD:strftime.obj
 0001:00041b20       _TranslateName             10042b20 f   LIBCMTD:getqloc.obj
 0001:00041bb0       _GetLcidFromLangCountry    10042bb0 f   LIBCMTD:getqloc.obj
 0001:00041c70       _LangCountryEnumProc@4     10042c70 f   LIBCMTD:getqloc.obj
 0001:000420b0       _GetLcidFromLanguage       100430b0 f   LIBCMTD:getqloc.obj
 0001:00042130       _LanguageEnumProc@4        10043130 f   LIBCMTD:getqloc.obj
 0001:000422d0       _GetLcidFromCountry        100432d0 f   LIBCMTD:getqloc.obj
 0001:00042320       _CountryEnumProc@4         10043320 f   LIBCMTD:getqloc.obj
 0001:00042420       _GetLcidFromDefault        10043420 f   LIBCMTD:getqloc.obj
 0001:00042450       _ProcessCodePage           10043450 f   LIBCMTD:getqloc.obj
 0001:00042500       _TestDefaultCountry        10043500 f   LIBCMTD:getqloc.obj
 0001:00042550       _TestDefaultLanguage       10043550 f   LIBCMTD:getqloc.obj
 0001:000425f0       _LcidFromHexString         100435f0 f   LIBCMTD:getqloc.obj
 0001:00042670       _GetPrimaryLen             10043670 f   LIBCMTD:getqloc.obj
 0001:00043780       _write_char                10044780 f   LIBCMTD:woutput.obj
 0001:000437e0       _write_multi_char          100447e0 f   LIBCMTD:woutput.obj
 0001:00043820       _write_string              10044820 f   LIBCMTD:woutput.obj
 0001:00043d40       _xtoa_s@20                 10044d40 f   LIBCMTD:xtoas.obj
 0001:00044150       @x64toa_s@24               10045150 f   LIBCMTD:xtoas.obj
 0001:00045b10       _write_char                10046b10 f   LIBCMTD:woutputs.obj
 0001:00045b70       _write_multi_char          10046b70 f   LIBCMTD:woutputs.obj
 0001:00045bb0       _write_string              10046bb0 f   LIBCMTD:woutputs.obj
 0001:000494d0       _write_char                1004a4d0 f   LIBCMTD:woutputp.obj
 0001:00049530       _write_multi_char          1004a530 f   LIBCMTD:woutputp.obj
 0001:00049570       _write_string              1004a570 f   LIBCMTD:woutputp.obj
 0001:00049650       ?strtoxl@@YAKPAUlocaleinfo_struct@@PBDPAPBDHH@Z 1004a650 f   LIBCMTD:strtol.obj
 0001:0004add0       __tsopen_nolock            1004bdd0 f   LIBCMTD:open.obj
 0001:0004c8e0       ?x_ismbbtype_l@@YAHPAUlocaleinfo_struct@@IHH@Z 1004d8e0 f   LIBCMTD:ismbbyte.obj
 0001:0004e6c0       __tzset_nolock             1004f6c0 f   LIBCMTD:tzset.obj
 0001:0004eca0       __isindst_nolock           1004fca0 f   LIBCMTD:tzset.obj
 0001:0004efb0       _cvtdate                   1004ffb0 f   LIBCMTD:tzset.obj
 0001:00050c90       ?wcstoxl@@YAKPAUlocaleinfo_struct@@PB_WPAPB_WHH@Z 10051c90 f   LIBCMTD:wcstol.obj
 0001:00053590       ?strtoxq@@YA_KPAUlocaleinfo_struct@@PBDPAPBDHH@Z 10054590 f   LIBCMTD:strtoq.obj
 0001:00053b90       ?__crtGetStringTypeW_stat@@YAHPAUlocaleinfo_struct@@KPB_WHPAGHH@Z 10054b90 f   LIBCMTD:w_str.obj
 0001:00054140       __getenv_s_helper          10055140 f   LIBCMTD:getenv.obj
 0001:000543a0       __dupenv_s_helper          100553a0 f   LIBCMTD:getenv.obj
 0001:000556d0       ?__crtCompareStringA_stat@@YAHPAUlocaleinfo_struct@@KKPBDH1HH@Z 100566d0 f   LIBCMTD:a_cmp.obj
 0001:00055be0       ?strncnt@@YAHPBDH@Z        10056be0 f   LIBCMTD:a_cmp.obj
 0001:000563a0       _findenv                   100573a0 f   LIBCMTD:setenv.obj
 0001:00056420       _copy_environ              10057420 f   LIBCMTD:setenv.obj
 0001:000569b0       __ehhandler$_InitALCrypto@12 100579b0 f   alcrypto3.obj
 0001:000569cb       __ehhandler$_rsa_get_public_blob@12 100579cb f   alcrypto3.obj
 0001:000569e6       __ehhandler$_rsa_generate@16 100579e6 f   alcrypto3.obj
 0001:00056a01       __ehhandler$_rsa_generate2@8 10057a01 f   alcrypto3.obj
 0001:00056a1c       __ehhandler$_rsa_encrypt@16 10057a1c f   alcrypto3.obj
 0001:00056a37       __ehhandler$_rsa_decrypt@16 10057a37 f   alcrypto3.obj
 0001:00056a52       __ehhandler$_rsa_public_key_blob@12 10057a52 f   alcrypto3.obj
 0001:00056a6d       __ehhandler$_rsa_private_key_blob@12 10057a6d f   alcrypto3.obj
 0001:00056a88       __ehhandler$_rsa_createkey@20 10057a88 f   alcrypto3.obj
 0001:00056aa3       __ehhandler$_rsa_sign@20   10057aa3 f   alcrypto3.obj
 0001:00056abe       __ehhandler$_rsa_verifysig@20 10057abe f   alcrypto3.obj
 0001:00056ad9       __ehhandler$_rsa_freekey@4 10057ad9 f   alcrypto3.obj
 0001:00056af4       __ehhandler$_md5_hash@12   10057af4 f   alcrypto3.obj
 0001:00056b0f       __ehhandler$_getHardDriveFirmware@4 10057b0f f   alcrypto3.obj
 0001:00056b2a       __ehhandler$_GetWindowsVersion@0 10057b2a f   alcrypto3.obj
 0001:00056b50       __ehhandler$?CallUnexpected@@YAXPBU_s_ESTypeList@@@Z 10057b50 f   LIBCMTD:frame.obj
 0001:00056b70       __unwindfunclet$?getSystemCP@@YAHH@Z$0 10057b70 f   LIBCMTD:mbctype.obj
 0001:00056b78       __ehhandler$?getSystemCP@@YAHH@Z 10057b78 f   LIBCMTD:mbctype.obj
 0001:00056ba0       __unwindfunclet$?strtoxl@@YAKPAUlocaleinfo_struct@@PBDPAPBDHH@Z$0 10057ba0 f   LIBCMTD:strtol.obj
 0001:00056ba8       __ehhandler$?strtoxl@@YAKPAUlocaleinfo_struct@@PBDPAPBDHH@Z 10057ba8 f   LIBCMTD:strtol.obj
 0001:00056bd0       __unwindfunclet$?x_ismbbtype_l@@YAHPAUlocaleinfo_struct@@IHH@Z$0 10057bd0 f   LIBCMTD:ismbbyte.obj
 0001:00056bd8       __ehhandler$?x_ismbbtype_l@@YAHPAUlocaleinfo_struct@@IHH@Z 10057bd8 f   LIBCMTD:ismbbyte.obj
 0001:00056c00       __unwindfunclet$?wcstoxl@@YAKPAUlocaleinfo_struct@@PB_WPAPB_WHH@Z$0 10057c00 f   LIBCMTD:wcstol.obj
 0001:00056c08       __ehhandler$?wcstoxl@@YAKPAUlocaleinfo_struct@@PB_WPAPB_WHH@Z 10057c08 f   LIBCMTD:wcstol.obj
 0001:00056c30       __unwindfunclet$?strtoxq@@YA_KPAUlocaleinfo_struct@@PBDPAPBDHH@Z$0 10057c30 f   LIBCMTD:strtoq.obj
 0001:00056c38       __ehhandler$?strtoxq@@YA_KPAUlocaleinfo_struct@@PBDPAPBDHH@Z 10057c38 f   LIBCMTD:strtoq.obj
